Detected platform: cuda
running build_ext
building 'torch_memory_saver_hook_mode_preload_cu13' extension
aarch64-linux-gnu-g++ -fno-strict-overflow -Wsign-compare -DNDEBUG -g -O2 -Wall -fPIC -DPy_LIMITED_API=0x03090000 -DUSE_CUDA=1 -DTMS_HOOK_MODE_PRELOAD=1 -I/usr/local/cuda-13.2/targets/sbsa-linux/include -I/home/jwipc/0z5a/work/loopcd-thor-20261003/venv/include -I/usr/include/python3.12 -c csrc/api_forwarder.cpp -o /home/jwipc/0z5a/work/nanbeige-pr463-e2e-20261006/cache/tms-cpu-build/csrc/api_forwarder.o -std=c++17 -O3
In file included from csrc/api_forwarder.cpp:3:
csrc/utils.h:167:21: warning: ‘CUdevice CUDAUtils::cu_device_get(int)’ defined but not used [-Wunused-function]
  167 |     static CUdevice cu_device_get(int device_ordinal) {
      |                     ^~~~~~~~~~~~~
csrc/utils.h:161:21: warning: ‘CUdevice CUDAUtils::cu_ctx_get_device()’ defined but not used [-Wunused-function]
  161 |     static CUdevice cu_ctx_get_device() {
      |                     ^~~~~~~~~~~~~~~~~
csrc/utils.h:153:17: warning: ‘void CUDAUtils::cu_mem_set_access(void*, size_t, CUdevice)’ defined but not used [-Wunused-function]
  153 |     static void cu_mem_set_access(void *ptr, size_t allocation_size, CUdevice device) {
      |                 ^~~~~~~~~~~~~~~~~
csrc/utils.h:140:24: warning: ‘cudaError_t CUDAUtils::cu_mem_create(CUmemGenericAllocationHandle*, size_t, CUdevice)’ defined but not used [-Wunused-function]
  140 |     static cudaError_t cu_mem_create(CUmemGenericAllocationHandle *alloc_handle, size_t allocation_size, CUdevice device) {
      |                        ^~~~~~~~~~~~~
csrc/utils.h:128:19: warning: ‘size_t CUDAUtils::cu_mem_get_allocation_size(size_t, CUdevice)’ defined but not used [-Wunused-function]
  128 |     static size_t cu_mem_get_allocation_size(size_t raw_size, CUdevice device) {
      |                   ^~~~~~~~~~~~~~~~~~~~~~~~~~
aarch64-linux-gnu-g++ -fno-strict-overflow -Wsign-compare -DNDEBUG -g -O2 -Wall -fPIC -DPy_LIMITED_API=0x03090000 -DUSE_CUDA=1 -DTMS_HOOK_MODE_PRELOAD=1 -I/usr/local/cuda-13.2/targets/sbsa-linux/include -I/home/jwipc/0z5a/work/loopcd-thor-20261003/venv/include -I/usr/include/python3.12 -c csrc/core.cpp -o /home/jwipc/0z5a/work/nanbeige-pr463-e2e-20261006/cache/tms-cpu-build/csrc/core.o -std=c++17 -O3
In file included from csrc/core.h:11,
                 from csrc/core.cpp:1:
csrc/utils.h:167:21: warning: ‘CUdevice CUDAUtils::cu_device_get(int)’ defined but not used [-Wunused-function]
  167 |     static CUdevice cu_device_get(int device_ordinal) {
      |                     ^~~~~~~~~~~~~
csrc/utils.h:161:21: warning: ‘CUdevice CUDAUtils::cu_ctx_get_device()’ defined but not used [-Wunused-function]
  161 |     static CUdevice cu_ctx_get_device() {
      |                     ^~~~~~~~~~~~~~~~~
aarch64-linux-gnu-g++ -fno-strict-overflow -Wsign-compare -DNDEBUG -g -O2 -Wall -fPIC -DPy_LIMITED_API=0x03090000 -DUSE_CUDA=1 -DTMS_HOOK_MODE_PRELOAD=1 -I/usr/local/cuda-13.2/targets/sbsa-linux/include -I/home/jwipc/0z5a/work/loopcd-thor-20261003/venv/include -I/usr/include/python3.12 -c csrc/disk_backend.cpp -o /home/jwipc/0z5a/work/nanbeige-pr463-e2e-20261006/cache/tms-cpu-build/csrc/disk_backend.o -std=c++17 -O3
In file included from csrc/disk_backend.cpp:3:
csrc/utils.h:167:21: warning: ‘CUdevice CUDAUtils::cu_device_get(int)’ defined but not used [-Wunused-function]
  167 |     static CUdevice cu_device_get(int device_ordinal) {
      |                     ^~~~~~~~~~~~~
csrc/utils.h:161:21: warning: ‘CUdevice CUDAUtils::cu_ctx_get_device()’ defined but not used [-Wunused-function]
  161 |     static CUdevice cu_ctx_get_device() {
      |                     ^~~~~~~~~~~~~~~~~
csrc/utils.h:153:17: warning: ‘void CUDAUtils::cu_mem_set_access(void*, size_t, CUdevice)’ defined but not used [-Wunused-function]
  153 |     static void cu_mem_set_access(void *ptr, size_t allocation_size, CUdevice device) {
      |                 ^~~~~~~~~~~~~~~~~
csrc/utils.h:140:24: warning: ‘cudaError_t CUDAUtils::cu_mem_create(CUmemGenericAllocationHandle*, size_t, CUdevice)’ defined but not used [-Wunused-function]
  140 |     static cudaError_t cu_mem_create(CUmemGenericAllocationHandle *alloc_handle, size_t allocation_size, CUdevice device) {
      |                        ^~~~~~~~~~~~~
csrc/utils.h:128:19: warning: ‘size_t CUDAUtils::cu_mem_get_allocation_size(size_t, CUdevice)’ defined but not used [-Wunused-function]
  128 |     static size_t cu_mem_get_allocation_size(size_t raw_size, CUdevice device) {
      |                   ^~~~~~~~~~~~~~~~~~~~~~~~~~
aarch64-linux-gnu-g++ -fno-strict-overflow -Wsign-compare -DNDEBUG -g -O2 -Wall -fPIC -DPy_LIMITED_API=0x03090000 -DUSE_CUDA=1 -DTMS_HOOK_MODE_PRELOAD=1 -I/usr/local/cuda-13.2/targets/sbsa-linux/include -I/home/jwipc/0z5a/work/loopcd-thor-20261003/venv/include -I/usr/include/python3.12 -c csrc/entrypoint.cpp -o /home/jwipc/0z5a/work/nanbeige-pr463-e2e-20261006/cache/tms-cpu-build/csrc/entrypoint.o -std=c++17 -O3
In file included from csrc/entrypoint.cpp:1:
csrc/utils.h:167:21: warning: ‘CUdevice CUDAUtils::cu_device_get(int)’ defined but not used [-Wunused-function]
  167 |     static CUdevice cu_device_get(int device_ordinal) {
      |                     ^~~~~~~~~~~~~
csrc/utils.h:153:17: warning: ‘void CUDAUtils::cu_mem_set_access(void*, size_t, CUdevice)’ defined but not used [-Wunused-function]
  153 |     static void cu_mem_set_access(void *ptr, size_t allocation_size, CUdevice device) {
      |                 ^~~~~~~~~~~~~~~~~
csrc/utils.h:140:24: warning: ‘cudaError_t CUDAUtils::cu_mem_create(CUmemGenericAllocationHandle*, size_t, CUdevice)’ defined but not used [-Wunused-function]
  140 |     static cudaError_t cu_mem_create(CUmemGenericAllocationHandle *alloc_handle, size_t allocation_size, CUdevice device) {
      |                        ^~~~~~~~~~~~~
csrc/utils.h:128:19: warning: ‘size_t CUDAUtils::cu_mem_get_allocation_size(size_t, CUdevice)’ defined but not used [-Wunused-function]
  128 |     static size_t cu_mem_get_allocation_size(size_t raw_size, CUdevice device) {
      |                   ^~~~~~~~~~~~~~~~~~~~~~~~~~
aarch64-linux-gnu-g++ -fno-strict-overflow -Wsign-compare -DNDEBUG -g -O2 -Wall -shared -Wl,-O1 -Wl,-Bsymbolic-functions /home/jwipc/0z5a/work/nanbeige-pr463-e2e-20261006/cache/tms-cpu-build/csrc/api_forwarder.o /home/jwipc/0z5a/work/nanbeige-pr463-e2e-20261006/cache/tms-cpu-build/csrc/core.o /home/jwipc/0z5a/work/nanbeige-pr463-e2e-20261006/cache/tms-cpu-build/csrc/disk_backend.o /home/jwipc/0z5a/work/nanbeige-pr463-e2e-20261006/cache/tms-cpu-build/csrc/entrypoint.o -L/usr/local/cuda-13.2/targets/sbsa-linux/lib -L/usr/local/cuda-13.2/targets/sbsa-linux/lib/stubs -L/usr/lib/aarch64-linux-gnu -lcuda -lcudart -o /home/jwipc/0z5a/work/nanbeige-pr463-e2e-20261006/deps/tms-native-8d30c59-cu13-aarch64/torch_memory_saver_hook_mode_preload_cu13.abi3.so
building 'torch_memory_saver_hook_mode_torch_cu13' extension
aarch64-linux-gnu-g++ -fno-strict-overflow -Wsign-compare -DNDEBUG -g -O2 -Wall -fPIC -DPy_LIMITED_API=0x03090000 -DUSE_CUDA=1 -DTMS_HOOK_MODE_TORCH=1 -I/usr/local/cuda-13.2/targets/sbsa-linux/include -I/home/jwipc/0z5a/work/loopcd-thor-20261003/venv/include -I/usr/include/python3.12 -c csrc/api_forwarder.cpp -o /home/jwipc/0z5a/work/nanbeige-pr463-e2e-20261006/cache/tms-cpu-build/csrc/api_forwarder.o -std=c++17 -O3
In file included from csrc/api_forwarder.cpp:3:
csrc/utils.h:167:21: warning: ‘CUdevice CUDAUtils::cu_device_get(int)’ defined but not used [-Wunused-function]
  167 |     static CUdevice cu_device_get(int device_ordinal) {
      |                     ^~~~~~~~~~~~~
csrc/utils.h:161:21: warning: ‘CUdevice CUDAUtils::cu_ctx_get_device()’ defined but not used [-Wunused-function]
  161 |     static CUdevice cu_ctx_get_device() {
      |                     ^~~~~~~~~~~~~~~~~
csrc/utils.h:153:17: warning: ‘void CUDAUtils::cu_mem_set_access(void*, size_t, CUdevice)’ defined but not used [-Wunused-function]
  153 |     static void cu_mem_set_access(void *ptr, size_t allocation_size, CUdevice device) {
      |                 ^~~~~~~~~~~~~~~~~
csrc/utils.h:140:24: warning: ‘cudaError_t CUDAUtils::cu_mem_create(CUmemGenericAllocationHandle*, size_t, CUdevice)’ defined but not used [-Wunused-function]
  140 |     static cudaError_t cu_mem_create(CUmemGenericAllocationHandle *alloc_handle, size_t allocation_size, CUdevice device) {
      |                        ^~~~~~~~~~~~~
csrc/utils.h:128:19: warning: ‘size_t CUDAUtils::cu_mem_get_allocation_size(size_t, CUdevice)’ defined but not used [-Wunused-function]
  128 |     static size_t cu_mem_get_allocation_size(size_t raw_size, CUdevice device) {
      |                   ^~~~~~~~~~~~~~~~~~~~~~~~~~
aarch64-linux-gnu-g++ -fno-strict-overflow -Wsign-compare -DNDEBUG -g -O2 -Wall -fPIC -DPy_LIMITED_API=0x03090000 -DUSE_CUDA=1 -DTMS_HOOK_MODE_TORCH=1 -I/usr/local/cuda-13.2/targets/sbsa-linux/include -I/home/jwipc/0z5a/work/loopcd-thor-20261003/venv/include -I/usr/include/python3.12 -c csrc/core.cpp -o /home/jwipc/0z5a/work/nanbeige-pr463-e2e-20261006/cache/tms-cpu-build/csrc/core.o -std=c++17 -O3
In file included from csrc/core.h:11,
                 from csrc/core.cpp:1:
csrc/utils.h:167:21: warning: ‘CUdevice CUDAUtils::cu_device_get(int)’ defined but not used [-Wunused-function]
  167 |     static CUdevice cu_device_get(int device_ordinal) {
      |                     ^~~~~~~~~~~~~
csrc/utils.h:161:21: warning: ‘CUdevice CUDAUtils::cu_ctx_get_device()’ defined but not used [-Wunused-function]
  161 |     static CUdevice cu_ctx_get_device() {
      |                     ^~~~~~~~~~~~~~~~~
aarch64-linux-gnu-g++ -fno-strict-overflow -Wsign-compare -DNDEBUG -g -O2 -Wall -fPIC -DPy_LIMITED_API=0x03090000 -DUSE_CUDA=1 -DTMS_HOOK_MODE_TORCH=1 -I/usr/local/cuda-13.2/targets/sbsa-linux/include -I/home/jwipc/0z5a/work/loopcd-thor-20261003/venv/include -I/usr/include/python3.12 -c csrc/disk_backend.cpp -o /home/jwipc/0z5a/work/nanbeige-pr463-e2e-20261006/cache/tms-cpu-build/csrc/disk_backend.o -std=c++17 -O3
In file included from csrc/disk_backend.cpp:3:
csrc/utils.h:167:21: warning: ‘CUdevice CUDAUtils::cu_device_get(int)’ defined but not used [-Wunused-function]
  167 |     static CUdevice cu_device_get(int device_ordinal) {
      |                     ^~~~~~~~~~~~~
csrc/utils.h:161:21: warning: ‘CUdevice CUDAUtils::cu_ctx_get_device()’ defined but not used [-Wunused-function]
  161 |     static CUdevice cu_ctx_get_device() {
      |                     ^~~~~~~~~~~~~~~~~
csrc/utils.h:153:17: warning: ‘void CUDAUtils::cu_mem_set_access(void*, size_t, CUdevice)’ defined but not used [-Wunused-function]
  153 |     static void cu_mem_set_access(void *ptr, size_t allocation_size, CUdevice device) {
      |                 ^~~~~~~~~~~~~~~~~
csrc/utils.h:140:24: warning: ‘cudaError_t CUDAUtils::cu_mem_create(CUmemGenericAllocationHandle*, size_t, CUdevice)’ defined but not used [-Wunused-function]
  140 |     static cudaError_t cu_mem_create(CUmemGenericAllocationHandle *alloc_handle, size_t allocation_size, CUdevice device) {
      |                        ^~~~~~~~~~~~~
csrc/utils.h:128:19: warning: ‘size_t CUDAUtils::cu_mem_get_allocation_size(size_t, CUdevice)’ defined but not used [-Wunused-function]
  128 |     static size_t cu_mem_get_allocation_size(size_t raw_size, CUdevice device) {
      |                   ^~~~~~~~~~~~~~~~~~~~~~~~~~
aarch64-linux-gnu-g++ -fno-strict-overflow -Wsign-compare -DNDEBUG -g -O2 -Wall -fPIC -DPy_LIMITED_API=0x03090000 -DUSE_CUDA=1 -DTMS_HOOK_MODE_TORCH=1 -I/usr/local/cuda-13.2/targets/sbsa-linux/include -I/home/jwipc/0z5a/work/loopcd-thor-20261003/venv/include -I/usr/include/python3.12 -c csrc/entrypoint.cpp -o /home/jwipc/0z5a/work/nanbeige-pr463-e2e-20261006/cache/tms-cpu-build/csrc/entrypoint.o -std=c++17 -O3
In file included from csrc/entrypoint.cpp:1:
csrc/utils.h:161:21: warning: ‘CUdevice CUDAUtils::cu_ctx_get_device()’ defined but not used [-Wunused-function]
  161 |     static CUdevice cu_ctx_get_device() {
      |                     ^~~~~~~~~~~~~~~~~
csrc/utils.h:153:17: warning: ‘void CUDAUtils::cu_mem_set_access(void*, size_t, CUdevice)’ defined but not used [-Wunused-function]
  153 |     static void cu_mem_set_access(void *ptr, size_t allocation_size, CUdevice device) {
      |                 ^~~~~~~~~~~~~~~~~
csrc/utils.h:140:24: warning: ‘cudaError_t CUDAUtils::cu_mem_create(CUmemGenericAllocationHandle*, size_t, CUdevice)’ defined but not used [-Wunused-function]
  140 |     static cudaError_t cu_mem_create(CUmemGenericAllocationHandle *alloc_handle, size_t allocation_size, CUdevice device) {
      |                        ^~~~~~~~~~~~~
csrc/utils.h:128:19: warning: ‘size_t CUDAUtils::cu_mem_get_allocation_size(size_t, CUdevice)’ defined but not used [-Wunused-function]
  128 |     static size_t cu_mem_get_allocation_size(size_t raw_size, CUdevice device) {
      |                   ^~~~~~~~~~~~~~~~~~~~~~~~~~
aarch64-linux-gnu-g++ -fno-strict-overflow -Wsign-compare -DNDEBUG -g -O2 -Wall -shared -Wl,-O1 -Wl,-Bsymbolic-functions /home/jwipc/0z5a/work/nanbeige-pr463-e2e-20261006/cache/tms-cpu-build/csrc/api_forwarder.o /home/jwipc/0z5a/work/nanbeige-pr463-e2e-20261006/cache/tms-cpu-build/csrc/core.o /home/jwipc/0z5a/work/nanbeige-pr463-e2e-20261006/cache/tms-cpu-build/csrc/disk_backend.o /home/jwipc/0z5a/work/nanbeige-pr463-e2e-20261006/cache/tms-cpu-build/csrc/entrypoint.o -L/usr/local/cuda-13.2/targets/sbsa-linux/lib -L/usr/local/cuda-13.2/targets/sbsa-linux/lib/stubs -L/usr/lib/aarch64-linux-gnu -lcuda -lcudart -o /home/jwipc/0z5a/work/nanbeige-pr463-e2e-20261006/deps/tms-native-8d30c59-cu13-aarch64/torch_memory_saver_hook_mode_torch_cu13.abi3.so
