torch=2.13.0 /Users/0z5a/Documents/infra/looped-grpo-integration-20261003/.venv/lib/python3.12/site-packages/torch/__init__.py
setuptools=84.0.0 /Users/0z5a/Documents/infra/looped-grpo-integration-20261003/.venv/lib/python3.12/site-packages/setuptools/__init__.py
W1005 09:31:04.152000 97832 torch/distributed/elastic/multiprocessing/redirects.py:35] NOTE: Redirects are currently not supported in MacOs.
/Users/0z5a/Documents/infra/looped-grpo-integration-20261003/runtime/megatron/megatron/core/distributed/fsdp/src/megatron_fsdp/mixed_precision.py:113: UserWarning: Transformer Engine and Apex are not installed. Falling back to local implementations of multi_tensor_applier and multi_tensor_scale
  warnings.warn(
/Users/0z5a/Documents/infra/looped-grpo-integration-20261003/runtime/megatron/megatron/core/optimizer/__init__.py:24: UserWarning: Transformer Engine and Apex are not installed. Falling back to Torch optimizers.
  warnings.warn(
/Users/0z5a/Documents/infra/looped-grpo-integration-20261003/runtime/megatron/megatron/core/optimizer/optimizer.py:28: UserWarning: Transformer Engine and Apex are not installed. Falling back to local implementations of multi_tensor_applier and multi_tensor_scale
  warnings.warn(
/Users/0z5a/Documents/infra/looped-grpo-integration-20261003/runtime/megatron/megatron/core/optimizer/clip_grads.py:29: UserWarning: Transformer Engine and Apex are not installed. Falling back to local implementations of multi_tensor_applier, multi_tensor_l2norm, and multi_tensor_scale
  warnings.warn(
WARNING:root:deep_ep is not installed, some functionalities may be limited.
/Users/0z5a/Documents/infra/looped-grpo-integration-20261003/runtime/megatron/megatron/core/transformer/transformer_config.py:1734: UserWarning: full scope is deprecated. Use empty cuda_graph_scope to capture the whole layer.
  warnings.warn(
PASS seed31 order0 parent ouro P4 D16 G1
PASS seed31 order0 parent ouro P4 D16 G32
PASS seed31 order0 parent ouro P24 D4 G32
PASS seed31 order0 parent ouro P256 D8 G32
PASS seed31 order0 parent nanbeige P4 D16 G1
PASS seed31 order0 parent nanbeige P4 D16 G32
PASS seed31 order0 parent nanbeige P24 D4 G32
PASS seed31 order0 parent nanbeige P256 D8 G32
PASS seed31 order0 parent huginn P4 D16 G1
PASS seed31 order0 parent huginn P4 D16 G32
PASS seed31 order0 parent huginn P24 D4 G32
/Users/0z5a/Documents/infra/flashrlt-20261005/bench/resident_pytest.py:62
<frozen runpy>:287
<frozen runpy>:98
<frozen runpy>:88
/Users/0z5a/Documents/infra/flashrlt-20261005/vime/benchmarks/bench_packed_prefix_clean.py:150
/Users/0z5a/Documents/infra/flashrlt-20261005/vime/benchmarks/bench_packed_prefix_clean.py:53
/Users/0z5a/Documents/infra/looped-grpo-integration-20261003/.venv/lib/python3.12/site-packages/torch/nn/modules/module.py:1778
/Users/0z5a/Documents/infra/looped-grpo-integration-20261003/.venv/lib/python3.12/site-packages/torch/nn/modules/module.py:1789
/Users/0z5a/Documents/infra/flashrlt-20261005/vime-parent-w07/vime_plugins/huginn/model.py:237
/Users/0z5a/Documents/infra/flashrlt-20261005/vime-parent-w07/vime_plugins/looped/response.py:115
/Users/0z5a/Documents/infra/flashrlt-20261005/vime-parent-w07/vime_plugins/looped/response.py:151
/Users/0z5a/Documents/infra/flashrlt-20261005/vime-parent-w07/vime_plugins/huginn/model.py:155
IndexError: index 32 is out of bounds for dimension 0 with size 32
