torch=2.13.0 /Users/0z5a/Documents/infra/looped-grpo-integration-20261003/.venv/lib/python3.12/site-packages/torch/__init__.py
setuptools=84.0.0 /Users/0z5a/Documents/infra/looped-grpo-integration-20261003/.venv/lib/python3.12/site-packages/setuptools/__init__.py
============================= test session starts ==============================
platform darwin -- Python 3.12.14, pytest-9.1.1, pluggy-1.6.0
rootdir: /Users/0z5a/Documents/infra/flashrlt-20261005/vime
configfile: pyproject.toml
plugins: platformdirs-4.12.2, anyio-4.15.1
collected 136 items

tests/test_native_learning_signal_audit.py ........                      [  5%]
tests/test_native_qualification_recipe.py .......                        [ 11%]
tests/test_looped_grpo_recipe.py ....................................... [ 39%]
........................................................................ [ 92%]
..........                                                               [100%]

- generated xml file: /Users/0z5a/Documents/infra/flashrlt-20261005/evidence/native-qualification-final.xml -
============================== slowest durations ===============================
0.26s call     tests/test_native_learning_signal_audit.py::test_signal_gate_never_claims_optimizer_resume_or_convergence[grpo]
0.11s call     tests/test_native_learning_signal_audit.py::test_rejects_mismatched_evidence[prefix]
0.06s call     tests/test_native_learning_signal_audit.py::test_nonzero_gradient_and_new_versions_alone_do_not_pass
0.06s call     tests/test_native_learning_signal_audit.py::test_signal_gate_never_claims_optimizer_resume_or_convergence[rltt]
0.05s call     tests/test_native_learning_signal_audit.py::test_rejects_mismatched_evidence[gradient]
0.05s call     tests/test_native_learning_signal_audit.py::test_rejects_mismatched_evidence[reference]
0.04s call     tests/test_native_learning_signal_audit.py::test_rejects_mismatched_evidence[index]
0.03s call     tests/test_native_learning_signal_audit.py::test_rejects_mismatched_evidence[reward]
0.01s setup    tests/test_native_qualification_recipe.py::test_actual_recipe_receives_optimizer_data_eval_and_resume[continuous-grpo]
0.01s call     tests/test_looped_grpo_recipe.py::test_recipe_roles_groups_precision_and_resume[True-None-grpo-False-ouro]
0.01s call     tests/test_native_qualification_recipe.py::test_actual_recipe_receives_optimizer_data_eval_and_resume[resume-rltt]
0.01s call     tests/test_looped_grpo_recipe.py::test_recipe_roles_groups_precision_and_resume[False-None-flow-dppo-False-ouro]
0.01s call     tests/test_looped_grpo_recipe.py::test_recipe_roles_groups_precision_and_resume[True-3-rltt-True-huginn_raven]
0.01s call     tests/test_looped_grpo_recipe.py::test_recipe_roles_groups_precision_and_resume[False-None-dppo-False-huginn_raven]
0.01s call     tests/test_looped_grpo_recipe.py::test_recipe_roles_groups_precision_and_resume[True-3-ppo-True-huginn_raven]
0.01s call     tests/test_looped_grpo_recipe.py::test_recipe_roles_groups_precision_and_resume[False-3-rltt-True-nanbeige]
0.01s call     tests/test_looped_grpo_recipe.py::test_recipe_roles_groups_precision_and_resume[False-None-dppo-True-ouro]
0.01s call     tests/test_looped_grpo_recipe.py::test_grpo_rejects_single_completion_before_starting_ray
0.01s call     tests/test_native_qualification_recipe.py::test_actual_recipe_receives_optimizer_data_eval_and_resume[resume-grpo]
0.01s call     tests/test_looped_grpo_recipe.py::test_recipe_roles_groups_precision_and_resume[False-3-ppo-False-ouro]
0.01s call     tests/test_looped_grpo_recipe.py::test_recipe_roles_groups_precision_and_resume[True-3-grpo-True-huginn_raven]
0.01s call     tests/test_native_qualification_recipe.py::test_actual_recipe_receives_optimizer_data_eval_and_resume[continuous-grpo]
0.01s call     tests/test_looped_grpo_recipe.py::test_recipe_roles_groups_precision_and_resume[True-None-ppo-False-ouro]
0.01s call     tests/test_looped_grpo_recipe.py::test_recipe_roles_groups_precision_and_resume[False-None-flow-dppo-True-nanbeige]
0.01s call     tests/test_looped_grpo_recipe.py::test_recipe_roles_groups_precision_and_resume[True-3-rltt-True-nanbeige]
0.01s call     tests/test_looped_grpo_recipe.py::test_recipe_roles_groups_precision_and_resume[True-None-rltt-True-ouro]
0.01s call     tests/test_looped_grpo_recipe.py::test_recipe_roles_groups_precision_and_resume[True-3-grpo-False-huginn_raven]
0.01s call     tests/test_looped_grpo_recipe.py::test_recipe_roles_groups_precision_and_resume[True-3-flow-dppo-False-ouro]
0.01s call     tests/test_looped_grpo_recipe.py::test_recipe_roles_groups_precision_and_resume[False-3-grpo-True-huginn_raven]
0.01s call     tests/test_looped_grpo_recipe.py::test_recipe_roles_groups_precision_and_resume[True-3-dppo-True-ouro]

(378 durations < 0.005s hidden.  Use -vv to show these durations.)
============================= 136 passed in 2.16s ==============================
