============================= test session starts ==============================
platform linux -- Python 3.12.3, pytest-9.1.1, pluggy-1.6.0
rootdir: /workspace/0z5a/work/nanbeige-pr463-e2e-20261006/source
configfile: pyproject.toml
collected 101 items

tests/test_looped_grpo_recipe.py .................                       [ 16%]
tests/plugins/test_looped_algorithms.py ....                             [ 20%]
tests/plugins/test_looped_grpo.py ..                                     [ 22%]
tests/plugins/test_looped_dppo.py .                                      [ 23%]
tests/plugins/test_flow_dppo.py .....                                    [ 28%]
tests/plugins/test_nanbeige_ppo_provider.py ..                           [ 30%]
tests/test_hf_to_megatron.py ........................                    [ 54%]
tests/test_draft_feature_contract.py ..............................      [ 84%]
tests/test_draft_feature_collector.py ................                   [100%]

=============================== warnings summary ===============================
../deps/Megatron-LM-1dcf0dafa884ad52ffb243625717a3471643e087/megatron/core/distributed/fsdp/src/megatron_fsdp/mixed_precision.py:113
  /workspace/0z5a/work/nanbeige-pr463-e2e-20261006/deps/Megatron-LM-1dcf0dafa884ad52ffb243625717a3471643e087/megatron/core/distributed/fsdp/src/megatron_fsdp/mixed_precision.py:113: UserWarning: Transformer Engine and Apex are not installed. Falling back to local implementations of multi_tensor_applier and multi_tensor_scale
    warnings.warn(

../deps/Megatron-LM-1dcf0dafa884ad52ffb243625717a3471643e087/megatron/core/inference/contexts/__init__.py:9
  /workspace/0z5a/work/nanbeige-pr463-e2e-20261006/deps/Megatron-LM-1dcf0dafa884ad52ffb243625717a3471643e087/megatron/core/inference/contexts/__init__.py:9: DeprecationWarning: The following imports from `dynamic_context.py` will be removed in this file in `megatron-core` 0.14. The imports here result in a cyclic import issue that causes rotary embeddings to import from Apex rather than Transformer Engine.
    warnings.warn(

../deps/Megatron-LM-1dcf0dafa884ad52ffb243625717a3471643e087/megatron/core/optimizer/__init__.py:24
  /workspace/0z5a/work/nanbeige-pr463-e2e-20261006/deps/Megatron-LM-1dcf0dafa884ad52ffb243625717a3471643e087/megatron/core/optimizer/__init__.py:24: UserWarning: Transformer Engine and Apex are not installed. Falling back to Torch optimizers.
    warnings.warn(

../deps/Megatron-LM-1dcf0dafa884ad52ffb243625717a3471643e087/megatron/core/optimizer/optimizer.py:28
  /workspace/0z5a/work/nanbeige-pr463-e2e-20261006/deps/Megatron-LM-1dcf0dafa884ad52ffb243625717a3471643e087/megatron/core/optimizer/optimizer.py:28: UserWarning: Transformer Engine and Apex are not installed. Falling back to local implementations of multi_tensor_applier and multi_tensor_scale
    warnings.warn(

../deps/Megatron-LM-1dcf0dafa884ad52ffb243625717a3471643e087/megatron/core/optimizer/clip_grads.py:29
  /workspace/0z5a/work/nanbeige-pr463-e2e-20261006/deps/Megatron-LM-1dcf0dafa884ad52ffb243625717a3471643e087/megatron/core/optimizer/clip_grads.py:29: UserWarning: Transformer Engine and Apex are not installed. Falling back to local implementations of multi_tensor_applier, multi_tensor_l2norm, and multi_tensor_scale
    warnings.warn(

tests/plugins/test_looped_algorithms.py::test_three_updates_and_fresh_resume[ppo-nanbeige]
tests/plugins/test_looped_algorithms.py::test_three_updates_and_fresh_resume[grpo-nanbeige]
tests/plugins/test_looped_algorithms.py::test_three_updates_and_fresh_resume[dppo-nanbeige]
tests/plugins/test_looped_algorithms.py::test_three_updates_and_fresh_resume[flow-dppo-nanbeige]
  tests/plugins/test_looped_algorithms.py:100: PytestWarning: record_property is incompatible with junit_family 'xunit2' (use 'legacy' or 'xunit1')
    @pytest.mark.parametrize("family", ["nanbeige"])

tests/plugins/test_looped_algorithms.py::test_three_updates_and_fresh_resume[ppo-nanbeige]
tests/plugins/test_looped_algorithms.py::test_three_updates_and_fresh_resume[grpo-nanbeige]
tests/plugins/test_looped_algorithms.py::test_three_updates_and_fresh_resume[dppo-nanbeige]
tests/plugins/test_looped_algorithms.py::test_three_updates_and_fresh_resume[flow-dppo-nanbeige]
tests/plugins/test_looped_grpo.py::test_grouped_signal_packed_replay_publication_and_cpu_restore[False-nanbeige]
tests/plugins/test_looped_grpo.py::test_grouped_signal_packed_replay_publication_and_cpu_restore[True-nanbeige]
tests/plugins/test_nanbeige_ppo_provider.py::test_two_loop_logits_values_and_gradients[False]
tests/plugins/test_nanbeige_ppo_provider.py::test_two_loop_logits_values_and_gradients[True]
  /workspace/0z5a/work/nanbeige-pr463-e2e-20261006/deps/Megatron-LM-1dcf0dafa884ad52ffb243625717a3471643e087/megatron/core/transformer/transformer_config.py:1734: UserWarning: full scope is deprecated. Use empty cuda_graph_scope to capture the whole layer.
    warnings.warn(

tests/plugins/test_looped_algorithms.py::test_three_updates_and_fresh_resume[ppo-nanbeige]
  /workspace/0z5a/work/nanbeige-pr463-e2e-20261006/deps/Megatron-LM-1dcf0dafa884ad52ffb243625717a3471643e087/megatron/core/models/backends.py:21: UserWarning: Apex is not installed. Falling back to Torch Norm
    warnings.warn("Apex is not installed. Falling back to Torch Norm")

tests/plugins/test_looped_algorithms.py::test_three_updates_and_fresh_resume[ppo-nanbeige]
  /workspace/0z5a/work/nanbeige-pr463-e2e-20261006/deps/Megatron-LM-1dcf0dafa884ad52ffb243625717a3471643e087/megatron/core/transformer/multi_latent_attention.py:36: DeprecationWarning: The 'megatron.core.transformer.custom_layers.transformer_engine' 
      module is deprecated and will be removed in 0.10.0. Please use 
      'megatron.core.extensions.transformer_engine' instead.
    from megatron.core.transformer.custom_layers.transformer_engine import (

tests/plugins/test_looped_algorithms.py::test_three_updates_and_fresh_resume[ppo-nanbeige]
  /workspace/0z5a/work/nanbeige-pr463-e2e-20261006/deps/Megatron-LM-1dcf0dafa884ad52ffb243625717a3471643e087/megatron/core/models/gpt/gpt_layer_specs.py:70: UserWarning: Apex is not installed. Falling back to Torch Norm
    warnings.warn("Apex is not installed. Falling back to Torch Norm")

tests/plugins/test_looped_grpo.py::test_grouped_signal_packed_replay_publication_and_cpu_restore[False-nanbeige]
tests/plugins/test_looped_grpo.py::test_grouped_signal_packed_replay_publication_and_cpu_restore[True-nanbeige]
  tests/plugins/test_looped_grpo.py:111: PytestWarning: record_property is incompatible with junit_family 'xunit2' (use 'legacy' or 'xunit1')
    @pytest.mark.parametrize("family", ["nanbeige"])

-- Docs: https://docs.pytest.org/en/stable/how-to/capture-warnings.html
- generated xml file: /workspace/0z5a/work/nanbeige-pr463-e2e-20261006/evidence/cpu-suite-offload-fixed.xml -
============================== slowest durations ===============================
0.20s call     tests/plugins/test_looped_algorithms.py::test_three_updates_and_fresh_resume[ppo-nanbeige]
0.18s call     tests/plugins/test_looped_algorithms.py::test_three_updates_and_fresh_resume[flow-dppo-nanbeige]
0.10s call     tests/plugins/test_looped_algorithms.py::test_three_updates_and_fresh_resume[dppo-nanbeige]
0.06s call     tests/plugins/test_looped_algorithms.py::test_three_updates_and_fresh_resume[grpo-nanbeige]
0.04s call     tests/plugins/test_looped_grpo.py::test_grouped_signal_packed_replay_publication_and_cpu_restore[True-nanbeige]
0.03s call     tests/plugins/test_looped_grpo.py::test_grouped_signal_packed_replay_publication_and_cpu_restore[False-nanbeige]
0.02s call     tests/plugins/test_nanbeige_ppo_provider.py::test_two_loop_logits_values_and_gradients[True]
0.02s call     tests/plugins/test_nanbeige_ppo_provider.py::test_two_loop_logits_values_and_gradients[False]

(295 durations < 0.005s hidden.  Use -vv to show these durations.)
======================= 101 passed, 22 warnings in 5.68s =======================
