torch=2.13.0 /Users/0z5a/Documents/infra/looped-grpo-integration-20261003/.venv/lib/python3.12/site-packages/torch/__init__.py
setuptools=84.0.0 /Users/0z5a/Documents/infra/looped-grpo-integration-20261003/.venv/lib/python3.12/site-packages/setuptools/__init__.py
============================= test session starts ==============================
platform darwin -- Python 3.12.14, pytest-9.1.1, pluggy-1.6.0
rootdir: /Users/0z5a/Documents/infra/flashrlt-20261005/vime
configfile: pyproject.toml
plugins: platformdirs-4.12.2, anyio-4.15.1
collected 41 items

tests/plugins/test_looped_logical_step.py .............................x [ 73%]
FxFxFxFxFxF                                                              [100%]

=================================== FAILURES ===================================
_ test_two_adam_updates_match_dense_and_mcore_scaling[dtype1-1.0-groups0-1-response_mean] _
tests/plugins/test_looped_logical_step.py:274: in test_two_adam_updates_match_dense_and_mcore_scaling
    torch.testing.assert_close(actual, gradients[0], atol=grad_atol, rtol=grad_rtol)
E   AssertionError: Tensor-likes are not close!
E   
E   Mismatched elements: 9 / 1560 (0.6%)
E   Greatest absolute difference: 0.0087890625 at index (323,) (up to 0.003 allowed)
E   Greatest relative difference: 0.8565737009048462 at index (254,) (up to 0.04 allowed)
_ test_two_adam_updates_match_dense_and_mcore_scaling[dtype1-1.0-groups1-2-response_mean] _
tests/plugins/test_looped_logical_step.py:274: in test_two_adam_updates_match_dense_and_mcore_scaling
    torch.testing.assert_close(actual, gradients[0], atol=grad_atol, rtol=grad_rtol)
E   AssertionError: Tensor-likes are not close!
E   
E   Mismatched elements: 9 / 1560 (0.6%)
E   Greatest absolute difference: 0.0087890625 at index (323,) (up to 0.003 allowed)
E   Greatest relative difference: 0.8725099563598633 at index (254,) (up to 0.04 allowed)
_ test_two_adam_updates_match_dense_and_mcore_scaling[dtype1-1.0-groups2-3-response_mean] _
tests/plugins/test_looped_logical_step.py:274: in test_two_adam_updates_match_dense_and_mcore_scaling
    torch.testing.assert_close(actual, gradients[0], atol=grad_atol, rtol=grad_rtol)
E   AssertionError: Tensor-likes are not close!
E   
E   Mismatched elements: 10 / 1560 (0.6%)
E   Greatest absolute difference: 0.008544921875 at index (323,) (up to 0.003 allowed)
E   Greatest relative difference: 0.8406374454498291 at index (254,) (up to 0.04 allowed)
_ test_two_adam_updates_match_dense_and_mcore_scaling[dtype1-8.0-groups0-1-response_mean] _
tests/plugins/test_looped_logical_step.py:274: in test_two_adam_updates_match_dense_and_mcore_scaling
    torch.testing.assert_close(actual, gradients[0], atol=grad_atol, rtol=grad_rtol)
E   AssertionError: Tensor-likes are not close!
E   
E   Mismatched elements: 9 / 1560 (0.6%)
E   Greatest absolute difference: 0.0087890625 at index (323,) (up to 0.003 allowed)
E   Greatest relative difference: 0.8565737009048462 at index (254,) (up to 0.04 allowed)
_ test_two_adam_updates_match_dense_and_mcore_scaling[dtype1-8.0-groups1-2-response_mean] _
tests/plugins/test_looped_logical_step.py:274: in test_two_adam_updates_match_dense_and_mcore_scaling
    torch.testing.assert_close(actual, gradients[0], atol=grad_atol, rtol=grad_rtol)
E   AssertionError: Tensor-likes are not close!
E   
E   Mismatched elements: 9 / 1560 (0.6%)
E   Greatest absolute difference: 0.0087890625 at index (323,) (up to 0.003 allowed)
E   Greatest relative difference: 0.8725099563598633 at index (254,) (up to 0.04 allowed)
_ test_two_adam_updates_match_dense_and_mcore_scaling[dtype1-8.0-groups2-3-response_mean] _
tests/plugins/test_looped_logical_step.py:274: in test_two_adam_updates_match_dense_and_mcore_scaling
    torch.testing.assert_close(actual, gradients[0], atol=grad_atol, rtol=grad_rtol)
E   AssertionError: Tensor-likes are not close!
E   
E   Mismatched elements: 10 / 1560 (0.6%)
E   Greatest absolute difference: 0.008544921875 at index (323,) (up to 0.003 allowed)
E   Greatest relative difference: 0.8406374454498291 at index (254,) (up to 0.04 allowed)
=============================== warnings summary ===============================
../../looped-grpo-integration-20261003/.venv/lib/python3.12/site-packages/torch/jit/_script.py:365: 14 warnings
  /Users/0z5a/Documents/infra/looped-grpo-integration-20261003/.venv/lib/python3.12/site-packages/torch/jit/_script.py:365: DeprecationWarning: `torch.jit.script_method` is deprecated. Please switch to `torch.compile` or `torch.export`.
    warnings.warn(

../../looped-grpo-integration-20261003/runtime/megatron/megatron/core/distributed/fsdp/src/megatron_fsdp/mixed_precision.py:113
  /Users/0z5a/Documents/infra/looped-grpo-integration-20261003/runtime/megatron/megatron/core/distributed/fsdp/src/megatron_fsdp/mixed_precision.py:113: UserWarning: Transformer Engine and Apex are not installed. Falling back to local implementations of multi_tensor_applier and multi_tensor_scale
    warnings.warn(

../../looped-grpo-integration-20261003/runtime/megatron/megatron/core/inference/contexts/__init__.py:9
  /Users/0z5a/Documents/infra/looped-grpo-integration-20261003/runtime/megatron/megatron/core/inference/contexts/__init__.py:9: DeprecationWarning: The following imports from `dynamic_context.py` will be removed in this file in `megatron-core` 0.14. The imports here result in a cyclic import issue that causes rotary embeddings to import from Apex rather than Transformer Engine.
    warnings.warn(

../../looped-grpo-integration-20261003/runtime/megatron/megatron/core/optimizer/__init__.py:24
  /Users/0z5a/Documents/infra/looped-grpo-integration-20261003/runtime/megatron/megatron/core/optimizer/__init__.py:24: UserWarning: Transformer Engine and Apex are not installed. Falling back to Torch optimizers.
    warnings.warn(

../../looped-grpo-integration-20261003/runtime/megatron/megatron/core/optimizer/optimizer.py:28
  /Users/0z5a/Documents/infra/looped-grpo-integration-20261003/runtime/megatron/megatron/core/optimizer/optimizer.py:28: UserWarning: Transformer Engine and Apex are not installed. Falling back to local implementations of multi_tensor_applier and multi_tensor_scale
    warnings.warn(

../../looped-grpo-integration-20261003/runtime/megatron/megatron/core/optimizer/clip_grads.py:29
  /Users/0z5a/Documents/infra/looped-grpo-integration-20261003/runtime/megatron/megatron/core/optimizer/clip_grads.py:29: UserWarning: Transformer Engine and Apex are not installed. Falling back to local implementations of multi_tensor_applier, multi_tensor_l2norm, and multi_tensor_scale
    warnings.warn(

tests/plugins/test_looped_logical_step.py: 24 warnings
  /Users/0z5a/Documents/infra/looped-grpo-integration-20261003/runtime/megatron/megatron/core/transformer/transformer_config.py:1734: UserWarning: full scope is deprecated. Use empty cuda_graph_scope to capture the whole layer.
    warnings.warn(

tests/plugins/test_looped_logical_step.py::test_two_adam_updates_match_dense_and_mcore_scaling[dtype0-1.0-groups0-1-token_mean]
  /Users/0z5a/Documents/infra/looped-grpo-integration-20261003/runtime/megatron/megatron/core/models/backends.py:21: UserWarning: Apex is not installed. Falling back to Torch Norm
    warnings.warn("Apex is not installed. Falling back to Torch Norm")

-- Docs: https://docs.pytest.org/en/stable/how-to/capture-warnings.html
- generated xml file: /Users/0z5a/Documents/infra/flashrlt-20261005/evidence/logical-step-third.xml -
============================== slowest durations ===============================
0.52s call     tests/plugins/test_looped_logical_step.py::test_two_adam_updates_match_dense_and_mcore_scaling[dtype0-1.0-groups0-1-token_mean]
0.51s call     tests/plugins/test_looped_logical_step.py::test_two_adam_updates_match_dense_and_mcore_scaling[dtype0-8.0-groups1-2-response_mean]
0.39s call     tests/plugins/test_looped_logical_step.py::test_two_adam_updates_match_dense_and_mcore_scaling[dtype0-8.0-groups2-3-token_mean]
0.38s call     tests/plugins/test_looped_logical_step.py::test_two_adam_updates_match_dense_and_mcore_scaling[dtype0-1.0-groups2-3-token_mean]
0.38s call     tests/plugins/test_looped_logical_step.py::test_two_adam_updates_match_dense_and_mcore_scaling[dtype0-8.0-groups0-1-response_mean]
0.37s call     tests/plugins/test_looped_logical_step.py::test_two_adam_updates_match_dense_and_mcore_scaling[dtype1-1.0-groups0-1-response_mean]
0.37s call     tests/plugins/test_looped_logical_step.py::test_two_adam_updates_match_dense_and_mcore_scaling[dtype0-8.0-groups1-2-token_mean]
0.37s call     tests/plugins/test_looped_logical_step.py::test_two_adam_updates_match_dense_and_mcore_scaling[dtype0-8.0-groups0-1-token_mean]
0.36s call     tests/plugins/test_looped_logical_step.py::test_two_adam_updates_match_dense_and_mcore_scaling[dtype0-1.0-groups2-3-response_mean]
0.35s call     tests/plugins/test_looped_logical_step.py::test_two_adam_updates_match_dense_and_mcore_scaling[dtype1-1.0-groups0-1-token_mean]
0.35s call     tests/plugins/test_looped_logical_step.py::test_two_adam_updates_match_dense_and_mcore_scaling[dtype1-1.0-groups2-3-token_mean]
0.35s call     tests/plugins/test_looped_logical_step.py::test_two_adam_updates_match_dense_and_mcore_scaling[dtype0-8.0-groups2-3-response_mean]
0.34s call     tests/plugins/test_looped_logical_step.py::test_two_adam_updates_match_dense_and_mcore_scaling[dtype1-8.0-groups1-2-token_mean]
0.34s call     tests/plugins/test_looped_logical_step.py::test_two_adam_updates_match_dense_and_mcore_scaling[dtype1-8.0-groups1-2-response_mean]
0.33s call     tests/plugins/test_looped_logical_step.py::test_two_adam_updates_match_dense_and_mcore_scaling[dtype1-1.0-groups2-3-response_mean]
0.32s call     tests/plugins/test_looped_logical_step.py::test_two_adam_updates_match_dense_and_mcore_scaling[dtype1-8.0-groups0-1-token_mean]
0.31s call     tests/plugins/test_looped_logical_step.py::test_two_adam_updates_match_dense_and_mcore_scaling[dtype1-1.0-groups1-2-response_mean]
0.27s call     tests/plugins/test_looped_logical_step.py::test_two_adam_updates_match_dense_and_mcore_scaling[dtype1-8.0-groups0-1-response_mean]
0.27s call     tests/plugins/test_looped_logical_step.py::test_two_adam_updates_match_dense_and_mcore_scaling[dtype1-1.0-groups1-2-token_mean]
0.27s call     tests/plugins/test_looped_logical_step.py::test_two_adam_updates_match_dense_and_mcore_scaling[dtype1-8.0-groups2-3-response_mean]
0.26s call     tests/plugins/test_looped_logical_step.py::test_two_adam_updates_match_dense_and_mcore_scaling[dtype0-1.0-groups1-2-response_mean]
0.24s call     tests/plugins/test_looped_logical_step.py::test_two_adam_updates_match_dense_and_mcore_scaling[dtype0-1.0-groups0-1-response_mean]
0.23s call     tests/plugins/test_looped_logical_step.py::test_two_adam_updates_match_dense_and_mcore_scaling[dtype0-1.0-groups1-2-token_mean]
0.23s call     tests/plugins/test_looped_logical_step.py::test_two_adam_updates_match_dense_and_mcore_scaling[dtype1-8.0-groups2-3-token_mean]
0.01s call     tests/plugins/test_looped_logical_step.py::test_plan_preserves_logical_weights_and_original_identities[groups0-1-token_mean]

(98 durations < 0.005s hidden.  Use -vv to show these durations.)
=========================== short test summary info ============================
FAILED tests/plugins/test_looped_logical_step.py::test_two_adam_updates_match_dense_and_mcore_scaling[dtype1-1.0-groups0-1-response_mean]
FAILED tests/plugins/test_looped_logical_step.py::test_two_adam_updates_match_dense_and_mcore_scaling[dtype1-1.0-groups1-2-response_mean]
FAILED tests/plugins/test_looped_logical_step.py::test_two_adam_updates_match_dense_and_mcore_scaling[dtype1-1.0-groups2-3-response_mean]
FAILED tests/plugins/test_looped_logical_step.py::test_two_adam_updates_match_dense_and_mcore_scaling[dtype1-8.0-groups0-1-response_mean]
FAILED tests/plugins/test_looped_logical_step.py::test_two_adam_updates_match_dense_and_mcore_scaling[dtype1-8.0-groups1-2-response_mean]
FAILED tests/plugins/test_looped_logical_step.py::test_two_adam_updates_match_dense_and_mcore_scaling[dtype1-8.0-groups2-3-response_mean]
============ 6 failed, 29 passed, 6 xfailed, 44 warnings in 12.69s =============
