torch=2.13.0 /Users/0z5a/Documents/infra/looped-grpo-integration-20261003/.venv/lib/python3.12/site-packages/torch/__init__.py
setuptools=84.0.0 /Users/0z5a/Documents/infra/looped-grpo-integration-20261003/.venv/lib/python3.12/site-packages/setuptools/__init__.py
============================= test session starts ==============================
platform darwin -- Python 3.12.14, pytest-9.1.1, pluggy-1.6.0
rootdir: /Users/0z5a/Documents/infra/flashrlt-20261005/vime
configfile: pyproject.toml
plugins: platformdirs-4.12.2, anyio-4.15.1
collected 457 items / 3 deselected / 454 selected

tests/plugins/test_differentiable_prefix.py ............................ [  6%]
..................................................................       [ 20%]
tests/plugins/test_huginn_ppo_provider.py ..                             [ 21%]
tests/plugins/test_looped_algorithms.py ........                         [ 22%]
tests/plugins/test_looped_dppo.py .                                      [ 23%]
tests/plugins/test_looped_grpo.py ....                                   [ 24%]
tests/plugins/test_looped_response_readout.py .......................... [ 29%]
................                                                         [ 33%]
tests/plugins/test_nanbeige_ppo_provider.py ..                           [ 33%]
tests/plugins/test_ouro_critic.py ..                                     [ 34%]
tests/plugins/test_packed_recurrent_replay.py .........................s [ 39%]
sssss                                                                    [ 40%]
tests/plugins/test_recurrent_rematerialization.py ...................... [ 45%]
....................                                                     [ 50%]
tests/plugins/test_rltt_online_cycle.py .........                        [ 52%]
tests/plugins/test_rltt_training.py .................................... [ 60%]
...........                                                              [ 62%]
tests/plugins/test_streamed_looped_readout.py .......................... [ 68%]
........................                                                 [ 73%]
tests/test_looped_grpo_recipe.py ....................................... [ 82%]
......................                                                   [ 87%]
tests/test_megatron_argument_validation.py ............................. [ 93%]
.................                                                        [ 97%]
tests/test_placement_group.py .............                              [100%]

=============================== warnings summary ===============================
../../looped-grpo-integration-20261003/.venv/lib/python3.12/site-packages/torch/jit/_script.py:365: 14 warnings
  /Users/0z5a/Documents/infra/looped-grpo-integration-20261003/.venv/lib/python3.12/site-packages/torch/jit/_script.py:365: DeprecationWarning: `torch.jit.script_method` is deprecated. Please switch to `torch.compile` or `torch.export`.
    warnings.warn(

../../looped-grpo-integration-20261003/runtime/megatron/megatron/core/distributed/fsdp/src/megatron_fsdp/mixed_precision.py:113
  /Users/0z5a/Documents/infra/looped-grpo-integration-20261003/runtime/megatron/megatron/core/distributed/fsdp/src/megatron_fsdp/mixed_precision.py:113: UserWarning: Transformer Engine and Apex are not installed. Falling back to local implementations of multi_tensor_applier and multi_tensor_scale
    warnings.warn(

../../looped-grpo-integration-20261003/runtime/megatron/megatron/core/inference/contexts/__init__.py:9
  /Users/0z5a/Documents/infra/looped-grpo-integration-20261003/runtime/megatron/megatron/core/inference/contexts/__init__.py:9: DeprecationWarning: The following imports from `dynamic_context.py` will be removed in this file in `megatron-core` 0.14. The imports here result in a cyclic import issue that causes rotary embeddings to import from Apex rather than Transformer Engine.
    warnings.warn(

../../looped-grpo-integration-20261003/runtime/megatron/megatron/core/optimizer/__init__.py:24
  /Users/0z5a/Documents/infra/looped-grpo-integration-20261003/runtime/megatron/megatron/core/optimizer/__init__.py:24: UserWarning: Transformer Engine and Apex are not installed. Falling back to Torch optimizers.
    warnings.warn(

../../looped-grpo-integration-20261003/runtime/megatron/megatron/core/optimizer/optimizer.py:28
  /Users/0z5a/Documents/infra/looped-grpo-integration-20261003/runtime/megatron/megatron/core/optimizer/optimizer.py:28: UserWarning: Transformer Engine and Apex are not installed. Falling back to local implementations of multi_tensor_applier and multi_tensor_scale
    warnings.warn(

../../looped-grpo-integration-20261003/runtime/megatron/megatron/core/optimizer/clip_grads.py:29
  /Users/0z5a/Documents/infra/looped-grpo-integration-20261003/runtime/megatron/megatron/core/optimizer/clip_grads.py:29: UserWarning: Transformer Engine and Apex are not installed. Falling back to local implementations of multi_tensor_applier, multi_tensor_l2norm, and multi_tensor_scale
    warnings.warn(

tests/plugins/test_differentiable_prefix.py: 90 warnings
tests/plugins/test_huginn_ppo_provider.py: 2 warnings
tests/plugins/test_looped_algorithms.py: 9 warnings
tests/plugins/test_looped_grpo.py: 4 warnings
tests/plugins/test_looped_response_readout.py: 42 warnings
tests/plugins/test_nanbeige_ppo_provider.py: 2 warnings
tests/plugins/test_ouro_critic.py: 2 warnings
tests/plugins/test_packed_recurrent_replay.py: 24 warnings
tests/plugins/test_recurrent_rematerialization.py: 39 warnings
tests/plugins/test_rltt_online_cycle.py: 9 warnings
tests/plugins/test_rltt_training.py: 36 warnings
  /Users/0z5a/Documents/infra/looped-grpo-integration-20261003/runtime/megatron/megatron/core/transformer/transformer_config.py:1734: UserWarning: full scope is deprecated. Use empty cuda_graph_scope to capture the whole layer.
    warnings.warn(

tests/plugins/test_huginn_ppo_provider.py::test_packed_policy_values_gradients_and_hf_export[False]
  /Users/0z5a/Documents/infra/looped-grpo-integration-20261003/runtime/megatron/megatron/core/models/backends.py:21: UserWarning: Apex is not installed. Falling back to Torch Norm
    warnings.warn("Apex is not installed. Falling back to Torch Norm")

tests/plugins/test_huginn_ppo_provider.py::test_packed_policy_values_gradients_and_hf_export[False]
  /Users/0z5a/Documents/infra/looped-grpo-integration-20261003/runtime/megatron/megatron/core/transformer/multi_latent_attention.py:36: DeprecationWarning: The 'megatron.core.transformer.custom_layers.transformer_engine' 
      module is deprecated and will be removed in 0.10.0. Please use 
      'megatron.core.extensions.transformer_engine' instead.
    from megatron.core.transformer.custom_layers.transformer_engine import (

tests/plugins/test_huginn_ppo_provider.py::test_packed_policy_values_gradients_and_hf_export[False]
  /Users/0z5a/Documents/infra/looped-grpo-integration-20261003/runtime/megatron/megatron/core/models/gpt/gpt_layer_specs.py:70: UserWarning: Apex is not installed. Falling back to Torch Norm
    warnings.warn("Apex is not installed. Falling back to Torch Norm")

-- Docs: https://docs.pytest.org/en/stable/how-to/capture-warnings.html
- generated xml file: /Users/0z5a/Documents/infra/flashrlt-20261005/evidence/w07-packed-release.xml -
============================== slowest durations ===============================
4.73s call     tests/plugins/test_looped_algorithms.py::test_three_updates_and_fresh_resume[ppo-nanbeige]
0.99s call     tests/plugins/test_rltt_online_cycle.py::test_fresh_reward_updates_and_reference_adam_resume[remat-huginn_raven]
0.95s call     tests/plugins/test_rltt_online_cycle.py::test_fresh_reward_updates_and_reference_adam_resume[serial-huginn_raven]
0.87s call     tests/plugins/test_rltt_training.py::test_packed_reference_and_logical_microbatch_gradient[sdpa-reference-True-token_mean-ouro]
0.63s call     tests/plugins/test_rltt_online_cycle.py::test_fresh_reward_updates_and_reference_adam_resume[sdpa-reference-ouro]
0.62s call     tests/plugins/test_rltt_training.py::test_packed_reference_and_logical_microbatch_gradient[remat-True-token_mean-nanbeige]
0.54s call     tests/plugins/test_rltt_online_cycle.py::test_fresh_reward_updates_and_reference_adam_resume[serial-ouro]
0.49s call     tests/plugins/test_looped_algorithms.py::test_three_updates_and_fresh_resume[flow-dppo-huginn_raven]
0.44s call     tests/plugins/test_packed_recurrent_replay.py::test_ragged_scores_gradients_and_optimizer_delta[4-False-huginn]
0.41s call     tests/plugins/test_rltt_online_cycle.py::test_fresh_reward_updates_and_reference_adam_resume[remat-nanbeige]
0.40s call     tests/plugins/test_rltt_training.py::test_packed_reference_and_logical_microbatch_gradient[remat-True-token_mean-ouro]
0.40s call     tests/plugins/test_rltt_training.py::test_packed_reference_and_logical_microbatch_gradient[remat-True-response_mean-ouro]
0.37s call     tests/plugins/test_rltt_training.py::test_packed_reference_and_logical_microbatch_gradient[remat-False-token_mean-ouro]
0.36s call     tests/plugins/test_looped_algorithms.py::test_three_updates_and_fresh_resume[ppo-huginn_raven]
0.35s call     tests/plugins/test_looped_algorithms.py::test_three_updates_and_fresh_resume[dppo-huginn_raven]
0.34s call     tests/plugins/test_rltt_training.py::test_packed_reference_and_logical_microbatch_gradient[remat-False-response_mean-ouro]
0.34s call     tests/plugins/test_rltt_online_cycle.py::test_fresh_reward_updates_and_reference_adam_resume[serial-nanbeige]
0.34s call     tests/plugins/test_rltt_online_cycle.py::test_fresh_reward_updates_and_reference_adam_resume[sdpa-reference-huginn_raven]
0.33s call     tests/plugins/test_rltt_training.py::test_packed_reference_and_logical_microbatch_gradient[serial-True-token_mean-ouro]
0.32s call     tests/plugins/test_rltt_training.py::test_packed_reference_and_logical_microbatch_gradient[sdpa-reference-True-response_mean-ouro]
0.31s call     tests/plugins/test_rltt_training.py::test_packed_reference_and_logical_microbatch_gradient[remat-False-token_mean-huginn]
0.31s call     tests/plugins/test_packed_recurrent_replay.py::test_ragged_scores_gradients_and_optimizer_delta[16-True-ouro]
0.31s call     tests/plugins/test_rltt_training.py::test_packed_reference_and_logical_microbatch_gradient[remat-False-response_mean-huginn]
0.29s call     tests/plugins/test_rltt_training.py::test_packed_reference_and_logical_microbatch_gradient[remat-True-response_mean-huginn]
0.29s call     tests/plugins/test_huginn_ppo_provider.py::test_packed_policy_values_gradients_and_hf_export[False]
0.27s call     tests/plugins/test_rltt_training.py::test_packed_reference_and_logical_microbatch_gradient[serial-True-response_mean-ouro]
0.26s call     tests/plugins/test_rltt_online_cycle.py::test_fresh_reward_updates_and_reference_adam_resume[remat-ouro]
0.25s call     tests/plugins/test_rltt_training.py::test_packed_reference_and_logical_microbatch_gradient[remat-True-token_mean-huginn]
0.23s call     tests/plugins/test_rltt_training.py::test_packed_reference_and_logical_microbatch_gradient[serial-True-response_mean-huginn]
0.22s call     tests/plugins/test_looped_algorithms.py::test_three_updates_and_fresh_resume[flow-dppo-nanbeige]
0.22s call     tests/plugins/test_rltt_training.py::test_packed_reference_and_logical_microbatch_gradient[serial-True-token_mean-huginn]
0.22s call     tests/plugins/test_rltt_training.py::test_packed_reference_and_logical_microbatch_gradient[sdpa-reference-False-response_mean-ouro]
0.21s call     tests/plugins/test_rltt_training.py::test_packed_reference_and_logical_microbatch_gradient[sdpa-reference-False-token_mean-huginn]
0.19s call     tests/plugins/test_packed_recurrent_replay.py::test_ragged_scores_gradients_and_optimizer_delta[16-True-huginn]
0.19s call     tests/plugins/test_rltt_training.py::test_packed_reference_and_logical_microbatch_gradient[remat-False-token_mean-nanbeige]
0.18s call     tests/plugins/test_looped_algorithms.py::test_three_updates_and_fresh_resume[grpo-huginn_raven]
0.18s call     tests/plugins/test_rltt_training.py::test_packed_reference_and_logical_microbatch_gradient[serial-False-response_mean-huginn]
0.18s call     tests/plugins/test_rltt_training.py::test_packed_reference_and_logical_microbatch_gradient[sdpa-reference-True-response_mean-huginn]
0.18s call     tests/plugins/test_rltt_training.py::test_packed_reference_and_logical_microbatch_gradient[serial-False-token_mean-huginn]
0.18s call     tests/plugins/test_packed_recurrent_replay.py::test_ragged_scores_gradients_and_optimizer_delta[16-False-ouro]
0.18s call     tests/plugins/test_rltt_training.py::test_packed_reference_and_logical_microbatch_gradient[sdpa-reference-True-token_mean-huginn]
0.17s call     tests/plugins/test_rltt_training.py::test_packed_reference_and_logical_microbatch_gradient[serial-False-token_mean-ouro]
0.16s call     tests/plugins/test_rltt_training.py::test_packed_reference_and_logical_microbatch_gradient[sdpa-reference-False-token_mean-ouro]
0.16s call     tests/plugins/test_rltt_training.py::test_packed_reference_and_logical_microbatch_gradient[serial-False-response_mean-ouro]
0.16s call     tests/plugins/test_rltt_online_cycle.py::test_fresh_reward_updates_and_reference_adam_resume[sdpa-reference-nanbeige]
0.16s call     tests/plugins/test_rltt_training.py::test_packed_reference_and_logical_microbatch_gradient[sdpa-reference-False-response_mean-huginn]
0.14s call     tests/plugins/test_packed_recurrent_replay.py::test_ragged_scores_gradients_and_optimizer_delta[16-False-huginn]
0.14s call     tests/plugins/test_looped_algorithms.py::test_three_updates_and_fresh_resume[dppo-nanbeige]
0.14s call     tests/plugins/test_rltt_training.py::test_packed_reference_and_logical_microbatch_gradient[remat-False-response_mean-nanbeige]
0.13s call     tests/plugins/test_recurrent_rematerialization.py::test_full_parameter_gradient_and_nonzero_update[plan4-False-ouro]
0.13s call     tests/plugins/test_looped_grpo.py::test_grouped_signal_packed_replay_publication_and_cpu_restore[True-huginn_raven]
0.13s call     tests/plugins/test_looped_grpo.py::test_grouped_signal_packed_replay_publication_and_cpu_restore[False-huginn_raven]
0.12s call     tests/plugins/test_differentiable_prefix.py::test_full_gradient_and_update_across_suffix_microbatches[False-dtype1-groups2-True-huginn]
0.12s call     tests/plugins/test_differentiable_prefix.py::test_full_gradient_and_update_across_suffix_microbatches[False-dtype1-groups1-True-huginn]
0.12s call     tests/plugins/test_packed_recurrent_replay.py::test_ragged_scores_gradients_and_optimizer_delta[16-True-nanbeige]
0.12s call     tests/plugins/test_differentiable_prefix.py::test_full_gradient_and_update_across_suffix_microbatches[False-dtype0-groups0-False-ouro]
0.12s call     tests/plugins/test_looped_grpo.py::test_grouped_signal_packed_replay_publication_and_cpu_restore[True-nanbeige]
0.11s call     tests/plugins/test_rltt_training.py::test_packed_reference_and_logical_microbatch_gradient[serial-True-response_mean-nanbeige]
0.11s call     tests/plugins/test_differentiable_prefix.py::test_full_gradient_and_update_across_suffix_microbatches[True-dtype1-groups2-False-ouro]
0.11s call     tests/plugins/test_differentiable_prefix.py::test_full_gradient_and_update_across_suffix_microbatches[False-dtype0-groups2-True-ouro]
0.11s call     tests/plugins/test_rltt_training.py::test_packed_reference_and_logical_microbatch_gradient[remat-True-response_mean-nanbeige]
0.11s call     tests/plugins/test_packed_recurrent_replay.py::test_ragged_scores_gradients_and_optimizer_delta[4-True-huginn]
0.11s call     tests/plugins/test_differentiable_prefix.py::test_full_gradient_and_update_across_suffix_microbatches[False-dtype1-groups2-True-ouro]
0.11s call     tests/plugins/test_differentiable_prefix.py::test_full_gradient_and_update_across_suffix_microbatches[True-dtype0-groups1-False-ouro]
0.11s call     tests/plugins/test_differentiable_prefix.py::test_full_gradient_and_update_across_suffix_microbatches[False-dtype0-groups1-True-huginn]
0.11s call     tests/plugins/test_rltt_training.py::test_packed_reference_and_logical_microbatch_gradient[serial-False-response_mean-nanbeige]
0.10s call     tests/plugins/test_rltt_training.py::test_packed_reference_and_logical_microbatch_gradient[sdpa-reference-False-token_mean-nanbeige]
0.10s call     tests/plugins/test_looped_algorithms.py::test_three_updates_and_fresh_resume[grpo-nanbeige]
0.10s call     tests/plugins/test_rltt_training.py::test_packed_reference_and_logical_microbatch_gradient[sdpa-reference-True-token_mean-nanbeige]
0.09s call     tests/plugins/test_looped_response_readout.py::test_response_boundary_loops_and_shared_parameter_gradients[dense-0-True-ouro]
0.09s call     tests/plugins/test_differentiable_prefix.py::test_full_gradient_and_update_across_suffix_microbatches[True-dtype1-groups2-True-ouro]
0.09s call     tests/plugins/test_packed_recurrent_replay.py::test_ragged_scores_gradients_and_optimizer_delta[4-True-ouro]
0.09s call     tests/plugins/test_rltt_training.py::test_packed_reference_and_logical_microbatch_gradient[serial-True-token_mean-nanbeige]
0.09s call     tests/plugins/test_recurrent_rematerialization.py::test_full_parameter_gradient_and_nonzero_update[plan4-True-ouro]
0.09s call     tests/plugins/test_differentiable_prefix.py::test_full_gradient_and_update_across_suffix_microbatches[False-dtype1-groups2-True-nanbeige]
0.09s call     tests/plugins/test_differentiable_prefix.py::test_full_gradient_and_update_across_suffix_microbatches[False-dtype1-groups2-False-ouro]
0.09s call     tests/plugins/test_differentiable_prefix.py::test_full_gradient_and_update_across_suffix_microbatches[False-dtype0-groups0-True-ouro]
0.09s call     tests/plugins/test_differentiable_prefix.py::test_full_gradient_and_update_across_suffix_microbatches[True-dtype1-groups2-True-huginn]
0.09s call     tests/plugins/test_differentiable_prefix.py::test_full_gradient_and_update_across_suffix_microbatches[False-dtype0-groups1-False-ouro]
0.09s call     tests/plugins/test_differentiable_prefix.py::test_full_gradient_and_update_across_suffix_microbatches[True-dtype0-groups2-True-ouro]
0.09s call     tests/plugins/test_differentiable_prefix.py::test_full_gradient_and_update_across_suffix_microbatches[False-dtype0-groups1-True-ouro]
0.09s call     tests/plugins/test_differentiable_prefix.py::test_full_gradient_and_update_across_suffix_microbatches[False-dtype1-groups1-True-ouro]
0.09s call     tests/plugins/test_rltt_training.py::test_packed_reference_and_logical_microbatch_gradient[sdpa-reference-True-response_mean-nanbeige]
0.09s call     tests/plugins/test_differentiable_prefix.py::test_full_gradient_and_update_across_suffix_microbatches[False-dtype1-groups0-True-ouro]
0.09s call     tests/plugins/test_differentiable_prefix.py::test_full_gradient_and_update_across_suffix_microbatches[False-dtype0-groups2-True-huginn]
0.09s call     tests/plugins/test_differentiable_prefix.py::test_full_gradient_and_update_across_suffix_microbatches[True-dtype1-groups1-True-ouro]
0.09s call     tests/plugins/test_differentiable_prefix.py::test_full_gradient_and_update_across_suffix_microbatches[False-dtype1-groups0-True-huginn]
0.08s call     tests/plugins/test_differentiable_prefix.py::test_full_gradient_and_update_across_suffix_microbatches[False-dtype0-groups0-True-huginn]
0.08s call     tests/plugins/test_differentiable_prefix.py::test_full_gradient_and_update_across_suffix_microbatches[False-dtype1-groups1-False-ouro]
0.08s call     tests/plugins/test_differentiable_prefix.py::test_full_gradient_and_update_across_suffix_microbatches[False-dtype1-groups0-False-ouro]
0.08s call     tests/plugins/test_differentiable_prefix.py::test_full_gradient_and_update_across_suffix_microbatches[False-dtype1-groups2-False-huginn]
0.08s call     tests/plugins/test_rltt_training.py::test_packed_reference_and_logical_microbatch_gradient[sdpa-reference-False-response_mean-nanbeige]
0.08s call     tests/plugins/test_differentiable_prefix.py::test_full_gradient_and_update_across_suffix_microbatches[True-dtype1-groups1-True-huginn]
0.08s call     tests/plugins/test_recurrent_rematerialization.py::test_full_parameter_gradient_and_nonzero_update[plan5-True-huginn]
0.08s call     tests/plugins/test_rltt_training.py::test_packed_reference_and_logical_microbatch_gradient[serial-False-token_mean-nanbeige]
0.08s call     tests/plugins/test_differentiable_prefix.py::test_full_gradient_and_update_across_suffix_microbatches[True-dtype1-groups2-False-huginn]
0.08s call     tests/plugins/test_differentiable_prefix.py::test_full_gradient_and_update_across_suffix_microbatches[True-dtype0-groups2-True-huginn]
0.07s call     tests/plugins/test_differentiable_prefix.py::test_full_gradient_and_update_across_suffix_microbatches[False-dtype0-groups2-False-ouro]
0.07s call     tests/plugins/test_differentiable_prefix.py::test_full_gradient_and_update_across_suffix_microbatches[True-dtype0-groups1-True-huginn]
0.07s call     tests/plugins/test_recurrent_rematerialization.py::test_full_parameter_gradient_and_nonzero_update[plan5-False-ouro]
0.07s call     tests/plugins/test_differentiable_prefix.py::test_full_gradient_and_update_across_suffix_microbatches[True-dtype0-groups1-True-ouro]
0.07s call     tests/plugins/test_packed_recurrent_replay.py::test_ragged_scores_gradients_and_optimizer_delta[1-True-ouro]
0.07s call     tests/plugins/test_differentiable_prefix.py::test_full_gradient_and_update_across_suffix_microbatches[True-dtype1-groups0-True-huginn]
0.07s call     tests/plugins/test_recurrent_rematerialization.py::test_full_parameter_gradient_and_nonzero_update[plan5-True-ouro]
0.07s call     tests/plugins/test_looped_response_readout.py::test_response_boundary_loops_and_shared_parameter_gradients[streamed-4-True-ouro]
0.07s call     tests/plugins/test_recurrent_rematerialization.py::test_full_parameter_gradient_and_nonzero_update[plan4-False-huginn]
0.07s call     tests/plugins/test_differentiable_prefix.py::test_full_gradient_and_update_across_suffix_microbatches[False-dtype0-groups0-False-huginn]
0.07s call     tests/plugins/test_differentiable_prefix.py::test_full_gradient_and_update_across_suffix_microbatches[True-dtype0-groups2-False-ouro]
0.07s call     tests/plugins/test_differentiable_prefix.py::test_full_gradient_and_update_across_suffix_microbatches[False-dtype0-groups1-False-huginn]
0.07s call     tests/plugins/test_looped_response_readout.py::test_response_boundary_loops_and_shared_parameter_gradients[streamed-0-True-ouro]
0.07s call     tests/plugins/test_differentiable_prefix.py::test_full_gradient_and_update_across_suffix_microbatches[True-dtype1-groups0-True-ouro]
0.07s call     tests/plugins/test_looped_response_readout.py::test_response_boundary_loops_and_shared_parameter_gradients[streamed-1-True-ouro]
0.07s call     tests/plugins/test_huginn_ppo_provider.py::test_packed_policy_values_gradients_and_hf_export[True]
0.07s call     tests/plugins/test_packed_recurrent_replay.py::test_ragged_scores_gradients_and_optimizer_delta[16-False-nanbeige]
0.07s call     tests/plugins/test_differentiable_prefix.py::test_full_gradient_and_update_across_suffix_microbatches[True-dtype0-groups2-False-huginn]
0.07s call     tests/plugins/test_recurrent_rematerialization.py::test_full_parameter_gradient_and_nonzero_update[plan4-True-huginn]
0.07s call     tests/plugins/test_differentiable_prefix.py::test_full_gradient_and_update_across_suffix_microbatches[True-dtype0-groups0-True-huginn]
0.07s call     tests/plugins/test_differentiable_prefix.py::test_full_gradient_and_update_across_suffix_microbatches[True-dtype1-groups1-False-huginn]
0.07s call     tests/plugins/test_recurrent_rematerialization.py::test_full_parameter_gradient_and_nonzero_update[plan5-False-huginn]
0.06s call     tests/plugins/test_differentiable_prefix.py::test_full_gradient_and_update_across_suffix_microbatches[False-dtype0-groups2-False-huginn]
0.06s call     tests/plugins/test_recurrent_rematerialization.py::test_full_parameter_gradient_and_nonzero_update[plan1-True-ouro]
0.06s call     tests/plugins/test_differentiable_prefix.py::test_full_gradient_and_update_across_suffix_microbatches[True-dtype0-groups0-False-ouro]
0.06s call     tests/plugins/test_differentiable_prefix.py::test_full_gradient_and_update_across_suffix_microbatches[False-dtype1-groups1-False-huginn]
0.06s call     tests/plugins/test_differentiable_prefix.py::test_full_gradient_and_update_across_suffix_microbatches[True-dtype1-groups0-False-ouro]
0.06s call     tests/plugins/test_packed_recurrent_replay.py::test_ragged_scores_gradients_and_optimizer_delta[4-False-ouro]
0.06s call     tests/plugins/test_differentiable_prefix.py::test_full_gradient_and_update_across_suffix_microbatches[False-dtype1-groups0-False-huginn]
0.06s call     tests/plugins/test_differentiable_prefix.py::test_full_gradient_and_update_across_suffix_microbatches[True-dtype1-groups1-False-ouro]
0.06s call     tests/plugins/test_differentiable_prefix.py::test_full_gradient_and_update_across_suffix_microbatches[False-dtype0-groups2-False-nanbeige]
0.06s call     tests/plugins/test_differentiable_prefix.py::test_full_gradient_and_update_across_suffix_microbatches[True-dtype0-groups1-False-huginn]
0.06s call     tests/plugins/test_looped_response_readout.py::test_response_boundary_loops_and_shared_parameter_gradients[dense-4-True-ouro]
0.06s call     tests/plugins/test_differentiable_prefix.py::test_full_gradient_and_update_across_suffix_microbatches[True-dtype0-groups0-True-ouro]
0.06s call     tests/plugins/test_recurrent_rematerialization.py::test_full_parameter_gradient_and_nonzero_update[plan5-False-nanbeige]
0.06s call     tests/plugins/test_differentiable_prefix.py::test_full_gradient_and_update_across_suffix_microbatches[True-dtype1-groups0-False-huginn]
0.06s call     tests/plugins/test_recurrent_rematerialization.py::test_full_parameter_gradient_and_nonzero_update[plan3-False-ouro]
0.06s call     tests/plugins/test_differentiable_prefix.py::test_packed_suffix_empty_single_token_and_ragged_gradients[lengths2-huginn]
0.06s call     tests/plugins/test_looped_grpo.py::test_grouped_signal_packed_replay_publication_and_cpu_restore[False-nanbeige]
0.05s call     tests/plugins/test_differentiable_prefix.py::test_full_gradient_and_update_across_suffix_microbatches[True-dtype0-groups2-False-nanbeige]
0.05s call     tests/plugins/test_differentiable_prefix.py::test_full_gradient_and_update_across_suffix_microbatches[False-dtype0-groups2-True-nanbeige]
0.05s call     tests/plugins/test_differentiable_prefix.py::test_packed_suffix_empty_single_token_and_ragged_gradients[lengths2-ouro]
0.05s call     tests/plugins/test_differentiable_prefix.py::test_full_gradient_and_update_across_suffix_microbatches[False-dtype0-groups0-False-nanbeige]
0.05s call     tests/plugins/test_differentiable_prefix.py::test_full_gradient_and_update_across_suffix_microbatches[False-dtype0-groups1-True-nanbeige]
0.05s call     tests/plugins/test_recurrent_rematerialization.py::test_full_parameter_gradient_and_nonzero_update[plan3-True-ouro]
0.05s call     tests/plugins/test_looped_response_readout.py::test_response_boundary_loops_and_shared_parameter_gradients[dense-1-True-ouro]
0.05s call     tests/plugins/test_recurrent_rematerialization.py::test_full_parameter_gradient_and_nonzero_update[plan4-False-nanbeige]
0.05s call     tests/plugins/test_differentiable_prefix.py::test_full_gradient_and_update_across_suffix_microbatches[True-dtype0-groups1-False-nanbeige]
0.05s call     tests/plugins/test_recurrent_rematerialization.py::test_full_parameter_gradient_and_nonzero_update[plan2-True-huginn]
0.05s call     tests/plugins/test_recurrent_rematerialization.py::test_full_parameter_gradient_and_nonzero_update[plan0-False-huginn]
0.05s call     tests/plugins/test_differentiable_prefix.py::test_full_gradient_and_update_across_suffix_microbatches[False-dtype1-groups2-False-nanbeige]
0.05s call     tests/plugins/test_recurrent_rematerialization.py::test_full_parameter_gradient_and_nonzero_update[plan2-False-huginn]
0.05s call     tests/plugins/test_recurrent_rematerialization.py::test_full_parameter_gradient_and_nonzero_update[plan2-True-ouro]
0.05s call     tests/plugins/test_recurrent_rematerialization.py::test_full_parameter_gradient_and_nonzero_update[plan0-False-ouro]
0.04s call     tests/plugins/test_differentiable_prefix.py::test_full_gradient_and_update_across_suffix_microbatches[True-dtype0-groups0-False-huginn]
0.04s call     tests/plugins/test_recurrent_rematerialization.py::test_full_parameter_gradient_and_nonzero_update[plan1-True-huginn]
0.04s call     tests/plugins/test_packed_recurrent_replay.py::test_ragged_scores_gradients_and_optimizer_delta[4-True-nanbeige]
0.04s call     tests/plugins/test_recurrent_rematerialization.py::test_full_parameter_gradient_and_nonzero_update[plan1-False-huginn]
0.04s call     tests/plugins/test_recurrent_rematerialization.py::test_full_parameter_gradient_and_nonzero_update[plan3-True-huginn]
0.04s call     tests/plugins/test_recurrent_rematerialization.py::test_full_parameter_gradient_and_nonzero_update[plan0-True-ouro]
0.04s call     tests/plugins/test_recurrent_rematerialization.py::test_full_parameter_gradient_and_nonzero_update[plan1-False-ouro]
0.04s call     tests/plugins/test_differentiable_prefix.py::test_full_gradient_and_update_across_suffix_microbatches[False-dtype0-groups0-True-nanbeige]
0.04s call     tests/plugins/test_differentiable_prefix.py::test_full_gradient_and_update_across_suffix_microbatches[True-dtype0-groups2-True-nanbeige]
0.04s call     tests/plugins/test_packed_recurrent_replay.py::test_ragged_scores_gradients_and_optimizer_delta[1-False-huginn]
0.04s call     tests/plugins/test_differentiable_prefix.py::test_full_gradient_and_update_across_suffix_microbatches[False-dtype0-groups1-False-nanbeige]
0.04s call     tests/plugins/test_recurrent_rematerialization.py::test_full_parameter_gradient_and_nonzero_update[plan5-True-nanbeige]
0.04s call     tests/plugins/test_recurrent_rematerialization.py::test_full_parameter_gradient_and_nonzero_update[plan4-True-nanbeige]
0.04s call     tests/plugins/test_recurrent_rematerialization.py::test_full_parameter_gradient_and_nonzero_update[plan2-False-ouro]
0.04s call     tests/plugins/test_recurrent_rematerialization.py::test_full_parameter_gradient_and_nonzero_update[plan0-True-huginn]
0.04s call     tests/plugins/test_differentiable_prefix.py::test_full_gradient_and_update_across_suffix_microbatches[True-dtype1-groups1-False-nanbeige]
0.04s call     tests/plugins/test_recurrent_rematerialization.py::test_full_parameter_gradient_and_nonzero_update[plan3-False-huginn]
0.04s call     tests/plugins/test_differentiable_prefix.py::test_full_gradient_and_update_across_suffix_microbatches[False-dtype1-groups1-True-nanbeige]
0.04s call     tests/plugins/test_nanbeige_ppo_provider.py::test_two_loop_logits_values_and_gradients[False]
0.04s call     tests/plugins/test_differentiable_prefix.py::test_full_gradient_and_update_across_suffix_microbatches[True-dtype0-groups1-True-nanbeige]
0.04s call     tests/plugins/test_looped_response_readout.py::test_response_boundary_loops_and_shared_parameter_gradients[dense-1-True-huginn]
0.04s call     tests/plugins/test_differentiable_prefix.py::test_full_gradient_and_update_across_suffix_microbatches[True-dtype1-groups0-True-nanbeige]
0.04s call     tests/plugins/test_differentiable_prefix.py::test_full_gradient_and_update_across_suffix_microbatches[True-dtype1-groups1-True-nanbeige]
0.04s call     tests/plugins/test_looped_response_readout.py::test_response_boundary_loops_and_shared_parameter_gradients[dense-4-True-huginn]
0.04s call     tests/plugins/test_differentiable_prefix.py::test_packed_suffix_empty_single_token_and_ragged_gradients[lengths1-ouro]
0.04s call     tests/plugins/test_differentiable_prefix.py::test_full_gradient_and_update_across_suffix_microbatches[True-dtype1-groups0-False-nanbeige]
0.04s call     tests/plugins/test_recurrent_rematerialization.py::test_full_parameter_gradient_and_nonzero_update[plan2-True-nanbeige]
0.04s call     tests/plugins/test_looped_response_readout.py::test_response_boundary_loops_and_shared_parameter_gradients[dense-0-True-huginn]
0.04s call     tests/plugins/test_differentiable_prefix.py::test_full_gradient_and_update_across_suffix_microbatches[False-dtype1-groups1-False-nanbeige]
0.04s call     tests/plugins/test_differentiable_prefix.py::test_full_gradient_and_update_across_suffix_microbatches[False-dtype1-groups0-True-nanbeige]
0.04s call     tests/plugins/test_looped_response_readout.py::test_response_boundary_loops_and_shared_parameter_gradients[streamed-1-True-huginn]
0.03s call     tests/plugins/test_differentiable_prefix.py::test_full_gradient_and_update_across_suffix_microbatches[True-dtype0-groups0-True-nanbeige]
0.03s call     tests/plugins/test_differentiable_prefix.py::test_full_gradient_and_update_across_suffix_microbatches[True-dtype1-groups2-False-nanbeige]
0.03s call     tests/plugins/test_looped_response_readout.py::test_response_boundary_loops_and_shared_parameter_gradients[dense-4-False-ouro]
0.03s call     tests/plugins/test_recurrent_rematerialization.py::test_full_parameter_gradient_and_nonzero_update[plan3-True-nanbeige]
0.03s call     tests/plugins/test_looped_response_readout.py::test_response_boundary_loops_and_shared_parameter_gradients[streamed-0-False-ouro]
0.03s call     tests/plugins/test_streamed_looped_readout.py::test_finite_difference_gradcheck
0.03s call     tests/plugins/test_looped_response_readout.py::test_response_boundary_loops_and_shared_parameter_gradients[streamed-1-False-huginn]
0.03s call     tests/plugins/test_differentiable_prefix.py::test_full_gradient_and_update_across_suffix_microbatches[True-dtype1-groups2-True-nanbeige]
0.03s call     tests/plugins/test_recurrent_rematerialization.py::test_full_parameter_gradient_and_nonzero_update[plan2-False-nanbeige]
0.03s call     tests/plugins/test_recurrent_rematerialization.py::test_full_parameter_gradient_and_nonzero_update[plan1-True-nanbeige]
0.03s call     tests/plugins/test_recurrent_rematerialization.py::test_full_parameter_gradient_and_nonzero_update[plan3-False-nanbeige]
0.03s call     tests/plugins/test_differentiable_prefix.py::test_full_gradient_and_update_across_suffix_microbatches[True-dtype0-groups0-False-nanbeige]
0.03s call     tests/plugins/test_nanbeige_ppo_provider.py::test_two_loop_logits_values_and_gradients[True]
0.03s call     tests/plugins/test_looped_response_readout.py::test_response_boundary_loops_and_shared_parameter_gradients[streamed-0-True-huginn]
0.03s call     tests/plugins/test_differentiable_prefix.py::test_full_gradient_and_update_across_suffix_microbatches[False-dtype1-groups0-False-nanbeige]
0.03s call     tests/plugins/test_differentiable_prefix.py::test_packed_suffix_empty_single_token_and_ragged_gradients[lengths1-huginn]
0.03s call     tests/plugins/test_looped_response_readout.py::test_response_boundary_loops_and_shared_parameter_gradients[streamed-4-True-huginn]
0.03s call     tests/plugins/test_recurrent_rematerialization.py::test_serial_empty_response_retains_zero_gradient[ouro]
0.03s call     tests/plugins/test_looped_response_readout.py::test_response_boundary_loops_and_shared_parameter_gradients[streamed-4-False-huginn]
0.03s call     tests/plugins/test_looped_response_readout.py::test_response_boundary_loops_and_shared_parameter_gradients[streamed-1-False-ouro]
0.03s call     tests/plugins/test_packed_recurrent_replay.py::test_ragged_scores_gradients_and_optimizer_delta[1-True-huginn]
0.03s call     tests/plugins/test_looped_response_readout.py::test_response_boundary_loops_and_shared_parameter_gradients[dense-1-False-ouro]
0.03s teardown tests/plugins/test_looped_algorithms.py::test_three_updates_and_fresh_resume[ppo-nanbeige]
0.03s call     tests/plugins/test_looped_response_readout.py::test_response_boundary_loops_and_shared_parameter_gradients[dense-0-False-ouro]
0.03s call     tests/plugins/test_looped_response_readout.py::test_response_boundary_loops_and_shared_parameter_gradients[streamed-0-False-huginn]
0.03s call     tests/plugins/test_looped_response_readout.py::test_response_boundary_loops_and_shared_parameter_gradients[streamed-4-False-ouro]
0.03s call     tests/plugins/test_packed_recurrent_replay.py::test_ragged_scores_gradients_and_optimizer_delta[1-False-ouro]
0.03s call     tests/plugins/test_packed_recurrent_replay.py::test_ragged_scores_gradients_and_optimizer_delta[4-False-nanbeige]
0.03s call     tests/plugins/test_recurrent_rematerialization.py::test_full_parameter_gradient_and_nonzero_update[plan1-False-nanbeige]
0.03s call     tests/plugins/test_recurrent_rematerialization.py::test_full_parameter_gradient_and_nonzero_update[plan0-False-nanbeige]
0.03s call     tests/plugins/test_packed_recurrent_replay.py::test_sequence_isolation_and_reordered_packs[True-ouro]
0.03s call     tests/plugins/test_differentiable_prefix.py::test_first_response_readout_is_a_live_boundary[ouro]
0.03s call     tests/test_looped_grpo_recipe.py::test_recipe_roles_groups_precision_and_resume[None-grpo-False-ouro]
0.03s call     tests/test_megatron_argument_validation.py::test_update_weight_disk_dir_required_for_disk_transport
0.03s call     tests/plugins/test_looped_response_readout.py::test_response_boundary_loops_and_shared_parameter_gradients[dense-4-False-huginn]
0.03s call     tests/plugins/test_looped_response_readout.py::test_response_boundary_loops_and_shared_parameter_gradients[dense-0-False-huginn]
0.02s call     tests/plugins/test_packed_recurrent_replay.py::test_sequence_isolation_and_reordered_packs[True-huginn]
0.02s call     tests/plugins/test_recurrent_rematerialization.py::test_full_parameter_gradient_and_nonzero_update[plan0-True-nanbeige]
0.02s call     tests/plugins/test_differentiable_prefix.py::test_packed_suffix_empty_single_token_and_ragged_gradients[lengths0-huginn]
0.02s call     tests/plugins/test_differentiable_prefix.py::test_packed_suffix_empty_single_token_and_ragged_gradients[lengths2-nanbeige]
0.02s call     tests/plugins/test_looped_response_readout.py::test_response_boundary_loops_and_shared_parameter_gradients[dense-1-False-huginn]
0.02s call     tests/plugins/test_recurrent_rematerialization.py::test_serial_empty_response_retains_zero_gradient[huginn]
0.02s call     tests/plugins/test_looped_response_readout.py::test_response_boundary_loops_and_shared_parameter_gradients[streamed-0-True-nanbeige]
0.02s call     tests/plugins/test_looped_response_readout.py::test_response_boundary_loops_and_shared_parameter_gradients[streamed-4-False-nanbeige]
0.02s call     tests/plugins/test_differentiable_prefix.py::test_packed_suffix_empty_single_token_and_ragged_gradients[lengths0-ouro]
0.02s call     tests/plugins/test_looped_response_readout.py::test_response_boundary_loops_and_shared_parameter_gradients[streamed-0-False-nanbeige]
0.02s call     tests/plugins/test_looped_response_readout.py::test_one_token_prompt_empty_response[ouro]
0.02s call     tests/plugins/test_looped_response_readout.py::test_response_boundary_loops_and_shared_parameter_gradients[dense-1-True-nanbeige]
0.02s call     tests/plugins/test_packed_recurrent_replay.py::test_ragged_scores_gradients_and_optimizer_delta[1-False-nanbeige]
0.02s call     tests/plugins/test_looped_response_readout.py::test_response_boundary_loops_and_shared_parameter_gradients[streamed-1-True-nanbeige]
0.02s call     tests/plugins/test_looped_response_readout.py::test_terminal_readout_keeps_only_final_loop[ouro]
0.02s call     tests/plugins/test_streamed_looped_readout.py::test_recurrent_parameters_credit_and_partition_invariance[0.0-True-token_mean]
0.02s call     tests/plugins/test_looped_response_readout.py::test_response_boundary_loops_and_shared_parameter_gradients[dense-4-True-nanbeige]
0.02s call     tests/plugins/test_looped_response_readout.py::test_response_boundary_loops_and_shared_parameter_gradients[streamed-4-True-nanbeige]
0.02s call     tests/plugins/test_looped_response_readout.py::test_response_boundary_loops_and_shared_parameter_gradients[streamed-1-False-nanbeige]
0.02s call     tests/plugins/test_packed_recurrent_replay.py::test_sequence_isolation_and_reordered_packs[False-ouro]
0.02s call     tests/plugins/test_differentiable_prefix.py::test_packed_suffix_empty_single_token_and_ragged_gradients[lengths1-nanbeige]
0.02s call     tests/plugins/test_packed_recurrent_replay.py::test_sequence_isolation_and_reordered_packs[False-huginn]
0.02s call     tests/plugins/test_looped_response_readout.py::test_response_boundary_loops_and_shared_parameter_gradients[dense-0-True-nanbeige]
0.02s call     tests/plugins/test_packed_recurrent_replay.py::test_ragged_scores_gradients_and_optimizer_delta[1-True-nanbeige]
0.02s call     tests/plugins/test_differentiable_prefix.py::test_empty_response_and_replaced_parameter[ouro]
0.02s call     tests/plugins/test_differentiable_prefix.py::test_huginn_prefix_does_not_alias_different_latent_identities
0.01s call     tests/plugins/test_differentiable_prefix.py::test_empty_response_and_replaced_parameter[huginn]
0.01s call     tests/plugins/test_recurrent_rematerialization.py::test_serial_empty_response_retains_zero_gradient[nanbeige]
0.01s call     tests/plugins/test_packed_recurrent_replay.py::test_sequence_isolation_and_reordered_packs[True-nanbeige]
0.01s call     tests/test_megatron_argument_validation.py::test_force_fp8_ue8m0_scale_argument
0.01s call     tests/plugins/test_differentiable_prefix.py::test_first_response_readout_is_a_live_boundary[nanbeige]
0.01s call     tests/plugins/test_looped_response_readout.py::test_terminal_readout_keeps_only_final_loop[huginn]
0.01s call     tests/plugins/test_ouro_critic.py::test_critic_head_and_core_gradients[True]
0.01s call     tests/plugins/test_looped_response_readout.py::test_response_boundary_loops_and_shared_parameter_gradients[dense-0-False-nanbeige]
0.01s call     tests/test_megatron_argument_validation.py::test_vime_validate_args_preserves_explicit_start_rollout_id
0.01s call     tests/plugins/test_looped_response_readout.py::test_one_token_prompt_empty_response[huginn]
0.01s call     tests/plugins/test_differentiable_prefix.py::test_packed_suffix_empty_single_token_and_ragged_gradients[lengths0-nanbeige]
0.01s call     tests/plugins/test_looped_response_readout.py::test_response_boundary_loops_and_shared_parameter_gradients[dense-1-False-nanbeige]
0.01s call     tests/test_megatron_argument_validation.py::test_colocate_offload_resolution[None-True-None-True]
0.01s call     tests/test_megatron_argument_validation.py::test_vime_validate_args_derives_dspark_from_speculative_method
0.01s call     tests/test_megatron_argument_validation.py::test_colocate_offload_resolution[None-False-None-False]
0.01s call     tests/test_megatron_argument_validation.py::test_update_weight_delta_requires_local_checkpoint_dir
0.01s call     tests/plugins/test_recurrent_rematerialization.py::test_query_chunks_keep_full_prefix_and_key_value_gradients[1]
0.01s call     tests/plugins/test_looped_response_readout.py::test_response_boundary_loops_and_shared_parameter_gradients[dense-4-False-nanbeige]
0.01s call     tests/test_megatron_argument_validation.py::test_vime_validate_args_rejects_equal_debug_data_paths
0.01s call     tests/test_megatron_argument_validation.py::test_colocate_offload_resolution[False-False-False-True]
0.01s call     tests/test_megatron_argument_validation.py::test_colocate_offload_resolution[None-False-None-True]
0.01s call     tests/test_megatron_argument_validation.py::test_colocate_offload_resolution[False-True-None-True]
0.01s call     tests/test_megatron_argument_validation.py::test_vime_validate_args_rejects_non_positive_rollout_temperature[-0.1]
0.01s call     tests/plugins/test_differentiable_prefix.py::test_prefix_backward_is_once_per_logical_group
0.01s call     tests/test_looped_grpo_recipe.py::test_recipe_roles_groups_precision_and_resume[3-rltt-True-nanbeige]
0.01s call     tests/plugins/test_ouro_critic.py::test_critic_head_and_core_gradients[False]
0.01s call     tests/test_megatron_argument_validation.py::test_colocate_offload_resolution[False-True-True-True]
0.01s call     tests/test_megatron_argument_validation.py::test_colocate_offload_resolution[None-True-False-False]
0.01s call     tests/plugins/test_streamed_looped_readout.py::test_loss_and_all_readout_gradients[0.7-1-dtype0]
0.01s call     tests/plugins/test_streamed_looped_readout.py::test_recurrent_parameters_credit_and_partition_invariance[0.0-False-token_mean]
0.01s call     tests/plugins/test_streamed_looped_readout.py::test_recurrent_parameters_credit_and_partition_invariance[1.5-False-response_mean]
0.01s call     tests/test_megatron_argument_validation.py::test_colocate_offload_resolution[False-True-None-False]
0.01s call     tests/test_megatron_argument_validation.py::test_colocate_offload_resolution[None-False-False-False]
0.01s call     tests/test_megatron_argument_validation.py::test_vime_validate_args_defaults_start_rollout_id_to_zero
0.01s call     tests/plugins/test_streamed_looped_readout.py::test_recurrent_parameters_credit_and_partition_invariance[1.5-False-token_mean]
0.01s call     tests/plugins/test_looped_response_readout.py::test_terminal_readout_keeps_only_final_loop[nanbeige]
0.01s call     tests/plugins/test_streamed_looped_readout.py::test_recurrent_parameters_credit_and_partition_invariance[0.0-True-response_mean]
0.01s call     tests/test_megatron_argument_validation.py::test_colocate_offload_resolution[None-True-False-True]
0.01s call     tests/test_megatron_argument_validation.py::test_colocate_offload_resolution[False-False-None-True]
0.01s call     tests/test_megatron_argument_validation.py::test_colocate_offload_resolution[False-True-True-False]
0.01s call     tests/test_megatron_argument_validation.py::test_vime_validate_args_rejects_non_positive_rollout_temperature[0.0]
0.01s call     tests/plugins/test_looped_response_readout.py::test_one_token_prompt_empty_response[nanbeige]
0.01s call     tests/test_megatron_argument_validation.py::test_vime_validate_args_preserves_zero_rollout_gpus_without_colocate
0.01s call     tests/test_megatron_argument_validation.py::test_colocate_offload_resolution[False-False-False-False]
0.01s call     tests/test_megatron_argument_validation.py::test_update_weight_delta_requires_disk_transport
0.01s call     tests/plugins/test_streamed_looped_readout.py::test_recurrent_parameters_credit_and_partition_invariance[0.0-False-response_mean]
0.01s call     tests/test_megatron_argument_validation.py::test_update_weight_delta_disk_is_valid
0.01s call     tests/test_megatron_argument_validation.py::test_update_weight_delta_rejects_colocate
0.01s call     tests/test_megatron_argument_validation.py::test_colocate_offload_resolution[None-True-True-False]
0.01s call     tests/plugins/test_streamed_looped_readout.py::test_recurrent_parameters_credit_and_partition_invariance[1.5-True-token_mean]
0.01s call     tests/test_megatron_argument_validation.py::test_vime_validate_args_preserves_larger_rollout_gpus_under_colocate
0.01s call     tests/plugins/test_streamed_looped_readout.py::test_recurrent_parameters_credit_and_partition_invariance[1.5-True-response_mean]
0.01s call     tests/test_megatron_argument_validation.py::test_vime_validate_args_preserves_zero_rollout_gpus_under_colocate
0.01s call     tests/test_megatron_argument_validation.py::test_colocate_offload_resolution[False-False-None-False]
0.01s call     tests/test_megatron_argument_validation.py::test_colocate_offload_resolution[False-False-True-False]
0.01s call     tests/test_megatron_argument_validation.py::test_colocate_offload_resolution[None-True-True-True]
0.01s call     tests/test_megatron_argument_validation.py::test_colocate_offload_resolution[None-True-None-False]
0.01s call     tests/test_looped_grpo_recipe.py::test_recipe_roles_groups_precision_and_resume[3-flow-dppo-True-huginn_raven]
0.01s call     tests/test_looped_grpo_recipe.py::test_grpo_rejects_single_completion_before_starting_ray
0.01s call     tests/plugins/test_packed_recurrent_replay.py::test_sequence_isolation_and_reordered_packs[False-nanbeige]
0.01s call     tests/test_megatron_argument_validation.py::test_colocate_offload_resolution[False-True-False-False]
0.01s call     tests/test_megatron_argument_validation.py::test_colocate_offload_resolution[False-True-False-True]
0.01s call     tests/test_megatron_argument_validation.py::test_colocate_offload_resolution[False-False-True-True]
0.01s call     tests/test_megatron_argument_validation.py::test_colocate_offload_resolution[None-False-True-False]
0.01s call     tests/test_megatron_argument_validation.py::test_colocate_offload_resolution[None-False-False-True]
0.01s call     tests/test_looped_grpo_recipe.py::test_recipe_roles_groups_precision_and_resume[3-dppo-False-huginn_raven]
0.01s call     tests/plugins/test_streamed_looped_readout.py::test_loss_and_all_readout_gradients[2.0-1-dtype1]
0.01s setup    tests/plugins/test_looped_algorithms.py::test_three_updates_and_fresh_resume[ppo-huginn_raven]
0.01s call     tests/plugins/test_differentiable_prefix.py::test_group_partition_rejects_missing_and_duplicate_suffixes
0.01s call     tests/plugins/test_differentiable_prefix.py::test_empty_response_and_replaced_parameter[nanbeige]
0.01s call     tests/test_looped_grpo_recipe.py::test_recipe_roles_groups_precision_and_resume[None-ppo-False-huginn_raven]
0.01s call     tests/plugins/test_differentiable_prefix.py::test_policy_prompt_depth_and_parameter_mutation_rejected
0.01s call     tests/test_looped_grpo_recipe.py::test_recipe_roles_groups_precision_and_resume[3-ppo-False-nanbeige]
0.01s call     tests/test_looped_grpo_recipe.py::test_recipe_roles_groups_precision_and_resume[None-grpo-True-huginn_raven]
0.01s call     tests/test_megatron_argument_validation.py::test_colocate_offload_resolution[None-False-True-True]
0.01s call     tests/plugins/test_streamed_looped_readout.py::test_loss_and_all_readout_gradients[0.7-11-dtype0]
0.01s call     tests/test_looped_grpo_recipe.py::test_recipe_roles_groups_precision_and_resume[3-ppo-True-huginn_raven]
0.01s call     tests/plugins/test_streamed_looped_readout.py::test_loss_and_all_readout_gradients[0.7-1-dtype2]
0.01s call     tests/test_looped_grpo_recipe.py::test_recipe_roles_groups_precision_and_resume[3-dppo-True-huginn_raven]
0.01s call     tests/test_megatron_argument_validation.py::test_hf_validate_all_moe_skips_dense_intermediate_size
0.01s call     tests/plugins/test_recurrent_rematerialization.py::test_query_chunks_keep_full_prefix_and_key_value_gradients[3]
0.01s call     tests/test_looped_grpo_recipe.py::test_recipe_roles_groups_precision_and_resume[3-flow-dppo-True-nanbeige]
0.01s call     tests/test_looped_grpo_recipe.py::test_recipe_roles_groups_precision_and_resume[3-dppo-False-ouro]
0.01s call     tests/test_looped_grpo_recipe.py::test_recipe_roles_groups_precision_and_resume[3-rltt-True-ouro]
0.01s call     tests/test_looped_grpo_recipe.py::test_recipe_roles_groups_precision_and_resume[None-dppo-True-ouro]
0.01s call     tests/test_looped_grpo_recipe.py::test_recipe_roles_groups_precision_and_resume[3-ppo-False-ouro]
0.01s teardown tests/plugins/test_rltt_online_cycle.py::test_fresh_reward_updates_and_reference_adam_resume[remat-nanbeige]
0.01s setup    tests/plugins/test_differentiable_prefix.py::test_full_gradient_and_update_across_suffix_microbatches[False-dtype1-groups2-True-nanbeige]
0.01s call     tests/test_looped_grpo_recipe.py::test_recipe_roles_groups_precision_and_resume[3-ppo-True-nanbeige]
0.01s call     tests/test_looped_grpo_recipe.py::test_recipe_roles_groups_precision_and_resume[3-flow-dppo-True-ouro]
0.01s setup    tests/plugins/test_rltt_online_cycle.py::test_fresh_reward_updates_and_reference_adam_resume[remat-huginn_raven]
0.01s call     tests/test_looped_grpo_recipe.py::test_recipe_roles_groups_precision_and_resume[None-grpo-True-ouro]
0.01s call     tests/plugins/test_differentiable_prefix.py::test_packed_attention_never_crosses_suffixes_and_sums_prefix_adjoints

(1019 durations < 0.005s hidden.  Use -vv to show these durations.)
========= 448 passed, 6 skipped, 3 deselected, 281 warnings in 41.60s ==========
