torch=2.13.0 /Users/0z5a/Documents/infra/looped-grpo-integration-20261003/.venv/lib/python3.12/site-packages/torch/__init__.py
setuptools=84.0.0 /Users/0z5a/Documents/infra/looped-grpo-integration-20261003/.venv/lib/python3.12/site-packages/setuptools/__init__.py
W1005 09:25:51.462000 97114 torch/distributed/elastic/multiprocessing/redirects.py:35] NOTE: Redirects are currently not supported in MacOs.
/Users/0z5a/Documents/infra/looped-grpo-integration-20261003/runtime/megatron/megatron/core/distributed/fsdp/src/megatron_fsdp/mixed_precision.py:113: UserWarning: Transformer Engine and Apex are not installed. Falling back to local implementations of multi_tensor_applier and multi_tensor_scale
  warnings.warn(
/Users/0z5a/Documents/infra/looped-grpo-integration-20261003/runtime/megatron/megatron/core/optimizer/__init__.py:24: UserWarning: Transformer Engine and Apex are not installed. Falling back to Torch optimizers.
  warnings.warn(
/Users/0z5a/Documents/infra/looped-grpo-integration-20261003/runtime/megatron/megatron/core/optimizer/optimizer.py:28: UserWarning: Transformer Engine and Apex are not installed. Falling back to local implementations of multi_tensor_applier and multi_tensor_scale
  warnings.warn(
/Users/0z5a/Documents/infra/looped-grpo-integration-20261003/runtime/megatron/megatron/core/optimizer/clip_grads.py:29: UserWarning: Transformer Engine and Apex are not installed. Falling back to local implementations of multi_tensor_applier, multi_tensor_l2norm, and multi_tensor_scale
  warnings.warn(
WARNING:root:deep_ep is not installed, some functionalities may be limited.
/Users/0z5a/Documents/infra/looped-grpo-integration-20261003/runtime/megatron/megatron/core/transformer/transformer_config.py:1734: UserWarning: full scope is deprecated. Use empty cuda_graph_scope to capture the whole layer.
  warnings.warn(
[
  {
    "lengths": [
      1,
      1,
      1
    ],
    "reduction": "sum",
    "forward_error": 0.0,
    "gradient_max_abs": 0.000244140625,
    "gradient_relative_l2": 8.917190708501611e-08,
    "bound_violations": 1
  },
  {
    "lengths": [
      1,
      1,
      1
    ],
    "reduction": "mean",
    "forward_error": 0.0,
    "gradient_max_abs": 1.52587890625e-05,
    "gradient_relative_l2": 9.011573920773826e-08,
    "bound_violations": 0
  },
  {
    "lengths": [
      0,
      3,
      1,
      0,
      5
    ],
    "reduction": "sum",
    "forward_error": 0.0,
    "gradient_max_abs": 0.000244140625,
    "gradient_relative_l2": 8.616775178072045e-08,
    "bound_violations": 1
  },
  {
    "lengths": [
      0,
      3,
      1,
      0,
      5
    ],
    "reduction": "mean",
    "forward_error": 0.0,
    "gradient_max_abs": 7.62939453125e-06,
    "gradient_relative_l2": 7.438535424400182e-08,
    "bound_violations": 0
  }
]
