torch=2.13.0 /Users/0z5a/Documents/infra/looped-grpo-integration-20261003/.venv/lib/python3.12/site-packages/torch/__init__.py
setuptools=84.0.0 /Users/0z5a/Documents/infra/looped-grpo-integration-20261003/.venv/lib/python3.12/site-packages/setuptools/__init__.py
============================= test session starts ==============================
platform darwin -- Python 3.12.14, pytest-9.1.1, pluggy-1.6.0
rootdir: /Users/0z5a/Documents/infra/flashrlt-20261005/vime
configfile: pyproject.toml
plugins: platformdirs-4.12.2, anyio-4.15.1
collected 94 items

tests/plugins/test_differentiable_prefix.py ............................ [ 29%]
.............................................................F..F.       [100%]

=================================== FAILURES ===================================
_ test_packed_suffix_empty_single_token_and_ragged_gradients[lengths1-huginn] __
tests/plugins/test_differentiable_prefix.py:243: in test_packed_suffix_empty_single_token_and_ragged_gradients
    torch.testing.assert_close(expected.grad, actual.grad, atol=1e-5, rtol=8e-5, msg=name)
E   AssertionError: transformer.adapter.weight
_ test_packed_suffix_empty_single_token_and_ragged_gradients[lengths2-huginn] __
tests/plugins/test_differentiable_prefix.py:243: in test_packed_suffix_empty_single_token_and_ragged_gradients
    torch.testing.assert_close(expected.grad, actual.grad, atol=1e-5, rtol=8e-5, msg=name)
E   AssertionError: transformer.core_block.0.mlp.proj.weight
=============================== warnings summary ===============================
../../looped-grpo-integration-20261003/.venv/lib/python3.12/site-packages/torch/jit/_script.py:365: 14 warnings
  /Users/0z5a/Documents/infra/looped-grpo-integration-20261003/.venv/lib/python3.12/site-packages/torch/jit/_script.py:365: DeprecationWarning: `torch.jit.script_method` is deprecated. Please switch to `torch.compile` or `torch.export`.
    warnings.warn(

../../looped-grpo-integration-20261003/runtime/megatron/megatron/core/distributed/fsdp/src/megatron_fsdp/mixed_precision.py:113
  /Users/0z5a/Documents/infra/looped-grpo-integration-20261003/runtime/megatron/megatron/core/distributed/fsdp/src/megatron_fsdp/mixed_precision.py:113: UserWarning: Transformer Engine and Apex are not installed. Falling back to local implementations of multi_tensor_applier and multi_tensor_scale
    warnings.warn(

../../looped-grpo-integration-20261003/runtime/megatron/megatron/core/inference/contexts/__init__.py:9
  /Users/0z5a/Documents/infra/looped-grpo-integration-20261003/runtime/megatron/megatron/core/inference/contexts/__init__.py:9: DeprecationWarning: The following imports from `dynamic_context.py` will be removed in this file in `megatron-core` 0.14. The imports here result in a cyclic import issue that causes rotary embeddings to import from Apex rather than Transformer Engine.
    warnings.warn(

../../looped-grpo-integration-20261003/runtime/megatron/megatron/core/optimizer/__init__.py:24
  /Users/0z5a/Documents/infra/looped-grpo-integration-20261003/runtime/megatron/megatron/core/optimizer/__init__.py:24: UserWarning: Transformer Engine and Apex are not installed. Falling back to Torch optimizers.
    warnings.warn(

../../looped-grpo-integration-20261003/runtime/megatron/megatron/core/optimizer/optimizer.py:28
  /Users/0z5a/Documents/infra/looped-grpo-integration-20261003/runtime/megatron/megatron/core/optimizer/optimizer.py:28: UserWarning: Transformer Engine and Apex are not installed. Falling back to local implementations of multi_tensor_applier and multi_tensor_scale
    warnings.warn(

../../looped-grpo-integration-20261003/runtime/megatron/megatron/core/optimizer/clip_grads.py:29
  /Users/0z5a/Documents/infra/looped-grpo-integration-20261003/runtime/megatron/megatron/core/optimizer/clip_grads.py:29: UserWarning: Transformer Engine and Apex are not installed. Falling back to local implementations of multi_tensor_applier, multi_tensor_l2norm, and multi_tensor_scale
    warnings.warn(

tests/plugins/test_differentiable_prefix.py: 90 warnings
  /Users/0z5a/Documents/infra/looped-grpo-integration-20261003/runtime/megatron/megatron/core/transformer/transformer_config.py:1734: UserWarning: full scope is deprecated. Use empty cuda_graph_scope to capture the whole layer.
    warnings.warn(

-- Docs: https://docs.pytest.org/en/stable/how-to/capture-warnings.html
- generated xml file: /Users/0z5a/Documents/infra/flashrlt-20261005/evidence/w07-packed-first.xml -
============================== slowest durations ===============================
0.18s call     tests/plugins/test_differentiable_prefix.py::test_full_gradient_and_update_across_suffix_microbatches[False-dtype0-groups0-False-ouro]
0.10s call     tests/plugins/test_differentiable_prefix.py::test_full_gradient_and_update_across_suffix_microbatches[True-dtype0-groups1-True-huginn]
0.10s call     tests/plugins/test_differentiable_prefix.py::test_full_gradient_and_update_across_suffix_microbatches[True-dtype1-groups2-True-huginn]
0.10s call     tests/plugins/test_differentiable_prefix.py::test_full_gradient_and_update_across_suffix_microbatches[True-dtype0-groups2-True-ouro]
0.09s call     tests/plugins/test_differentiable_prefix.py::test_full_gradient_and_update_across_suffix_microbatches[False-dtype0-groups0-True-huginn]
0.09s call     tests/plugins/test_differentiable_prefix.py::test_full_gradient_and_update_across_suffix_microbatches[True-dtype1-groups0-False-huginn]
0.09s call     tests/plugins/test_differentiable_prefix.py::test_full_gradient_and_update_across_suffix_microbatches[False-dtype1-groups0-False-huginn]
0.09s call     tests/plugins/test_differentiable_prefix.py::test_full_gradient_and_update_across_suffix_microbatches[True-dtype1-groups2-False-ouro]
0.09s call     tests/plugins/test_differentiable_prefix.py::test_full_gradient_and_update_across_suffix_microbatches[False-dtype1-groups1-True-huginn]
0.09s call     tests/plugins/test_differentiable_prefix.py::test_full_gradient_and_update_across_suffix_microbatches[True-dtype1-groups1-True-ouro]
0.09s call     tests/plugins/test_differentiable_prefix.py::test_full_gradient_and_update_across_suffix_microbatches[False-dtype1-groups2-True-huginn]
0.08s call     tests/plugins/test_differentiable_prefix.py::test_full_gradient_and_update_across_suffix_microbatches[True-dtype0-groups1-True-ouro]
0.08s call     tests/plugins/test_differentiable_prefix.py::test_full_gradient_and_update_across_suffix_microbatches[False-dtype0-groups1-True-huginn]
0.08s call     tests/plugins/test_differentiable_prefix.py::test_full_gradient_and_update_across_suffix_microbatches[True-dtype1-groups1-False-ouro]
0.08s call     tests/plugins/test_differentiable_prefix.py::test_full_gradient_and_update_across_suffix_microbatches[True-dtype1-groups1-False-huginn]
0.08s call     tests/plugins/test_differentiable_prefix.py::test_full_gradient_and_update_across_suffix_microbatches[False-dtype1-groups1-True-ouro]
0.08s call     tests/plugins/test_differentiable_prefix.py::test_full_gradient_and_update_across_suffix_microbatches[False-dtype1-groups2-False-ouro]
0.08s call     tests/plugins/test_differentiable_prefix.py::test_full_gradient_and_update_across_suffix_microbatches[False-dtype0-groups0-True-ouro]
0.08s call     tests/plugins/test_differentiable_prefix.py::test_full_gradient_and_update_across_suffix_microbatches[True-dtype1-groups0-True-huginn]
0.08s call     tests/plugins/test_differentiable_prefix.py::test_full_gradient_and_update_across_suffix_microbatches[False-dtype1-groups0-True-huginn]
0.08s call     tests/plugins/test_differentiable_prefix.py::test_full_gradient_and_update_across_suffix_microbatches[False-dtype1-groups0-True-ouro]
0.07s call     tests/plugins/test_differentiable_prefix.py::test_full_gradient_and_update_across_suffix_microbatches[True-dtype1-groups2-True-ouro]
0.07s call     tests/plugins/test_differentiable_prefix.py::test_full_gradient_and_update_across_suffix_microbatches[False-dtype0-groups2-True-ouro]
0.07s call     tests/plugins/test_differentiable_prefix.py::test_full_gradient_and_update_across_suffix_microbatches[False-dtype1-groups2-True-ouro]
0.07s call     tests/plugins/test_differentiable_prefix.py::test_full_gradient_and_update_across_suffix_microbatches[True-dtype0-groups1-False-ouro]
0.07s call     tests/plugins/test_differentiable_prefix.py::test_full_gradient_and_update_across_suffix_microbatches[False-dtype0-groups0-False-huginn]
0.07s call     tests/plugins/test_differentiable_prefix.py::test_full_gradient_and_update_across_suffix_microbatches[False-dtype1-groups0-False-ouro]
0.07s call     tests/plugins/test_differentiable_prefix.py::test_full_gradient_and_update_across_suffix_microbatches[True-dtype1-groups1-True-huginn]
0.07s call     tests/plugins/test_differentiable_prefix.py::test_full_gradient_and_update_across_suffix_microbatches[False-dtype0-groups2-True-huginn]
0.07s call     tests/plugins/test_differentiable_prefix.py::test_full_gradient_and_update_across_suffix_microbatches[False-dtype0-groups1-False-ouro]
0.07s call     tests/plugins/test_differentiable_prefix.py::test_full_gradient_and_update_across_suffix_microbatches[False-dtype0-groups2-False-ouro]
0.07s call     tests/plugins/test_differentiable_prefix.py::test_full_gradient_and_update_across_suffix_microbatches[True-dtype0-groups2-False-huginn]
0.07s call     tests/plugins/test_differentiable_prefix.py::test_full_gradient_and_update_across_suffix_microbatches[False-dtype1-groups1-False-ouro]
0.07s call     tests/plugins/test_differentiable_prefix.py::test_full_gradient_and_update_across_suffix_microbatches[False-dtype1-groups1-False-huginn]
0.07s call     tests/plugins/test_differentiable_prefix.py::test_full_gradient_and_update_across_suffix_microbatches[True-dtype1-groups0-False-ouro]
0.06s call     tests/plugins/test_differentiable_prefix.py::test_full_gradient_and_update_across_suffix_microbatches[True-dtype0-groups2-False-ouro]
0.06s call     tests/plugins/test_differentiable_prefix.py::test_full_gradient_and_update_across_suffix_microbatches[True-dtype0-groups2-True-huginn]
0.06s call     tests/plugins/test_differentiable_prefix.py::test_full_gradient_and_update_across_suffix_microbatches[True-dtype0-groups0-True-ouro]
0.06s call     tests/plugins/test_differentiable_prefix.py::test_full_gradient_and_update_across_suffix_microbatches[True-dtype0-groups0-True-huginn]
0.06s call     tests/plugins/test_differentiable_prefix.py::test_full_gradient_and_update_across_suffix_microbatches[False-dtype0-groups1-True-ouro]
0.06s call     tests/plugins/test_differentiable_prefix.py::test_full_gradient_and_update_across_suffix_microbatches[True-dtype0-groups1-False-huginn]
0.06s call     tests/plugins/test_differentiable_prefix.py::test_full_gradient_and_update_across_suffix_microbatches[False-dtype1-groups2-False-huginn]
0.06s call     tests/plugins/test_differentiable_prefix.py::test_full_gradient_and_update_across_suffix_microbatches[True-dtype1-groups0-True-ouro]
0.06s call     tests/plugins/test_differentiable_prefix.py::test_full_gradient_and_update_across_suffix_microbatches[False-dtype0-groups1-False-huginn]
0.06s call     tests/plugins/test_differentiable_prefix.py::test_full_gradient_and_update_across_suffix_microbatches[True-dtype0-groups0-False-ouro]
0.06s call     tests/plugins/test_differentiable_prefix.py::test_full_gradient_and_update_across_suffix_microbatches[False-dtype0-groups2-False-huginn]
0.05s call     tests/plugins/test_differentiable_prefix.py::test_full_gradient_and_update_across_suffix_microbatches[True-dtype1-groups2-False-nanbeige]
0.05s call     tests/plugins/test_differentiable_prefix.py::test_full_gradient_and_update_across_suffix_microbatches[True-dtype1-groups2-False-huginn]
0.05s call     tests/plugins/test_differentiable_prefix.py::test_full_gradient_and_update_across_suffix_microbatches[True-dtype1-groups1-True-nanbeige]
0.05s call     tests/plugins/test_differentiable_prefix.py::test_full_gradient_and_update_across_suffix_microbatches[True-dtype0-groups0-False-huginn]
0.05s call     tests/plugins/test_differentiable_prefix.py::test_full_gradient_and_update_across_suffix_microbatches[True-dtype1-groups1-False-nanbeige]
0.05s call     tests/plugins/test_differentiable_prefix.py::test_full_gradient_and_update_across_suffix_microbatches[False-dtype1-groups2-True-nanbeige]
0.05s call     tests/plugins/test_differentiable_prefix.py::test_full_gradient_and_update_across_suffix_microbatches[False-dtype0-groups0-True-nanbeige]
0.05s call     tests/plugins/test_differentiable_prefix.py::test_packed_suffix_empty_single_token_and_ragged_gradients[lengths2-huginn]
0.05s call     tests/plugins/test_differentiable_prefix.py::test_packed_suffix_empty_single_token_and_ragged_gradients[lengths2-ouro]
0.04s call     tests/plugins/test_differentiable_prefix.py::test_full_gradient_and_update_across_suffix_microbatches[False-dtype1-groups0-True-nanbeige]
0.04s call     tests/plugins/test_differentiable_prefix.py::test_full_gradient_and_update_across_suffix_microbatches[False-dtype1-groups1-True-nanbeige]
0.04s call     tests/plugins/test_differentiable_prefix.py::test_full_gradient_and_update_across_suffix_microbatches[False-dtype0-groups0-False-nanbeige]
0.04s call     tests/plugins/test_differentiable_prefix.py::test_full_gradient_and_update_across_suffix_microbatches[False-dtype1-groups0-False-nanbeige]
0.04s call     tests/plugins/test_differentiable_prefix.py::test_full_gradient_and_update_across_suffix_microbatches[True-dtype1-groups0-False-nanbeige]
0.04s call     tests/plugins/test_differentiable_prefix.py::test_full_gradient_and_update_across_suffix_microbatches[True-dtype0-groups2-True-nanbeige]
0.04s call     tests/plugins/test_differentiable_prefix.py::test_full_gradient_and_update_across_suffix_microbatches[True-dtype1-groups2-True-nanbeige]
0.04s call     tests/plugins/test_differentiable_prefix.py::test_full_gradient_and_update_across_suffix_microbatches[False-dtype0-groups1-True-nanbeige]
0.04s call     tests/plugins/test_differentiable_prefix.py::test_full_gradient_and_update_across_suffix_microbatches[False-dtype1-groups2-False-nanbeige]
0.04s call     tests/plugins/test_differentiable_prefix.py::test_full_gradient_and_update_across_suffix_microbatches[True-dtype0-groups1-True-nanbeige]
0.04s call     tests/plugins/test_differentiable_prefix.py::test_full_gradient_and_update_across_suffix_microbatches[False-dtype0-groups2-True-nanbeige]
0.04s call     tests/plugins/test_differentiable_prefix.py::test_full_gradient_and_update_across_suffix_microbatches[False-dtype1-groups1-False-nanbeige]
0.04s call     tests/plugins/test_differentiable_prefix.py::test_full_gradient_and_update_across_suffix_microbatches[False-dtype0-groups1-False-nanbeige]
0.04s call     tests/plugins/test_differentiable_prefix.py::test_full_gradient_and_update_across_suffix_microbatches[True-dtype0-groups1-False-nanbeige]
0.04s call     tests/plugins/test_differentiable_prefix.py::test_full_gradient_and_update_across_suffix_microbatches[False-dtype0-groups2-False-nanbeige]
0.04s call     tests/plugins/test_differentiable_prefix.py::test_full_gradient_and_update_across_suffix_microbatches[True-dtype0-groups0-True-nanbeige]
0.04s call     tests/plugins/test_differentiable_prefix.py::test_full_gradient_and_update_across_suffix_microbatches[True-dtype0-groups0-False-nanbeige]
0.03s call     tests/plugins/test_differentiable_prefix.py::test_full_gradient_and_update_across_suffix_microbatches[True-dtype0-groups2-False-nanbeige]
0.03s call     tests/plugins/test_differentiable_prefix.py::test_packed_suffix_empty_single_token_and_ragged_gradients[lengths1-huginn]
0.03s call     tests/plugins/test_differentiable_prefix.py::test_packed_suffix_empty_single_token_and_ragged_gradients[lengths1-ouro]
0.03s call     tests/plugins/test_differentiable_prefix.py::test_packed_suffix_empty_single_token_and_ragged_gradients[lengths2-nanbeige]
0.03s call     tests/plugins/test_differentiable_prefix.py::test_full_gradient_and_update_across_suffix_microbatches[True-dtype1-groups0-True-nanbeige]
0.03s call     tests/plugins/test_differentiable_prefix.py::test_first_response_readout_is_a_live_boundary[ouro]
0.03s call     tests/plugins/test_differentiable_prefix.py::test_packed_suffix_empty_single_token_and_ragged_gradients[lengths0-huginn]
0.03s call     tests/plugins/test_differentiable_prefix.py::test_packed_suffix_empty_single_token_and_ragged_gradients[lengths0-ouro]
0.02s call     tests/plugins/test_differentiable_prefix.py::test_packed_suffix_empty_single_token_and_ragged_gradients[lengths1-nanbeige]
0.02s call     tests/plugins/test_differentiable_prefix.py::test_first_response_readout_is_a_live_boundary[nanbeige]
0.02s call     tests/plugins/test_differentiable_prefix.py::test_empty_response_and_replaced_parameter[huginn]
0.02s call     tests/plugins/test_differentiable_prefix.py::test_huginn_prefix_does_not_alias_different_latent_identities
0.02s call     tests/plugins/test_differentiable_prefix.py::test_packed_suffix_empty_single_token_and_ragged_gradients[lengths0-nanbeige]
0.01s call     tests/plugins/test_differentiable_prefix.py::test_prefix_backward_is_once_per_logical_group
0.01s call     tests/plugins/test_differentiable_prefix.py::test_empty_response_and_replaced_parameter[ouro]
0.01s call     tests/plugins/test_differentiable_prefix.py::test_empty_response_and_replaced_parameter[nanbeige]
0.01s call     tests/plugins/test_differentiable_prefix.py::test_policy_prompt_depth_and_parameter_mutation_rejected
0.01s call     tests/plugins/test_differentiable_prefix.py::test_group_partition_rejects_missing_and_duplicate_suffixes

(192 durations < 0.005s hidden.  Use -vv to show these durations.)
=========================== short test summary info ============================
FAILED tests/plugins/test_differentiable_prefix.py::test_packed_suffix_empty_single_token_and_ragged_gradients[lengths1-huginn]
FAILED tests/plugins/test_differentiable_prefix.py::test_packed_suffix_empty_single_token_and_ragged_gradients[lengths2-huginn]
================= 2 failed, 92 passed, 109 warnings in 11.68s ==================
