resident same-RECORD source: /Users/0z5a/Documents/infra/vime-sm120-initial-20260912/.venv/lib/python3.12/site-packages/torch/_native/ops/topk/__init__.py
torch=2.13.0 /Users/0z5a/Documents/infra/looped-grpo-integration-20261003/.venv/lib/python3.12/site-packages/torch/__init__.py
setuptools=84.0.0 /Users/0z5a/Documents/infra/looped-grpo-integration-20261003/.venv/lib/python3.12/site-packages/setuptools/__init__.py
============================= test session starts ==============================
platform darwin -- Python 3.12.14, pytest-9.1.1, pluggy-1.6.0
rootdir: /Users/0z5a/Documents/infra/flashrlt-20261005/vime
configfile: pyproject.toml
collected 12 items / 1 error

==================================== ERRORS ====================================
________ ERROR collecting tests/plugins/test_huginn_prefix_fallback.py _________
tests/plugins/test_huginn_prefix_fallback.py:10: in <module>
    from test_differentiable_prefix import objective
<frozen importlib._bootstrap>:1360: in _find_and_load
    ???
<frozen importlib._bootstrap>:1331: in _find_and_load_unlocked
    ???
<frozen importlib._bootstrap>:935: in _load_unlocked
    ???
../../looped-grpo-integration-20261003/.venv/lib/python3.12/site-packages/_pytest/assertion/rewrite.py:188: in exec_module
    exec(co, module.__dict__)
tests/plugins/test_differentiable_prefix.py:8: in <module>
    from test_looped_response_readout import make_actor
<frozen importlib._bootstrap>:1360: in _find_and_load
    ???
<frozen importlib._bootstrap>:1331: in _find_and_load_unlocked
    ???
<frozen importlib._bootstrap>:935: in _load_unlocked
    ???
../../looped-grpo-integration-20261003/.venv/lib/python3.12/site-packages/_pytest/assertion/rewrite.py:188: in exec_module
    exec(co, module.__dict__)
tests/plugins/test_looped_response_readout.py:9: in <module>
    from megatron.core.transformer.transformer_config import TransformerConfig
../evidence/h20-learner-prep-v1/sources/megatron/megatron/core/__init__.py:7: in <module>
    from megatron.core.inference_params import InferenceParams
../evidence/h20-learner-prep-v1/sources/megatron/megatron/core/inference_params.py:3: in <module>
    from .inference.contexts import (  # noqa: F401 # pylint: disable=unused-import
../evidence/h20-learner-prep-v1/sources/megatron/megatron/core/inference/contexts/__init__.py:16: in <module>
    from .dynamic_context import (
../evidence/h20-learner-prep-v1/sources/megatron/megatron/core/inference/contexts/dynamic_context.py:70: in <module>
    import wandb  # pylint: disable=unused-import
    ^^^^^^^^^^^^
../../looped-grpo-integration-20261003/.venv/lib/python3.12/site-packages/wandb/__init__.py:22: in <module>
    from wandb.sdk.lib import wb_logging as _wb_logging
../../looped-grpo-integration-20261003/.venv/lib/python3.12/site-packages/wandb/sdk/__init__.py:28: in <module>
    from .wandb_init import _attach, init
../../looped-grpo-integration-20261003/.venv/lib/python3.12/site-packages/wandb/sdk/wandb_init.py:40: in <module>
    from wandb.sdk.lib import noop_run, progress, runid, wb_logging
../../looped-grpo-integration-20261003/.venv/lib/python3.12/site-packages/wandb/sdk/lib/noop_run.py:9: in <module>
    from wandb.sdk import wandb_config, wandb_metric, wandb_run, wandb_settings
../../looped-grpo-integration-20261003/.venv/lib/python3.12/site-packages/wandb/sdk/wandb_run.py:32: in <module>
    from wandb.plot import CustomChart, Visualize
../../looped-grpo-integration-20261003/.venv/lib/python3.12/site-packages/wandb/plot/__init__.py:24: in <module>
    from wandb.plot.histogram import histogram
<frozen importlib._bootstrap>:1360: in _find_and_load
    ???
<frozen importlib._bootstrap>:1331: in _find_and_load_unlocked
    ???
<frozen importlib._bootstrap>:935: in _load_unlocked
    ???
<frozen importlib._bootstrap_external>:995: in exec_module
    ???
<frozen importlib._bootstrap_external>:1132: in get_code
    ???
../bench/resident_pytest.py:93: in resident_data
    raise OSError(61, "iCloud file is not resident", path)
E   ConnectionRefusedError: [Errno 61] iCloud file is not resident: '/Users/0z5a/Documents/infra/looped-grpo-integration-20261003/.venv/lib/python3.12/site-packages/wandb/plot/histogram.py'
=============================== warnings summary ===============================
../../looped-grpo-integration-20261003/.venv/lib/python3.12/site-packages/torch/jit/_script.py:365: 14 warnings
  /Users/0z5a/Documents/infra/looped-grpo-integration-20261003/.venv/lib/python3.12/site-packages/torch/jit/_script.py:365: DeprecationWarning: `torch.jit.script_method` is deprecated. Please switch to `torch.compile` or `torch.export`.
    warnings.warn(

../evidence/h20-learner-prep-v1/sources/megatron/megatron/core/distributed/fsdp/src/megatron_fsdp/mixed_precision.py:113
  /Users/0z5a/Documents/infra/flashrlt-20261005/evidence/h20-learner-prep-v1/sources/megatron/megatron/core/distributed/fsdp/src/megatron_fsdp/mixed_precision.py:113: UserWarning: Transformer Engine and Apex are not installed. Falling back to local implementations of multi_tensor_applier and multi_tensor_scale
    warnings.warn(

../evidence/h20-learner-prep-v1/sources/megatron/megatron/core/inference/contexts/__init__.py:9
  /Users/0z5a/Documents/infra/flashrlt-20261005/evidence/h20-learner-prep-v1/sources/megatron/megatron/core/inference/contexts/__init__.py:9: DeprecationWarning: The following imports from `dynamic_context.py` will be removed in this file in `megatron-core` 0.14. The imports here result in a cyclic import issue that causes rotary embeddings to import from Apex rather than Transformer Engine.
    warnings.warn(

-- Docs: https://docs.pytest.org/en/stable/how-to/capture-warnings.html
- generated xml file: /Users/0z5a/Documents/infra/flashrlt-20261005/evidence/huginn-prefix-restored-sources.xml -
=========================== short test summary info ============================
ERROR tests/plugins/test_huginn_prefix_fallback.py - ConnectionRefusedError: ...
!!!!!!!!!!!!!!!!!!!! Interrupted: 1 error during collection !!!!!!!!!!!!!!!!!!!!
======================== 16 warnings, 1 error in 2.27s =========================
