resident same-RECORD source: /Users/0z5a/Documents/infra/vime-sm120-initial-20260912/.venv/lib/python3.12/site-packages/torch/_native/ops/topk/__init__.py
resident same-RECORD source: /Users/0z5a/Documents/infra/vime-sm120-initial-20260912/.venv/lib/python3.12/site-packages/torch/_native/ops/topk/_common.py
torch=2.13.0 /Users/0z5a/Documents/infra/looped-grpo-integration-20261003/.venv/lib/python3.12/site-packages/torch/__init__.py
setuptools=84.0.0 /Users/0z5a/Documents/infra/looped-grpo-integration-20261003/.venv/lib/python3.12/site-packages/setuptools/__init__.py
============================= test session starts ==============================
platform darwin -- Python 3.12.14, pytest-9.1.1, pluggy-1.6.0
rootdir: /Users/0z5a/Documents/infra/flashrlt-20261005/vime
configfile: pyproject.toml
collected 40 items

tests/plugins/test_huginn_prefix_fallback.py ........................... [ 67%]
.                                                                        [ 70%]
tests/integration/test_native_prefix_train_step.py ssssssssssss          [100%]

=============================== warnings summary ===============================
../../looped-grpo-integration-20261003/.venv/lib/python3.12/site-packages/torch/jit/_script.py:365: 14 warnings
  /Users/0z5a/Documents/infra/looped-grpo-integration-20261003/.venv/lib/python3.12/site-packages/torch/jit/_script.py:365: DeprecationWarning: `torch.jit.script_method` is deprecated. Please switch to `torch.compile` or `torch.export`.
    warnings.warn(

../evidence/h20-learner-prep-v1/sources/megatron/megatron/core/distributed/fsdp/src/megatron_fsdp/mixed_precision.py:113
  /Users/0z5a/Documents/infra/flashrlt-20261005/evidence/h20-learner-prep-v1/sources/megatron/megatron/core/distributed/fsdp/src/megatron_fsdp/mixed_precision.py:113: UserWarning: Transformer Engine and Apex are not installed. Falling back to local implementations of multi_tensor_applier and multi_tensor_scale
    warnings.warn(

../evidence/h20-learner-prep-v1/sources/megatron/megatron/core/inference/contexts/__init__.py:9
  /Users/0z5a/Documents/infra/flashrlt-20261005/evidence/h20-learner-prep-v1/sources/megatron/megatron/core/inference/contexts/__init__.py:9: DeprecationWarning: The following imports from `dynamic_context.py` will be removed in this file in `megatron-core` 0.14. The imports here result in a cyclic import issue that causes rotary embeddings to import from Apex rather than Transformer Engine.
    warnings.warn(

../evidence/h20-learner-prep-v1/sources/megatron/megatron/core/optimizer/__init__.py:24
  /Users/0z5a/Documents/infra/flashrlt-20261005/evidence/h20-learner-prep-v1/sources/megatron/megatron/core/optimizer/__init__.py:24: UserWarning: Transformer Engine and Apex are not installed. Falling back to Torch optimizers.
    warnings.warn(

../evidence/h20-learner-prep-v1/sources/megatron/megatron/core/optimizer/optimizer.py:28
  /Users/0z5a/Documents/infra/flashrlt-20261005/evidence/h20-learner-prep-v1/sources/megatron/megatron/core/optimizer/optimizer.py:28: UserWarning: Transformer Engine and Apex are not installed. Falling back to local implementations of multi_tensor_applier and multi_tensor_scale
    warnings.warn(

../evidence/h20-learner-prep-v1/sources/megatron/megatron/core/optimizer/clip_grads.py:29
  /Users/0z5a/Documents/infra/flashrlt-20261005/evidence/h20-learner-prep-v1/sources/megatron/megatron/core/optimizer/clip_grads.py:29: UserWarning: Transformer Engine and Apex are not installed. Falling back to local implementations of multi_tensor_applier, multi_tensor_l2norm, and multi_tensor_scale
    warnings.warn(

tests/plugins/test_huginn_prefix_fallback.py: 25 warnings
  /Users/0z5a/Documents/infra/flashrlt-20261005/evidence/h20-learner-prep-v1/sources/megatron/megatron/core/transformer/transformer_config.py:1734: UserWarning: full scope is deprecated. Use empty cuda_graph_scope to capture the whole layer.
    warnings.warn(

-- Docs: https://docs.pytest.org/en/stable/how-to/capture-warnings.html
- generated xml file: /Users/0z5a/Documents/infra/flashrlt-20261005/evidence/huginn-prefix-package-source.xml -
============================== slowest durations ===============================
0.17s call     tests/plugins/test_huginn_prefix_fallback.py::test_latent_grouping_matches_full_replay_two_updates[1.0-microbatches0-2-token_mean-independent-0]
0.07s call     tests/plugins/test_huginn_prefix_fallback.py::test_latent_grouping_matches_full_replay_two_updates[1.0-microbatches1-1-token_mean-shared-5]
0.07s call     tests/plugins/test_huginn_prefix_fallback.py::test_latent_grouping_matches_full_replay_two_updates[1.0-microbatches1-1-token_mean-independent-0]
0.07s call     tests/plugins/test_huginn_prefix_fallback.py::test_latent_grouping_matches_full_replay_two_updates[1.0-microbatches1-1-token_mean-mixed-2]
0.07s call     tests/plugins/test_huginn_prefix_fallback.py::test_latent_grouping_matches_full_replay_two_updates[8.0-microbatches1-1-token_mean-independent-0]
0.07s call     tests/plugins/test_huginn_prefix_fallback.py::test_latent_grouping_matches_full_replay_two_updates[1.0-microbatches1-1-response_mean-mixed-2]
0.07s call     tests/plugins/test_huginn_prefix_fallback.py::test_latent_grouping_matches_full_replay_two_updates[1.0-microbatches0-2-token_mean-mixed-2]
0.06s call     tests/plugins/test_huginn_prefix_fallback.py::test_latent_grouping_matches_full_replay_two_updates[1.0-microbatches0-2-response_mean-independent-0]
0.06s call     tests/plugins/test_huginn_prefix_fallback.py::test_latent_grouping_matches_full_replay_two_updates[1.0-microbatches1-1-response_mean-shared-5]
0.06s call     tests/plugins/test_huginn_prefix_fallback.py::test_latent_grouping_matches_full_replay_two_updates[1.0-microbatches0-2-response_mean-shared-5]
0.06s call     tests/plugins/test_huginn_prefix_fallback.py::test_latent_grouping_matches_full_replay_two_updates[1.0-microbatches1-1-response_mean-independent-0]
0.06s call     tests/plugins/test_huginn_prefix_fallback.py::test_latent_grouping_matches_full_replay_two_updates[1.0-microbatches0-2-token_mean-shared-5]
0.06s call     tests/plugins/test_huginn_prefix_fallback.py::test_latent_grouping_matches_full_replay_two_updates[1.0-microbatches0-2-response_mean-mixed-2]
0.06s call     tests/plugins/test_huginn_prefix_fallback.py::test_latent_grouping_matches_full_replay_two_updates[8.0-microbatches1-1-response_mean-shared-5]
0.06s call     tests/plugins/test_huginn_prefix_fallback.py::test_latent_grouping_matches_full_replay_two_updates[8.0-microbatches1-1-token_mean-shared-5]
0.06s call     tests/plugins/test_huginn_prefix_fallback.py::test_latent_grouping_matches_full_replay_two_updates[8.0-microbatches0-2-response_mean-shared-5]
0.06s call     tests/plugins/test_huginn_prefix_fallback.py::test_latent_grouping_matches_full_replay_two_updates[8.0-microbatches1-1-token_mean-mixed-2]
0.06s call     tests/plugins/test_huginn_prefix_fallback.py::test_latent_grouping_matches_full_replay_two_updates[8.0-microbatches1-1-response_mean-mixed-2]
0.06s call     tests/plugins/test_huginn_prefix_fallback.py::test_latent_grouping_matches_full_replay_two_updates[8.0-microbatches1-1-response_mean-independent-0]
0.06s call     tests/plugins/test_huginn_prefix_fallback.py::test_latent_grouping_matches_full_replay_two_updates[8.0-microbatches0-2-response_mean-independent-0]
0.06s call     tests/plugins/test_huginn_prefix_fallback.py::test_latent_grouping_matches_full_replay_two_updates[8.0-microbatches0-2-response_mean-mixed-2]
0.06s call     tests/plugins/test_huginn_prefix_fallback.py::test_latent_grouping_matches_full_replay_two_updates[8.0-microbatches0-2-token_mean-mixed-2]
0.06s call     tests/plugins/test_huginn_prefix_fallback.py::test_latent_grouping_matches_full_replay_two_updates[8.0-microbatches0-2-token_mean-independent-0]
0.06s call     tests/plugins/test_huginn_prefix_fallback.py::test_latent_grouping_matches_full_replay_two_updates[8.0-microbatches0-2-token_mean-shared-5]

(84 durations < 0.005s hidden.  Use -vv to show these durations.)
================= 28 passed, 12 skipped, 44 warnings in 3.60s ==================
