torch=2.13.0 /Users/0z5a/Documents/infra/looped-grpo-integration-20261003/.venv/lib/python3.12/site-packages/torch/__init__.py
setuptools=84.0.0 /Users/0z5a/Documents/infra/looped-grpo-integration-20261003/.venv/lib/python3.12/site-packages/setuptools/__init__.py
============================= test session starts ==============================
platform darwin -- Python 3.12.14, pytest-9.1.1, pluggy-1.6.0
rootdir: /Users/0z5a/Documents/infra/flashrlt-20261005/vime
configfile: pyproject.toml
plugins: platformdirs-4.12.2, anyio-4.15.1
collected 27 items

tests/plugins/test_prefix_provider_entry.py ......                       [ 22%]
tests/rollout_backends/test_native_prefix_arguments.py .....             [ 40%]
tests/rollout_backends/test_native_colocation.py ............            [ 85%]
tests/rollout_backends/test_native_eval_arguments.py ..                  [ 92%]
tests/integration/test_native_prefix_train_step.py ss                    [100%]

=============================== warnings summary ===============================
../../looped-grpo-integration-20261003/.venv/lib/python3.12/site-packages/torch/jit/_script.py:365: 14 warnings
  /Users/0z5a/Documents/infra/looped-grpo-integration-20261003/.venv/lib/python3.12/site-packages/torch/jit/_script.py:365: DeprecationWarning: `torch.jit.script_method` is deprecated. Please switch to `torch.compile` or `torch.export`.
    warnings.warn(

../../looped-grpo-integration-20261003/runtime/megatron/megatron/core/distributed/fsdp/src/megatron_fsdp/mixed_precision.py:113
  /Users/0z5a/Documents/infra/looped-grpo-integration-20261003/runtime/megatron/megatron/core/distributed/fsdp/src/megatron_fsdp/mixed_precision.py:113: UserWarning: Transformer Engine and Apex are not installed. Falling back to local implementations of multi_tensor_applier and multi_tensor_scale
    warnings.warn(

../../looped-grpo-integration-20261003/runtime/megatron/megatron/core/inference/contexts/__init__.py:9
  /Users/0z5a/Documents/infra/looped-grpo-integration-20261003/runtime/megatron/megatron/core/inference/contexts/__init__.py:9: DeprecationWarning: The following imports from `dynamic_context.py` will be removed in this file in `megatron-core` 0.14. The imports here result in a cyclic import issue that causes rotary embeddings to import from Apex rather than Transformer Engine.
    warnings.warn(

../../looped-grpo-integration-20261003/runtime/megatron/megatron/core/optimizer/__init__.py:24
  /Users/0z5a/Documents/infra/looped-grpo-integration-20261003/runtime/megatron/megatron/core/optimizer/__init__.py:24: UserWarning: Transformer Engine and Apex are not installed. Falling back to Torch optimizers.
    warnings.warn(

../../looped-grpo-integration-20261003/runtime/megatron/megatron/core/optimizer/optimizer.py:28
  /Users/0z5a/Documents/infra/looped-grpo-integration-20261003/runtime/megatron/megatron/core/optimizer/optimizer.py:28: UserWarning: Transformer Engine and Apex are not installed. Falling back to local implementations of multi_tensor_applier and multi_tensor_scale
    warnings.warn(

../../looped-grpo-integration-20261003/runtime/megatron/megatron/core/optimizer/clip_grads.py:29
  /Users/0z5a/Documents/infra/looped-grpo-integration-20261003/runtime/megatron/megatron/core/optimizer/clip_grads.py:29: UserWarning: Transformer Engine and Apex are not installed. Falling back to local implementations of multi_tensor_applier, multi_tensor_l2norm, and multi_tensor_scale
    warnings.warn(

tests/plugins/test_prefix_provider_entry.py::test_prefix_forward_entry_preserves_all_parameter_gradients
tests/plugins/test_prefix_provider_entry.py::test_prefix_forward_rejects_mixed_contract[loss_mask-value0]
tests/plugins/test_prefix_provider_entry.py::test_prefix_forward_rejects_mixed_contract[recurrent_inputs-value1]
tests/plugins/test_prefix_provider_entry.py::test_prefix_forward_rejects_mixed_contract[position_ids-value2]
tests/plugins/test_prefix_provider_entry.py::test_prefix_forward_rejects_mixed_contract[attention_mask-value3]
tests/plugins/test_prefix_provider_entry.py::test_schedule_does_not_masquerade_an_unwrapped_component_as_mcore
  /Users/0z5a/Documents/infra/looped-grpo-integration-20261003/runtime/megatron/megatron/core/transformer/transformer_config.py:1734: UserWarning: full scope is deprecated. Use empty cuda_graph_scope to capture the whole layer.
    warnings.warn(

-- Docs: https://docs.pytest.org/en/stable/how-to/capture-warnings.html
- generated xml file: /Users/0z5a/Documents/infra/flashrlt-20261005/evidence/prefix-schedule-final.xml -
============================== slowest durations ===============================
4.67s call     tests/rollout_backends/test_native_eval_arguments.py::test_eval_sampling_is_separate_from_training_validation[1.0]
0.27s call     tests/plugins/test_prefix_provider_entry.py::test_prefix_forward_entry_preserves_all_parameter_gradients
0.09s setup    tests/rollout_backends/test_native_eval_arguments.py::test_eval_sampling_is_separate_from_training_validation[0.9]
0.04s setup    tests/integration/test_native_prefix_train_step.py::test_actual_mcore_prefix_train_step[token_mean]
0.04s teardown tests/rollout_backends/test_native_eval_arguments.py::test_eval_sampling_is_separate_from_training_validation[1.0]
0.01s call     tests/plugins/test_prefix_provider_entry.py::test_prefix_forward_rejects_mixed_contract[attention_mask-value3]
0.01s call     tests/rollout_backends/test_native_eval_arguments.py::test_eval_sampling_is_separate_from_training_validation[0.9]
0.01s call     tests/plugins/test_prefix_provider_entry.py::test_schedule_does_not_masquerade_an_unwrapped_component_as_mcore
0.01s call     tests/plugins/test_prefix_provider_entry.py::test_prefix_forward_rejects_mixed_contract[loss_mask-value0]
0.01s call     tests/plugins/test_prefix_provider_entry.py::test_prefix_forward_rejects_mixed_contract[position_ids-value2]
0.01s setup    tests/rollout_backends/test_native_prefix_arguments.py::test_prefix_backend_selection[0-policy_loss-ouro-True]

(68 durations < 0.005s hidden.  Use -vv to show these durations.)
================= 25 passed, 2 skipped, 25 warnings in 23.22s ==================
