torch=2.13.0 /Users/0z5a/Documents/infra/looped-grpo-integration-20261003/.venv/lib/python3.12/site-packages/torch/__init__.py
setuptools=84.0.0 /Users/0z5a/Documents/infra/looped-grpo-integration-20261003/.venv/lib/python3.12/site-packages/setuptools/__init__.py
============================= test session starts ==============================
platform darwin -- Python 3.12.14, pytest-9.1.1, pluggy-1.6.0
rootdir: /Users/0z5a/Documents/infra/flashrlt-20261005/vime
configfile: pyproject.toml
plugins: platformdirs-4.12.2, anyio-4.15.1
collected 209 items

tests/plugins/test_prefix_provider_entry.py ......                       [  2%]
tests/rollout_backends/test_native_prefix_arguments.py .....             [  5%]
tests/rollout_backends/test_native_colocation.py ............            [ 11%]
tests/rollout_backends/test_native_eval_arguments.py ..                  [ 11%]
tests/integration/test_native_prefix_train_step.py ss                    [ 12%]
tests/plugins/test_looped_logical_step.py .............................x [ 27%]
xxxxxxxxxxx                                                              [ 32%]
tests/plugins/test_rltt_training.py .................................... [ 49%]
...........                                                              [ 55%]
tests/plugins/test_differentiable_prefix.py ............................ [ 68%]
..................................................................       [100%]

=============================== warnings summary ===============================
../../looped-grpo-integration-20261003/.venv/lib/python3.12/site-packages/torch/jit/_script.py:365: 14 warnings
  /Users/0z5a/Documents/infra/looped-grpo-integration-20261003/.venv/lib/python3.12/site-packages/torch/jit/_script.py:365: DeprecationWarning: `torch.jit.script_method` is deprecated. Please switch to `torch.compile` or `torch.export`.
    warnings.warn(

../../looped-grpo-integration-20261003/runtime/megatron/megatron/core/distributed/fsdp/src/megatron_fsdp/mixed_precision.py:113
  /Users/0z5a/Documents/infra/looped-grpo-integration-20261003/runtime/megatron/megatron/core/distributed/fsdp/src/megatron_fsdp/mixed_precision.py:113: UserWarning: Transformer Engine and Apex are not installed. Falling back to local implementations of multi_tensor_applier and multi_tensor_scale
    warnings.warn(

../../looped-grpo-integration-20261003/runtime/megatron/megatron/core/inference/contexts/__init__.py:9
  /Users/0z5a/Documents/infra/looped-grpo-integration-20261003/runtime/megatron/megatron/core/inference/contexts/__init__.py:9: DeprecationWarning: The following imports from `dynamic_context.py` will be removed in this file in `megatron-core` 0.14. The imports here result in a cyclic import issue that causes rotary embeddings to import from Apex rather than Transformer Engine.
    warnings.warn(

../../looped-grpo-integration-20261003/runtime/megatron/megatron/core/optimizer/__init__.py:24
  /Users/0z5a/Documents/infra/looped-grpo-integration-20261003/runtime/megatron/megatron/core/optimizer/__init__.py:24: UserWarning: Transformer Engine and Apex are not installed. Falling back to Torch optimizers.
    warnings.warn(

../../looped-grpo-integration-20261003/runtime/megatron/megatron/core/optimizer/optimizer.py:28
  /Users/0z5a/Documents/infra/looped-grpo-integration-20261003/runtime/megatron/megatron/core/optimizer/optimizer.py:28: UserWarning: Transformer Engine and Apex are not installed. Falling back to local implementations of multi_tensor_applier and multi_tensor_scale
    warnings.warn(

../../looped-grpo-integration-20261003/runtime/megatron/megatron/core/optimizer/clip_grads.py:29
  /Users/0z5a/Documents/infra/looped-grpo-integration-20261003/runtime/megatron/megatron/core/optimizer/clip_grads.py:29: UserWarning: Transformer Engine and Apex are not installed. Falling back to local implementations of multi_tensor_applier, multi_tensor_l2norm, and multi_tensor_scale
    warnings.warn(

tests/plugins/test_prefix_provider_entry.py: 6 warnings
tests/plugins/test_looped_logical_step.py: 24 warnings
tests/plugins/test_rltt_training.py: 36 warnings
tests/plugins/test_differentiable_prefix.py: 90 warnings
  /Users/0z5a/Documents/infra/looped-grpo-integration-20261003/runtime/megatron/megatron/core/transformer/transformer_config.py:1734: UserWarning: full scope is deprecated. Use empty cuda_graph_scope to capture the whole layer.
    warnings.warn(

tests/plugins/test_looped_logical_step.py::test_two_adam_updates_match_dense_and_mcore_scaling[dtype0-1.0-groups0-1-token_mean]
  /Users/0z5a/Documents/infra/looped-grpo-integration-20261003/runtime/megatron/megatron/core/models/backends.py:21: UserWarning: Apex is not installed. Falling back to Torch Norm
    warnings.warn("Apex is not installed. Falling back to Torch Norm")

-- Docs: https://docs.pytest.org/en/stable/how-to/capture-warnings.html
- generated xml file: /Users/0z5a/Documents/infra/flashrlt-20261005/evidence/prefix-schedule-first.xml -
============================== slowest durations ===============================
4.69s call     tests/rollout_backends/test_native_eval_arguments.py::test_eval_sampling_is_separate_from_training_validation[1.0]
2.27s call     tests/plugins/test_rltt_training.py::test_packed_reference_and_logical_microbatch_gradient[remat-True-token_mean-nanbeige]
1.99s call     tests/plugins/test_rltt_training.py::test_packed_reference_and_logical_microbatch_gradient[sdpa-reference-True-token_mean-ouro]
1.40s call     tests/plugins/test_rltt_training.py::test_packed_reference_and_logical_microbatch_gradient[remat-True-response_mean-ouro]
1.38s call     tests/plugins/test_looped_logical_step.py::test_two_adam_updates_match_dense_and_mcore_scaling[dtype1-8.0-groups2-3-response_mean]
1.36s call     tests/plugins/test_looped_logical_step.py::test_two_adam_updates_match_dense_and_mcore_scaling[dtype0-8.0-groups0-1-token_mean]
1.36s call     tests/plugins/test_looped_logical_step.py::test_two_adam_updates_match_dense_and_mcore_scaling[dtype1-8.0-groups0-1-token_mean]
1.30s call     tests/plugins/test_looped_logical_step.py::test_two_adam_updates_match_dense_and_mcore_scaling[dtype0-1.0-groups0-1-token_mean]
1.23s call     tests/plugins/test_rltt_training.py::test_packed_reference_and_logical_microbatch_gradient[remat-True-token_mean-ouro]
1.21s call     tests/plugins/test_looped_logical_step.py::test_two_adam_updates_match_dense_and_mcore_scaling[dtype1-8.0-groups2-3-token_mean]
1.17s call     tests/plugins/test_looped_logical_step.py::test_two_adam_updates_match_dense_and_mcore_scaling[dtype1-8.0-groups1-2-response_mean]
1.16s call     tests/plugins/test_looped_logical_step.py::test_two_adam_updates_match_dense_and_mcore_scaling[dtype1-8.0-groups0-1-response_mean]
1.15s call     tests/plugins/test_rltt_training.py::test_packed_reference_and_logical_microbatch_gradient[remat-False-token_mean-ouro]
1.13s call     tests/plugins/test_looped_logical_step.py::test_two_adam_updates_match_dense_and_mcore_scaling[dtype1-1.0-groups0-1-response_mean]
1.11s call     tests/plugins/test_rltt_training.py::test_packed_reference_and_logical_microbatch_gradient[remat-False-response_mean-ouro]
1.07s call     tests/plugins/test_looped_logical_step.py::test_two_adam_updates_match_dense_and_mcore_scaling[dtype1-1.0-groups1-2-token_mean]
1.05s call     tests/plugins/test_looped_logical_step.py::test_two_adam_updates_match_dense_and_mcore_scaling[dtype1-1.0-groups2-3-response_mean]
1.02s call     tests/plugins/test_looped_logical_step.py::test_two_adam_updates_match_dense_and_mcore_scaling[dtype0-1.0-groups2-3-token_mean]
1.00s call     tests/plugins/test_rltt_training.py::test_packed_reference_and_logical_microbatch_gradient[serial-True-token_mean-ouro]
0.97s call     tests/plugins/test_looped_logical_step.py::test_two_adam_updates_match_dense_and_mcore_scaling[dtype1-1.0-groups1-2-response_mean]
0.95s call     tests/plugins/test_looped_logical_step.py::test_two_adam_updates_match_dense_and_mcore_scaling[dtype0-1.0-groups1-2-response_mean]
0.94s call     tests/plugins/test_looped_logical_step.py::test_two_adam_updates_match_dense_and_mcore_scaling[dtype1-1.0-groups2-3-token_mean]
0.89s call     tests/plugins/test_rltt_training.py::test_packed_reference_and_logical_microbatch_gradient[remat-True-token_mean-huginn]
0.84s call     tests/plugins/test_looped_logical_step.py::test_two_adam_updates_match_dense_and_mcore_scaling[dtype1-8.0-groups1-2-token_mean]
0.83s call     tests/plugins/test_looped_logical_step.py::test_two_adam_updates_match_dense_and_mcore_scaling[dtype0-8.0-groups0-1-response_mean]
0.81s call     tests/plugins/test_looped_logical_step.py::test_two_adam_updates_match_dense_and_mcore_scaling[dtype0-8.0-groups1-2-token_mean]
0.80s call     tests/plugins/test_rltt_training.py::test_packed_reference_and_logical_microbatch_gradient[sdpa-reference-True-response_mean-ouro]
0.79s call     tests/plugins/test_rltt_training.py::test_packed_reference_and_logical_microbatch_gradient[remat-False-response_mean-nanbeige]
0.78s call     tests/plugins/test_rltt_training.py::test_packed_reference_and_logical_microbatch_gradient[remat-False-token_mean-huginn]
0.77s call     tests/plugins/test_looped_logical_step.py::test_two_adam_updates_match_dense_and_mcore_scaling[dtype0-8.0-groups1-2-response_mean]
0.75s call     tests/plugins/test_looped_logical_step.py::test_two_adam_updates_match_dense_and_mcore_scaling[dtype1-1.0-groups0-1-token_mean]
0.70s call     tests/plugins/test_looped_logical_step.py::test_two_adam_updates_match_dense_and_mcore_scaling[dtype0-1.0-groups1-2-token_mean]
0.70s call     tests/plugins/test_looped_logical_step.py::test_two_adam_updates_match_dense_and_mcore_scaling[dtype0-1.0-groups0-1-response_mean]
0.69s call     tests/plugins/test_looped_logical_step.py::test_two_adam_updates_match_dense_and_mcore_scaling[dtype0-8.0-groups2-3-token_mean]
0.67s call     tests/plugins/test_looped_logical_step.py::test_two_adam_updates_match_dense_and_mcore_scaling[dtype0-8.0-groups2-3-response_mean]
0.65s call     tests/plugins/test_looped_logical_step.py::test_two_adam_updates_match_dense_and_mcore_scaling[dtype0-1.0-groups2-3-response_mean]
0.64s call     tests/plugins/test_rltt_training.py::test_packed_reference_and_logical_microbatch_gradient[serial-True-response_mean-ouro]
0.63s call     tests/plugins/test_rltt_training.py::test_packed_reference_and_logical_microbatch_gradient[serial-True-token_mean-huginn]
0.62s call     tests/plugins/test_rltt_training.py::test_packed_reference_and_logical_microbatch_gradient[remat-False-response_mean-huginn]
0.54s call     tests/plugins/test_rltt_training.py::test_packed_reference_and_logical_microbatch_gradient[remat-True-response_mean-huginn]
0.51s call     tests/plugins/test_rltt_training.py::test_packed_reference_and_logical_microbatch_gradient[serial-False-token_mean-ouro]
0.45s call     tests/plugins/test_rltt_training.py::test_packed_reference_and_logical_microbatch_gradient[serial-True-response_mean-huginn]
0.42s call     tests/plugins/test_rltt_training.py::test_packed_reference_and_logical_microbatch_gradient[sdpa-reference-True-response_mean-huginn]
0.42s call     tests/plugins/test_rltt_training.py::test_packed_reference_and_logical_microbatch_gradient[remat-False-token_mean-nanbeige]
0.41s call     tests/plugins/test_rltt_training.py::test_packed_reference_and_logical_microbatch_gradient[serial-True-token_mean-nanbeige]
0.40s call     tests/plugins/test_rltt_training.py::test_packed_reference_and_logical_microbatch_gradient[sdpa-reference-True-token_mean-huginn]
0.34s call     tests/plugins/test_prefix_provider_entry.py::test_prefix_forward_entry_preserves_all_parameter_gradients
0.34s call     tests/plugins/test_rltt_training.py::test_packed_reference_and_logical_microbatch_gradient[serial-False-response_mean-ouro]
0.33s call     tests/plugins/test_rltt_training.py::test_packed_reference_and_logical_microbatch_gradient[serial-False-response_mean-huginn]
0.33s call     tests/plugins/test_rltt_training.py::test_packed_reference_and_logical_microbatch_gradient[sdpa-reference-False-response_mean-ouro]
0.32s call     tests/plugins/test_differentiable_prefix.py::test_full_gradient_and_update_across_suffix_microbatches[False-dtype1-groups1-False-ouro]
0.32s call     tests/plugins/test_rltt_training.py::test_packed_reference_and_logical_microbatch_gradient[sdpa-reference-True-response_mean-nanbeige]
0.32s call     tests/plugins/test_rltt_training.py::test_packed_reference_and_logical_microbatch_gradient[remat-True-response_mean-nanbeige]
0.32s call     tests/plugins/test_rltt_training.py::test_packed_reference_and_logical_microbatch_gradient[serial-False-token_mean-huginn]
0.31s call     tests/plugins/test_rltt_training.py::test_packed_reference_and_logical_microbatch_gradient[sdpa-reference-False-response_mean-huginn]
0.31s call     tests/plugins/test_differentiable_prefix.py::test_full_gradient_and_update_across_suffix_microbatches[False-dtype1-groups0-True-huginn]
0.31s call     tests/plugins/test_differentiable_prefix.py::test_full_gradient_and_update_across_suffix_microbatches[False-dtype1-groups2-False-huginn]
0.27s call     tests/plugins/test_rltt_training.py::test_packed_reference_and_logical_microbatch_gradient[sdpa-reference-False-token_mean-ouro]
0.27s call     tests/plugins/test_differentiable_prefix.py::test_full_gradient_and_update_across_suffix_microbatches[True-dtype0-groups2-True-huginn]
0.26s call     tests/plugins/test_rltt_training.py::test_packed_reference_and_logical_microbatch_gradient[sdpa-reference-False-token_mean-huginn]
0.22s call     tests/plugins/test_rltt_training.py::test_packed_reference_and_logical_microbatch_gradient[serial-True-response_mean-nanbeige]
0.22s call     tests/plugins/test_differentiable_prefix.py::test_full_gradient_and_update_across_suffix_microbatches[True-dtype0-groups0-False-huginn]
0.21s call     tests/plugins/test_differentiable_prefix.py::test_full_gradient_and_update_across_suffix_microbatches[False-dtype0-groups0-True-ouro]
0.21s call     tests/plugins/test_differentiable_prefix.py::test_full_gradient_and_update_across_suffix_microbatches[True-dtype1-groups2-False-ouro]
0.20s call     tests/plugins/test_rltt_training.py::test_packed_reference_and_logical_microbatch_gradient[serial-False-token_mean-nanbeige]
0.19s call     tests/plugins/test_rltt_training.py::test_packed_reference_and_logical_microbatch_gradient[sdpa-reference-True-token_mean-nanbeige]
0.19s call     tests/plugins/test_differentiable_prefix.py::test_full_gradient_and_update_across_suffix_microbatches[True-dtype1-groups1-True-huginn]
0.19s call     tests/plugins/test_differentiable_prefix.py::test_full_gradient_and_update_across_suffix_microbatches[True-dtype1-groups2-True-huginn]
0.19s call     tests/plugins/test_differentiable_prefix.py::test_full_gradient_and_update_across_suffix_microbatches[True-dtype1-groups1-True-ouro]
0.18s call     tests/plugins/test_differentiable_prefix.py::test_full_gradient_and_update_across_suffix_microbatches[False-dtype0-groups0-False-huginn]
0.18s call     tests/plugins/test_differentiable_prefix.py::test_full_gradient_and_update_across_suffix_microbatches[False-dtype0-groups0-True-huginn]
0.18s call     tests/plugins/test_differentiable_prefix.py::test_full_gradient_and_update_across_suffix_microbatches[False-dtype0-groups2-True-huginn]
0.18s call     tests/plugins/test_differentiable_prefix.py::test_full_gradient_and_update_across_suffix_microbatches[False-dtype1-groups2-True-huginn]
0.18s call     tests/plugins/test_differentiable_prefix.py::test_full_gradient_and_update_across_suffix_microbatches[False-dtype0-groups0-False-ouro]
0.17s call     tests/plugins/test_differentiable_prefix.py::test_full_gradient_and_update_across_suffix_microbatches[True-dtype0-groups1-True-ouro]
0.17s call     tests/plugins/test_differentiable_prefix.py::test_full_gradient_and_update_across_suffix_microbatches[True-dtype1-groups0-True-huginn]
0.17s call     tests/plugins/test_differentiable_prefix.py::test_full_gradient_and_update_across_suffix_microbatches[True-dtype1-groups1-False-ouro]
0.17s call     tests/plugins/test_differentiable_prefix.py::test_full_gradient_and_update_across_suffix_microbatches[True-dtype0-groups0-False-ouro]
0.17s call     tests/plugins/test_differentiable_prefix.py::test_full_gradient_and_update_across_suffix_microbatches[False-dtype0-groups2-True-ouro]
0.16s call     tests/plugins/test_differentiable_prefix.py::test_full_gradient_and_update_across_suffix_microbatches[True-dtype0-groups1-True-huginn]
0.16s call     tests/plugins/test_differentiable_prefix.py::test_full_gradient_and_update_across_suffix_microbatches[True-dtype1-groups2-True-ouro]
0.16s call     tests/plugins/test_differentiable_prefix.py::test_full_gradient_and_update_across_suffix_microbatches[True-dtype0-groups0-True-huginn]
0.16s call     tests/plugins/test_differentiable_prefix.py::test_full_gradient_and_update_across_suffix_microbatches[True-dtype0-groups1-False-huginn]
0.16s call     tests/plugins/test_differentiable_prefix.py::test_full_gradient_and_update_across_suffix_microbatches[False-dtype1-groups2-True-ouro]
0.15s call     tests/plugins/test_differentiable_prefix.py::test_full_gradient_and_update_across_suffix_microbatches[True-dtype1-groups0-True-ouro]
0.15s call     tests/plugins/test_differentiable_prefix.py::test_full_gradient_and_update_across_suffix_microbatches[False-dtype0-groups1-True-huginn]
0.15s call     tests/plugins/test_differentiable_prefix.py::test_full_gradient_and_update_across_suffix_microbatches[True-dtype1-groups0-False-ouro]
0.15s call     tests/plugins/test_differentiable_prefix.py::test_full_gradient_and_update_across_suffix_microbatches[False-dtype1-groups0-True-ouro]
0.15s call     tests/plugins/test_rltt_training.py::test_packed_reference_and_logical_microbatch_gradient[sdpa-reference-False-response_mean-nanbeige]
0.14s call     tests/plugins/test_rltt_training.py::test_packed_reference_and_logical_microbatch_gradient[serial-False-response_mean-nanbeige]
0.14s call     tests/plugins/test_differentiable_prefix.py::test_full_gradient_and_update_across_suffix_microbatches[True-dtype1-groups2-False-huginn]
0.14s call     tests/plugins/test_differentiable_prefix.py::test_full_gradient_and_update_across_suffix_microbatches[False-dtype1-groups1-True-huginn]
0.14s call     tests/plugins/test_differentiable_prefix.py::test_full_gradient_and_update_across_suffix_microbatches[False-dtype1-groups0-False-ouro]
0.14s call     tests/plugins/test_differentiable_prefix.py::test_full_gradient_and_update_across_suffix_microbatches[True-dtype1-groups1-False-huginn]
0.13s call     tests/plugins/test_differentiable_prefix.py::test_full_gradient_and_update_across_suffix_microbatches[False-dtype0-groups1-True-ouro]
0.13s call     tests/plugins/test_differentiable_prefix.py::test_full_gradient_and_update_across_suffix_microbatches[False-dtype0-groups1-False-ouro]
0.13s call     tests/plugins/test_differentiable_prefix.py::test_full_gradient_and_update_across_suffix_microbatches[False-dtype1-groups1-False-huginn]
0.13s call     tests/plugins/test_differentiable_prefix.py::test_full_gradient_and_update_across_suffix_microbatches[False-dtype1-groups1-True-ouro]
0.13s call     tests/plugins/test_differentiable_prefix.py::test_full_gradient_and_update_across_suffix_microbatches[True-dtype1-groups0-False-huginn]
0.13s call     tests/plugins/test_differentiable_prefix.py::test_full_gradient_and_update_across_suffix_microbatches[False-dtype0-groups2-False-ouro]
0.13s call     tests/plugins/test_differentiable_prefix.py::test_full_gradient_and_update_across_suffix_microbatches[False-dtype0-groups1-False-huginn]
0.13s call     tests/plugins/test_differentiable_prefix.py::test_full_gradient_and_update_across_suffix_microbatches[True-dtype0-groups2-False-ouro]
0.13s call     tests/plugins/test_differentiable_prefix.py::test_full_gradient_and_update_across_suffix_microbatches[True-dtype0-groups1-False-ouro]
0.12s call     tests/plugins/test_rltt_training.py::test_packed_reference_and_logical_microbatch_gradient[sdpa-reference-False-token_mean-nanbeige]
0.12s call     tests/plugins/test_differentiable_prefix.py::test_full_gradient_and_update_across_suffix_microbatches[False-dtype1-groups2-False-ouro]
0.12s call     tests/plugins/test_differentiable_prefix.py::test_full_gradient_and_update_across_suffix_microbatches[True-dtype0-groups2-True-ouro]
0.12s call     tests/plugins/test_differentiable_prefix.py::test_full_gradient_and_update_across_suffix_microbatches[True-dtype0-groups2-False-huginn]
0.12s call     tests/plugins/test_differentiable_prefix.py::test_full_gradient_and_update_across_suffix_microbatches[True-dtype0-groups0-True-ouro]
0.12s call     tests/plugins/test_differentiable_prefix.py::test_full_gradient_and_update_across_suffix_microbatches[False-dtype1-groups0-False-huginn]
0.11s call     tests/plugins/test_differentiable_prefix.py::test_full_gradient_and_update_across_suffix_microbatches[False-dtype0-groups2-False-huginn]
0.11s teardown tests/plugins/test_looped_logical_step.py::test_two_adam_updates_match_dense_and_mcore_scaling[dtype1-8.0-groups0-1-token_mean]
0.11s call     tests/plugins/test_differentiable_prefix.py::test_full_gradient_and_update_across_suffix_microbatches[False-dtype1-groups0-True-nanbeige]
0.10s call     tests/plugins/test_differentiable_prefix.py::test_full_gradient_and_update_across_suffix_microbatches[False-dtype1-groups2-True-nanbeige]
0.10s call     tests/plugins/test_differentiable_prefix.py::test_full_gradient_and_update_across_suffix_microbatches[False-dtype0-groups2-True-nanbeige]
0.09s call     tests/plugins/test_differentiable_prefix.py::test_full_gradient_and_update_across_suffix_microbatches[True-dtype0-groups1-False-nanbeige]
0.09s call     tests/plugins/test_differentiable_prefix.py::test_full_gradient_and_update_across_suffix_microbatches[True-dtype1-groups0-False-nanbeige]
0.09s call     tests/plugins/test_differentiable_prefix.py::test_full_gradient_and_update_across_suffix_microbatches[False-dtype0-groups0-True-nanbeige]
0.09s call     tests/plugins/test_differentiable_prefix.py::test_packed_suffix_empty_single_token_and_ragged_gradients[lengths2-huginn]
0.09s call     tests/plugins/test_differentiable_prefix.py::test_full_gradient_and_update_across_suffix_microbatches[True-dtype0-groups1-True-nanbeige]
0.09s call     tests/plugins/test_differentiable_prefix.py::test_full_gradient_and_update_across_suffix_microbatches[True-dtype1-groups2-False-nanbeige]
0.09s call     tests/plugins/test_differentiable_prefix.py::test_full_gradient_and_update_across_suffix_microbatches[True-dtype1-groups1-False-nanbeige]
0.09s call     tests/plugins/test_differentiable_prefix.py::test_full_gradient_and_update_across_suffix_microbatches[True-dtype0-groups0-False-nanbeige]
0.09s setup    tests/plugins/test_looped_logical_step.py::test_two_adam_updates_match_dense_and_mcore_scaling[dtype1-8.0-groups0-1-response_mean]
0.08s call     tests/plugins/test_differentiable_prefix.py::test_full_gradient_and_update_across_suffix_microbatches[True-dtype1-groups1-True-nanbeige]
0.08s call     tests/plugins/test_differentiable_prefix.py::test_full_gradient_and_update_across_suffix_microbatches[False-dtype1-groups2-False-nanbeige]
0.08s call     tests/plugins/test_differentiable_prefix.py::test_full_gradient_and_update_across_suffix_microbatches[False-dtype0-groups0-False-nanbeige]
0.08s call     tests/plugins/test_differentiable_prefix.py::test_full_gradient_and_update_across_suffix_microbatches[False-dtype1-groups0-False-nanbeige]
0.08s call     tests/plugins/test_differentiable_prefix.py::test_full_gradient_and_update_across_suffix_microbatches[True-dtype1-groups2-True-nanbeige]
0.08s call     tests/plugins/test_differentiable_prefix.py::test_full_gradient_and_update_across_suffix_microbatches[True-dtype0-groups2-True-nanbeige]
0.08s call     tests/plugins/test_differentiable_prefix.py::test_full_gradient_and_update_across_suffix_microbatches[False-dtype1-groups1-False-nanbeige]
0.07s call     tests/plugins/test_differentiable_prefix.py::test_full_gradient_and_update_across_suffix_microbatches[False-dtype0-groups1-True-nanbeige]
0.07s call     tests/plugins/test_differentiable_prefix.py::test_packed_suffix_empty_single_token_and_ragged_gradients[lengths2-ouro]
0.07s call     tests/plugins/test_differentiable_prefix.py::test_full_gradient_and_update_across_suffix_microbatches[True-dtype1-groups0-True-nanbeige]
0.07s call     tests/plugins/test_differentiable_prefix.py::test_full_gradient_and_update_across_suffix_microbatches[True-dtype0-groups2-False-nanbeige]
0.06s call     tests/plugins/test_differentiable_prefix.py::test_full_gradient_and_update_across_suffix_microbatches[False-dtype0-groups2-False-nanbeige]
0.06s call     tests/plugins/test_differentiable_prefix.py::test_full_gradient_and_update_across_suffix_microbatches[True-dtype0-groups0-True-nanbeige]
0.06s call     tests/plugins/test_differentiable_prefix.py::test_full_gradient_and_update_across_suffix_microbatches[False-dtype1-groups1-True-nanbeige]
0.06s call     tests/plugins/test_differentiable_prefix.py::test_full_gradient_and_update_across_suffix_microbatches[False-dtype0-groups1-False-nanbeige]
0.05s call     tests/plugins/test_differentiable_prefix.py::test_packed_suffix_empty_single_token_and_ragged_gradients[lengths1-huginn]
0.05s call     tests/plugins/test_differentiable_prefix.py::test_packed_suffix_empty_single_token_and_ragged_gradients[lengths2-nanbeige]
0.05s call     tests/plugins/test_differentiable_prefix.py::test_packed_suffix_empty_single_token_and_ragged_gradients[lengths1-ouro]
0.05s call     tests/plugins/test_differentiable_prefix.py::test_first_response_readout_is_a_live_boundary[ouro]
0.05s call     tests/plugins/test_differentiable_prefix.py::test_packed_suffix_empty_single_token_and_ragged_gradients[lengths0-ouro]
0.04s teardown tests/plugins/test_rltt_training.py::test_packed_reference_and_logical_microbatch_gradient[remat-True-token_mean-huginn]
0.04s call     tests/plugins/test_differentiable_prefix.py::test_packed_suffix_empty_single_token_and_ragged_gradients[lengths0-huginn]
0.03s teardown tests/plugins/test_differentiable_prefix.py::test_full_gradient_and_update_across_suffix_microbatches[True-dtype0-groups2-True-huginn]
0.03s teardown tests/plugins/test_looped_logical_step.py::test_two_adam_updates_match_dense_and_mcore_scaling[dtype1-1.0-groups2-3-response_mean]
0.03s call     tests/plugins/test_differentiable_prefix.py::test_empty_response_and_replaced_parameter[huginn]
0.03s call     tests/plugins/test_differentiable_prefix.py::test_packed_suffix_empty_single_token_and_ragged_gradients[lengths0-nanbeige]
0.03s call     tests/plugins/test_differentiable_prefix.py::test_packed_suffix_empty_single_token_and_ragged_gradients[lengths1-nanbeige]
0.03s call     tests/plugins/test_differentiable_prefix.py::test_first_response_readout_is_a_live_boundary[nanbeige]
0.03s call     tests/plugins/test_differentiable_prefix.py::test_prefix_backward_is_once_per_logical_group
0.03s call     tests/plugins/test_differentiable_prefix.py::test_empty_response_and_replaced_parameter[ouro]
0.03s call     tests/plugins/test_differentiable_prefix.py::test_huginn_prefix_does_not_alias_different_latent_identities
0.03s teardown tests/plugins/test_looped_logical_step.py::test_two_adam_updates_match_dense_and_mcore_scaling[dtype1-8.0-groups2-3-response_mean]
0.02s teardown tests/plugins/test_rltt_training.py::test_packed_reference_and_logical_microbatch_gradient[remat-True-token_mean-ouro]
0.02s teardown tests/plugins/test_looped_logical_step.py::test_two_adam_updates_match_dense_and_mcore_scaling[dtype1-1.0-groups1-2-token_mean]
0.02s call     tests/plugins/test_prefix_provider_entry.py::test_prefix_forward_rejects_mixed_contract[loss_mask-value0]
0.02s teardown tests/plugins/test_rltt_training.py::test_packed_reference_and_logical_microbatch_gradient[serial-True-token_mean-ouro]
0.02s teardown tests/plugins/test_rltt_training.py::test_packed_reference_and_logical_microbatch_gradient[remat-False-token_mean-ouro]
0.02s teardown tests/plugins/test_looped_logical_step.py::test_two_adam_updates_match_dense_and_mcore_scaling[dtype1-8.0-groups2-3-token_mean]
0.02s call     tests/plugins/test_differentiable_prefix.py::test_policy_prompt_depth_and_parameter_mutation_rejected
0.02s teardown tests/plugins/test_looped_logical_step.py::test_two_adam_updates_match_dense_and_mcore_scaling[dtype1-8.0-groups1-2-response_mean]
0.02s call     tests/plugins/test_differentiable_prefix.py::test_empty_response_and_replaced_parameter[nanbeige]
0.02s teardown tests/plugins/test_looped_logical_step.py::test_two_adam_updates_match_dense_and_mcore_scaling[dtype0-8.0-groups2-3-response_mean]
0.02s teardown tests/plugins/test_rltt_training.py::test_packed_reference_and_logical_microbatch_gradient[remat-False-response_mean-ouro]
0.02s teardown tests/plugins/test_rltt_training.py::test_packed_reference_and_logical_microbatch_gradient[remat-False-response_mean-huginn]
0.02s call     tests/plugins/test_looped_logical_step.py::test_plan_preserves_logical_weights_and_original_identities[groups0-1-token_mean]
0.02s setup    tests/integration/test_native_prefix_train_step.py::test_actual_mcore_prefix_train_step[token_mean]
0.02s teardown tests/plugins/test_rltt_training.py::test_packed_reference_and_logical_microbatch_gradient[remat-False-token_mean-huginn]
0.01s teardown tests/plugins/test_looped_logical_step.py::test_two_adam_updates_match_dense_and_mcore_scaling[dtype1-8.0-groups0-1-response_mean]
0.01s teardown tests/plugins/test_looped_logical_step.py::test_two_adam_updates_match_dense_and_mcore_scaling[dtype1-1.0-groups2-3-token_mean]
0.01s call     tests/plugins/test_prefix_provider_entry.py::test_prefix_forward_rejects_mixed_contract[recurrent_inputs-value1]
0.01s setup    tests/plugins/test_rltt_training.py::test_packed_reference_and_logical_microbatch_gradient[sdpa-reference-True-response_mean-huginn]
0.01s teardown tests/plugins/test_looped_logical_step.py::test_two_adam_updates_match_dense_and_mcore_scaling[dtype1-1.0-groups0-1-token_mean]
0.01s call     tests/plugins/test_differentiable_prefix.py::test_strict_fp64_attention_and_all_boundary_adjoints[1-1]
0.01s call     tests/plugins/test_differentiable_prefix.py::test_group_partition_rejects_missing_and_duplicate_suffixes
0.01s teardown tests/plugins/test_looped_logical_step.py::test_two_adam_updates_match_dense_and_mcore_scaling[dtype1-1.0-groups0-1-response_mean]
0.01s setup    tests/plugins/test_looped_logical_step.py::test_two_adam_updates_match_dense_and_mcore_scaling[dtype1-1.0-groups2-3-response_mean]
0.01s call     tests/plugins/test_prefix_provider_entry.py::test_prefix_forward_rejects_mixed_contract[position_ids-value2]
0.01s teardown tests/plugins/test_rltt_training.py::test_packed_reference_and_logical_microbatch_gradient[sdpa-reference-True-response_mean-nanbeige]
0.01s setup    tests/plugins/test_looped_logical_step.py::test_plan_preserves_logical_weights_and_original_identities[groups0-1-token_mean]
0.01s teardown tests/plugins/test_looped_logical_step.py::test_two_adam_updates_match_dense_and_mcore_scaling[dtype0-8.0-groups0-1-response_mean]
0.01s teardown tests/plugins/test_rltt_training.py::test_packed_reference_and_logical_microbatch_gradient[serial-True-token_mean-huginn]
0.01s teardown tests/plugins/test_looped_logical_step.py::test_two_adam_updates_match_dense_and_mcore_scaling[dtype0-1.0-groups1-2-response_mean]
0.01s teardown tests/plugins/test_rltt_training.py::test_packed_reference_and_logical_microbatch_gradient[remat-True-response_mean-ouro]
0.01s setup    tests/rollout_backends/test_native_prefix_arguments.py::test_prefix_backend_selection[2-rltt_loss-nanbeige-False]
0.01s setup    tests/plugins/test_rltt_training.py::test_packed_reference_and_logical_microbatch_gradient[sdpa-reference-True-response_mean-nanbeige]
0.01s teardown tests/plugins/test_looped_logical_step.py::test_two_adam_updates_match_dense_and_mcore_scaling[dtype1-1.0-groups1-2-response_mean]
0.01s teardown tests/plugins/test_rltt_training.py::test_packed_reference_and_logical_microbatch_gradient[sdpa-reference-True-token_mean-ouro]
0.01s teardown tests/plugins/test_looped_logical_step.py::test_two_adam_updates_match_dense_and_mcore_scaling[dtype1-8.0-groups1-2-token_mean]
0.01s setup    tests/rollout_backends/test_native_prefix_arguments.py::test_prefix_backend_selection[0-policy_loss-ouro-True]
0.01s setup    tests/plugins/test_looped_logical_step.py::test_two_adam_updates_match_dense_and_mcore_scaling[dtype0-8.0-groups1-2-token_mean]
0.01s call     tests/plugins/test_prefix_provider_entry.py::test_schedule_does_not_masquerade_an_unwrapped_component_as_mcore
0.01s teardown tests/plugins/test_looped_logical_step.py::test_two_adam_updates_match_dense_and_mcore_scaling[dtype0-1.0-groups0-1-token_mean]
0.01s call     tests/plugins/test_prefix_provider_entry.py::test_prefix_forward_rejects_mixed_contract[attention_mask-value3]
0.01s setup    tests/plugins/test_rltt_training.py::test_packed_reference_and_logical_microbatch_gradient[remat-False-response_mean-nanbeige]
0.01s setup    tests/plugins/test_rltt_training.py::test_packed_reference_and_logical_microbatch_gradient[serial-True-response_mean-ouro]
0.01s call     tests/plugins/test_differentiable_prefix.py::test_strict_fp64_attention_and_all_boundary_adjoints[3-5]
0.01s teardown tests/rollout_backends/test_native_eval_arguments.py::test_eval_sampling_is_separate_from_training_validation[1.0]
0.01s setup    tests/integration/test_native_prefix_train_step.py::test_actual_mcore_prefix_train_step[response_mean]
0.01s setup    tests/plugins/test_looped_logical_step.py::test_two_adam_updates_match_dense_and_mcore_scaling[dtype1-1.0-groups0-1-response_mean]
0.01s call     tests/plugins/test_differentiable_prefix.py::test_packed_attention_never_crosses_suffixes_and_sums_prefix_adjoints
0.01s setup    tests/plugins/test_looped_logical_step.py::test_two_adam_updates_match_dense_and_mcore_scaling[dtype1-8.0-groups0-1-token_mean]
0.01s setup    tests/plugins/test_looped_logical_step.py::test_two_adam_updates_match_dense_and_mcore_scaling[dtype1-8.0-groups2-3-response_mean]
0.01s setup    tests/plugins/test_rltt_training.py::test_packed_reference_and_logical_microbatch_gradient[serial-True-token_mean-nanbeige]
0.01s call     tests/plugins/test_differentiable_prefix.py::test_strict_fp64_attention_and_all_boundary_adjoints[7-2]
0.01s call     tests/plugins/test_looped_logical_step.py::test_plan_preserves_logical_weights_and_original_identities[groups0-1-response_mean]
0.01s setup    tests/rollout_backends/test_native_colocation.py::test_colocation_rejects_unimplemented_residency_contracts[overrides0-rollout resident]
0.01s setup    tests/plugins/test_looped_logical_step.py::test_two_adam_updates_match_dense_and_mcore_scaling[dtype1-1.0-groups1-2-response_mean]

(415 durations < 0.005s hidden.  Use -vv to show these durations.)
===== 195 passed, 2 skipped, 12 xfailed, 176 warnings in 85.51s (0:01:25) ======
