torch=2.13.0 /Users/0z5a/Documents/infra/looped-grpo-integration-20261003/.venv/lib/python3.12/site-packages/torch/__init__.py
setuptools=84.0.0 /Users/0z5a/Documents/infra/looped-grpo-integration-20261003/.venv/lib/python3.12/site-packages/setuptools/__init__.py
============================= test session starts ==============================
platform darwin -- Python 3.12.14, pytest-9.1.1, pluggy-1.6.0
rootdir: /Users/0z5a/Documents/infra/flashrlt-20261005/vime
configfile: pyproject.toml
plugins: platformdirs-4.12.2, anyio-4.15.1
collected 155 items

tests/test_native_checkpoint_audit.py ...................                [ 12%]
tests/test_native_learning_signal_audit.py ........                      [ 17%]
tests/test_native_qualification_recipe.py .......                        [ 21%]
tests/test_looped_grpo_recipe.py ....................................... [ 47%]
........................................................................ [ 93%]
..........                                                               [100%]

=============================== warnings summary ===============================
tests/test_native_checkpoint_audit.py: 16 warnings
  /Users/0z5a/Documents/infra/looped-grpo-integration-20261003/.venv/lib/python3.12/site-packages/torch/distributed/checkpoint/utils.py:485: UserWarning: torch.distributed is disabled, unavailable or uninitialized, assuming the intent is to save in a single process.
    return func(*args, **kwargs)

tests/test_native_checkpoint_audit.py::test_rejects_corrupted_state_even_with_reusable_fingerprints[model]
  /Users/0z5a/Documents/infra/looped-grpo-integration-20261003/.venv/lib/python3.12/site-packages/torch/distributed/checkpoint/state_dict_saver.py:472: UserWarning: Detected an existing checkpoint in /private/var/folders/12/3pb2615n5wddcr6spjcz8_pw0000gn/T/pytest-of-0z5a/pytest-297/test_rejects_corrupted_state_e0/right/iter_0000002, overwriting since self.overwrite=True. Past version 2.5 of PyTorch, `overwrite` will default to False. Set this variable to True to maintain this functionality or False to raise when an existing checkpoint is found.
    local_plan = storage_writer.prepare_local_plan(local_plan)

tests/test_native_checkpoint_audit.py::test_rejects_corrupted_state_even_with_reusable_fingerprints[moment]
  /Users/0z5a/Documents/infra/looped-grpo-integration-20261003/.venv/lib/python3.12/site-packages/torch/distributed/checkpoint/state_dict_saver.py:472: UserWarning: Detected an existing checkpoint in /private/var/folders/12/3pb2615n5wddcr6spjcz8_pw0000gn/T/pytest-of-0z5a/pytest-297/test_rejects_corrupted_state_e1/right/iter_0000002, overwriting since self.overwrite=True. Past version 2.5 of PyTorch, `overwrite` will default to False. Set this variable to True to maintain this functionality or False to raise when an existing checkpoint is found.
    local_plan = storage_writer.prepare_local_plan(local_plan)

tests/test_native_checkpoint_audit.py::test_rejects_corrupted_state_even_with_reusable_fingerprints[rng]
  /Users/0z5a/Documents/infra/looped-grpo-integration-20261003/.venv/lib/python3.12/site-packages/torch/distributed/checkpoint/state_dict_saver.py:472: UserWarning: Detected an existing checkpoint in /private/var/folders/12/3pb2615n5wddcr6spjcz8_pw0000gn/T/pytest-of-0z5a/pytest-297/test_rejects_corrupted_state_e2/right/iter_0000002, overwriting since self.overwrite=True. Past version 2.5 of PyTorch, `overwrite` will default to False. Set this variable to True to maintain this functionality or False to raise when an existing checkpoint is found.
    local_plan = storage_writer.prepare_local_plan(local_plan)

-- Docs: https://docs.pytest.org/en/stable/how-to/capture-warnings.html
- generated xml file: /Users/0z5a/Documents/infra/flashrlt-20261005/evidence/native-checkpoint-final-v3.xml -
============================== slowest durations ===============================
0.28s call     tests/test_native_checkpoint_audit.py::test_actual_adamw_distinguishes_new_signal_from_decay_and_old_momentum[0.001-learning-expected0]
0.13s call     tests/test_native_checkpoint_audit.py::test_combined_cli_reads_actual_state_and_both_raw_signal_runs[None]
0.07s call     tests/test_native_checkpoint_audit.py::test_combined_cli_reads_actual_state_and_both_raw_signal_runs[counters]
0.06s call     tests/test_native_checkpoint_audit.py::test_combined_cli_reads_actual_state_and_both_raw_signal_runs[optimizer_mode]
0.05s call     tests/test_native_learning_signal_audit.py::test_signal_gate_never_claims_optimizer_resume_or_convergence[grpo]
0.05s call     tests/test_native_learning_signal_audit.py::test_nonzero_gradient_and_new_versions_alone_do_not_pass
0.05s call     tests/test_native_learning_signal_audit.py::test_signal_gate_never_claims_optimizer_resume_or_convergence[rltt]
0.03s call     tests/test_native_learning_signal_audit.py::test_rejects_mismatched_evidence[gradient]
0.02s call     tests/test_native_learning_signal_audit.py::test_rejects_mismatched_evidence[reference]
0.02s call     tests/test_native_checkpoint_audit.py::test_rejects_corrupted_state_even_with_reusable_fingerprints[rng]
0.02s call     tests/test_native_learning_signal_audit.py::test_rejects_mismatched_evidence[index]
0.02s call     tests/test_native_learning_signal_audit.py::test_rejects_mismatched_evidence[reward]
0.02s call     tests/test_native_checkpoint_audit.py::test_rejects_corrupted_state_even_with_reusable_fingerprints[model]
0.02s call     tests/test_native_learning_signal_audit.py::test_rejects_mismatched_evidence[prefix]
0.02s call     tests/test_native_checkpoint_audit.py::test_rejects_corrupted_state_even_with_reusable_fingerprints[moment]
0.02s call     tests/test_native_checkpoint_audit.py::test_rejects_corrupted_state_even_with_reusable_fingerprints[scheduler]
0.02s call     tests/test_native_checkpoint_audit.py::test_rejects_corrupted_state_even_with_reusable_fingerprints[iteration]
0.02s call     tests/test_native_checkpoint_audit.py::test_rejects_corrupted_state_even_with_reusable_fingerprints[optimizer_step]
0.01s call     tests/test_native_checkpoint_audit.py::test_actual_adamw_distinguishes_new_signal_from_decay_and_old_momentum[1e-06-learning-expected0]
0.01s call     tests/test_native_checkpoint_audit.py::test_actual_adamw_distinguishes_new_signal_from_decay_and_old_momentum[1e-06-momentum-expected2]
0.01s call     tests/test_native_checkpoint_audit.py::test_actual_adamw_distinguishes_new_signal_from_decay_and_old_momentum[0.001-decay-expected1]
0.01s call     tests/test_native_checkpoint_audit.py::test_actual_adamw_distinguishes_new_signal_from_decay_and_old_momentum[0.001-momentum-expected2]
0.01s call     tests/test_native_checkpoint_audit.py::test_actual_adamw_distinguishes_new_signal_from_decay_and_old_momentum[1e-06-decay-expected1]
0.01s call     tests/test_native_checkpoint_audit.py::test_missing_adam_and_rng_do_not_qualify

(441 durations < 0.005s hidden.  Use -vv to show these durations.)
======================= 155 passed, 19 warnings in 2.11s =======================
