torch=2.13.0 /Users/0z5a/Documents/infra/looped-grpo-integration-20261003/.venv/lib/python3.12/site-packages/torch/__init__.py
setuptools=84.0.0 /Users/0z5a/Documents/infra/looped-grpo-integration-20261003/.venv/lib/python3.12/site-packages/setuptools/__init__.py
============================= test session starts ==============================
platform darwin -- Python 3.12.14, pytest-9.1.1, pluggy-1.6.0
rootdir: /Users/0z5a/Documents/infra/flashrlt-20261005/vime
configfile: pyproject.toml
plugins: platformdirs-4.12.2, anyio-4.15.1
collected 60 items

tests/test_math_data_preparation.py ...........                          [ 18%]
tests/test_rm_math.py ................................                   [ 71%]
tests/rollout_backends/test_native_rlt_evaluation.py .................   [100%]

- generated xml file: /Users/0z5a/Documents/infra/flashrlt-20261005/evidence/math-data-release.xml -
============================== slowest durations ===============================
0.17s call     tests/rollout_backends/test_native_rlt_evaluation.py::test_complete_datasets_fixed_seeds_and_unchanged_training_state[ouro]
0.09s call     tests/rollout_backends/test_native_rlt_evaluation.py::test_complete_datasets_fixed_seeds_and_unchanged_training_state[huginn]
0.07s call     tests/rollout_backends/test_native_rlt_evaluation.py::test_complete_datasets_fixed_seeds_and_unchanged_training_state[nanbeige]
0.04s call     tests/test_rm_math.py::test_grade_answer_sympy_equivalent_expressions
0.04s setup    tests/rollout_backends/test_native_rlt_evaluation.py::test_complete_datasets_fixed_seeds_and_unchanged_training_state[ouro]
0.04s call     tests/rollout_backends/test_native_rlt_evaluation.py::test_policy_publication_between_batches_invalidates_evaluation
0.03s call     tests/rollout_backends/test_native_rlt_evaluation.py::test_sampling_and_chat_overrides_are_used
0.02s call     tests/rollout_backends/test_native_rlt_evaluation.py::test_reward_key_and_metadata_override
0.01s setup    tests/rollout_backends/test_native_rlt_evaluation.py::test_long_heldout_prompts_are_not_silently_dropped[context]
0.01s call     tests/rollout_backends/test_native_rlt_evaluation.py::test_reordered_or_missing_heldout_samples_are_rejected
0.01s setup    tests/rollout_backends/test_native_rlt_evaluation.py::test_long_heldout_prompts_are_not_silently_dropped[prompt]
0.01s call     tests/rollout_backends/test_native_rlt_evaluation.py::test_long_heldout_prompts_are_not_silently_dropped[prompt]
0.01s call     tests/rollout_backends/test_native_rlt_evaluation.py::test_unsupported_eval_settings_reject_before_generation[custom_generate_function_path-custom.generate]
0.01s setup    tests/rollout_backends/test_native_rlt_evaluation.py::test_unsupported_eval_settings_reject_before_generation[custom_generate_function_path-custom.generate]
0.01s setup    tests/rollout_backends/test_native_rlt_evaluation.py::test_unsupported_eval_settings_reject_before_generation[app_service-http://example.invalid]
0.01s setup    tests/rollout_backends/test_native_rlt_evaluation.py::test_complete_datasets_fixed_seeds_and_unchanged_training_state[nanbeige]
0.01s setup    tests/rollout_backends/test_native_rlt_evaluation.py::test_complete_datasets_fixed_seeds_and_unchanged_training_state[huginn]
0.01s setup    tests/rollout_backends/test_native_rlt_evaluation.py::test_policy_publication_between_batches_invalidates_evaluation
0.01s setup    tests/rollout_backends/test_native_rlt_evaluation.py::test_unsupported_eval_settings_reject_before_generation[repetition_penalty-1.2]
0.01s setup    tests/rollout_backends/test_native_rlt_evaluation.py::test_unsupported_eval_settings_reject_before_generation[min_new_tokens-1]
0.01s setup    tests/rollout_backends/test_native_rlt_evaluation.py::test_unsupported_eval_settings_reject_before_generation[no_stop_trim-False]
0.01s setup    tests/rollout_backends/test_native_rlt_evaluation.py::test_unsupported_eval_settings_reject_before_generation[stop-value0]
0.01s setup    tests/rollout_backends/test_native_rlt_evaluation.py::test_unsupported_eval_settings_reject_before_generation[eval_task_timeout-1]
0.01s setup    tests/rollout_backends/test_native_rlt_evaluation.py::test_sampling_and_chat_overrides_are_used
0.01s setup    tests/rollout_backends/test_native_rlt_evaluation.py::test_reordered_or_missing_heldout_samples_are_rejected

(155 durations < 0.005s hidden.  Use -vv to show these durations.)
============================== 60 passed in 7.77s ==============================
