torch=2.13.0 /Users/0z5a/Documents/infra/looped-grpo-integration-20261003/.venv/lib/python3.12/site-packages/torch/__init__.py
setuptools=84.0.0 /Users/0z5a/Documents/infra/looped-grpo-integration-20261003/.venv/lib/python3.12/site-packages/setuptools/__init__.py
{
  "counts": {
    "train": 7498,
    "development": 256,
    "math500": 500,
    "reserve": 4244
  },
  "excluded": [
    {
      "id": "algebra/train/959",
      "reason": "train_duplicate",
      "matches": "algebra/train/925"
    },
    {
      "id": "geometry/train/433",
      "reason": "test_overlap",
      "matches": "precalculus/test/202"
    }
  ],
  "repairs": [
    "algebra/train/1011",
    "algebra/train/888",
    "number_theory/train/661",
    "number_theory/train/663"
  ]
}
