torch=2.13.0 /Users/0z5a/Documents/infra/looped-grpo-integration-20261003/.venv/lib/python3.12/site-packages/torch/__init__.py
setuptools=84.0.0 /Users/0z5a/Documents/infra/looped-grpo-integration-20261003/.venv/lib/python3.12/site-packages/setuptools/__init__.py
============================= test session starts ==============================
platform darwin -- Python 3.12.14, pytest-9.1.1, pluggy-1.6.0
rootdir: /Users/0z5a/Documents/infra/flashrlt-20261005/vime
configfile: pyproject.toml
plugins: platformdirs-4.12.2, anyio-4.15.1
collected 12 items

tests/plugins/test_prefix_actor_binding.py FFFFFFFFFFFF                  [100%]

=================================== FAILURES ===================================
__ test_prefix_rejects_role_or_weight_changes_before_replay[other_actor-ouro] __
tests/plugins/test_prefix_actor_binding.py:34: in test_prefix_rejects_role_or_weight_changes_before_replay
    with pytest.raises(RuntimeError, match="actor binding"):
         ^^^^^^^^^^^^^^^^^^^^^^^^^^^^^^^^^^^^^^^^^^^^^^^^^^
E   Failed: DID NOT RAISE RuntimeError
_ test_prefix_rejects_role_or_weight_changes_before_replay[other_actor-nanbeige] _
tests/plugins/test_prefix_actor_binding.py:34: in test_prefix_rejects_role_or_weight_changes_before_replay
    with pytest.raises(RuntimeError, match="actor binding"):
         ^^^^^^^^^^^^^^^^^^^^^^^^^^^^^^^^^^^^^^^^^^^^^^^^^^
E   Failed: DID NOT RAISE RuntimeError
_ test_prefix_rejects_role_or_weight_changes_before_replay[other_actor-huginn] _
tests/plugins/test_prefix_actor_binding.py:34: in test_prefix_rejects_role_or_weight_changes_before_replay
    with pytest.raises(RuntimeError, match="actor binding"):
         ^^^^^^^^^^^^^^^^^^^^^^^^^^^^^^^^^^^^^^^^^^^^^^^^^^
E   Failed: DID NOT RAISE RuntimeError
____ test_prefix_rejects_role_or_weight_changes_before_replay[restore-ouro] ____
tests/plugins/test_prefix_actor_binding.py:34: in test_prefix_rejects_role_or_weight_changes_before_replay
    with pytest.raises(RuntimeError, match="actor binding"):
         ^^^^^^^^^^^^^^^^^^^^^^^^^^^^^^^^^^^^^^^^^^^^^^^^^^
E   Failed: DID NOT RAISE RuntimeError
__ test_prefix_rejects_role_or_weight_changes_before_replay[restore-nanbeige] __
tests/plugins/test_prefix_actor_binding.py:34: in test_prefix_rejects_role_or_weight_changes_before_replay
    with pytest.raises(RuntimeError, match="actor binding"):
         ^^^^^^^^^^^^^^^^^^^^^^^^^^^^^^^^^^^^^^^^^^^^^^^^^^
E   Failed: DID NOT RAISE RuntimeError
___ test_prefix_rejects_role_or_weight_changes_before_replay[restore-huginn] ___
tests/plugins/test_prefix_actor_binding.py:34: in test_prefix_rejects_role_or_weight_changes_before_replay
    with pytest.raises(RuntimeError, match="actor binding"):
         ^^^^^^^^^^^^^^^^^^^^^^^^^^^^^^^^^^^^^^^^^^^^^^^^^^
E   Failed: DID NOT RAISE RuntimeError
_ test_prefix_rejects_role_or_weight_changes_before_replay[restore_roundtrip-ouro] _
tests/plugins/test_prefix_actor_binding.py:34: in test_prefix_rejects_role_or_weight_changes_before_replay
    with pytest.raises(RuntimeError, match="actor binding"):
         ^^^^^^^^^^^^^^^^^^^^^^^^^^^^^^^^^^^^^^^^^^^^^^^^^^
E   Failed: DID NOT RAISE RuntimeError
_ test_prefix_rejects_role_or_weight_changes_before_replay[restore_roundtrip-nanbeige] _
tests/plugins/test_prefix_actor_binding.py:34: in test_prefix_rejects_role_or_weight_changes_before_replay
    with pytest.raises(RuntimeError, match="actor binding"):
         ^^^^^^^^^^^^^^^^^^^^^^^^^^^^^^^^^^^^^^^^^^^^^^^^^^
E   Failed: DID NOT RAISE RuntimeError
_ test_prefix_rejects_role_or_weight_changes_before_replay[restore_roundtrip-huginn] _
tests/plugins/test_prefix_actor_binding.py:34: in test_prefix_rejects_role_or_weight_changes_before_replay
    with pytest.raises(RuntimeError, match="actor binding"):
         ^^^^^^^^^^^^^^^^^^^^^^^^^^^^^^^^^^^^^^^^^^^^^^^^^^
E   Failed: DID NOT RAISE RuntimeError
_ test_prefix_rejects_role_or_weight_changes_before_replay[reference_head-ouro] _
tests/plugins/test_prefix_actor_binding.py:34: in test_prefix_rejects_role_or_weight_changes_before_replay
    with pytest.raises(RuntimeError, match="actor binding"):
         ^^^^^^^^^^^^^^^^^^^^^^^^^^^^^^^^^^^^^^^^^^^^^^^^^^
E   Failed: DID NOT RAISE RuntimeError
_ test_prefix_rejects_role_or_weight_changes_before_replay[reference_head-nanbeige] _
tests/plugins/test_prefix_actor_binding.py:34: in test_prefix_rejects_role_or_weight_changes_before_replay
    with pytest.raises(RuntimeError, match="actor binding"):
         ^^^^^^^^^^^^^^^^^^^^^^^^^^^^^^^^^^^^^^^^^^^^^^^^^^
E   Failed: DID NOT RAISE RuntimeError
_ test_prefix_rejects_role_or_weight_changes_before_replay[reference_head-huginn] _
tests/plugins/test_prefix_actor_binding.py:34: in test_prefix_rejects_role_or_weight_changes_before_replay
    with pytest.raises(RuntimeError, match="actor binding"):
         ^^^^^^^^^^^^^^^^^^^^^^^^^^^^^^^^^^^^^^^^^^^^^^^^^^
E   Failed: DID NOT RAISE RuntimeError
=============================== warnings summary ===============================
../../looped-grpo-integration-20261003/.venv/lib/python3.12/site-packages/torch/jit/_script.py:365: 14 warnings
  /Users/0z5a/Documents/infra/looped-grpo-integration-20261003/.venv/lib/python3.12/site-packages/torch/jit/_script.py:365: DeprecationWarning: `torch.jit.script_method` is deprecated. Please switch to `torch.compile` or `torch.export`.
    warnings.warn(

../../looped-grpo-integration-20261003/runtime/megatron/megatron/core/distributed/fsdp/src/megatron_fsdp/mixed_precision.py:113
  /Users/0z5a/Documents/infra/looped-grpo-integration-20261003/runtime/megatron/megatron/core/distributed/fsdp/src/megatron_fsdp/mixed_precision.py:113: UserWarning: Transformer Engine and Apex are not installed. Falling back to local implementations of multi_tensor_applier and multi_tensor_scale
    warnings.warn(

../../looped-grpo-integration-20261003/runtime/megatron/megatron/core/inference/contexts/__init__.py:9
  /Users/0z5a/Documents/infra/looped-grpo-integration-20261003/runtime/megatron/megatron/core/inference/contexts/__init__.py:9: DeprecationWarning: The following imports from `dynamic_context.py` will be removed in this file in `megatron-core` 0.14. The imports here result in a cyclic import issue that causes rotary embeddings to import from Apex rather than Transformer Engine.
    warnings.warn(

../../looped-grpo-integration-20261003/runtime/megatron/megatron/core/optimizer/__init__.py:24
  /Users/0z5a/Documents/infra/looped-grpo-integration-20261003/runtime/megatron/megatron/core/optimizer/__init__.py:24: UserWarning: Transformer Engine and Apex are not installed. Falling back to Torch optimizers.
    warnings.warn(

../../looped-grpo-integration-20261003/runtime/megatron/megatron/core/optimizer/optimizer.py:28
  /Users/0z5a/Documents/infra/looped-grpo-integration-20261003/runtime/megatron/megatron/core/optimizer/optimizer.py:28: UserWarning: Transformer Engine and Apex are not installed. Falling back to local implementations of multi_tensor_applier and multi_tensor_scale
    warnings.warn(

../../looped-grpo-integration-20261003/runtime/megatron/megatron/core/optimizer/clip_grads.py:29
  /Users/0z5a/Documents/infra/looped-grpo-integration-20261003/runtime/megatron/megatron/core/optimizer/clip_grads.py:29: UserWarning: Transformer Engine and Apex are not installed. Falling back to local implementations of multi_tensor_applier, multi_tensor_l2norm, and multi_tensor_scale
    warnings.warn(

tests/plugins/test_prefix_actor_binding.py: 12 warnings
  /Users/0z5a/Documents/infra/looped-grpo-integration-20261003/runtime/megatron/megatron/core/transformer/transformer_config.py:1734: UserWarning: full scope is deprecated. Use empty cuda_graph_scope to capture the whole layer.
    warnings.warn(

-- Docs: https://docs.pytest.org/en/stable/how-to/capture-warnings.html
- generated xml file: /Users/0z5a/Documents/infra/flashrlt-20261005/evidence/prefix-binding-before-retry.xml -
============================== slowest durations ===============================
0.58s call     tests/plugins/test_prefix_actor_binding.py::test_prefix_rejects_role_or_weight_changes_before_replay[other_actor-ouro]
0.36s call     tests/plugins/test_prefix_actor_binding.py::test_prefix_rejects_role_or_weight_changes_before_replay[other_actor-huginn]
0.25s call     tests/plugins/test_prefix_actor_binding.py::test_prefix_rejects_role_or_weight_changes_before_replay[reference_head-ouro]
0.16s call     tests/plugins/test_prefix_actor_binding.py::test_prefix_rejects_role_or_weight_changes_before_replay[reference_head-huginn]
0.16s call     tests/plugins/test_prefix_actor_binding.py::test_prefix_rejects_role_or_weight_changes_before_replay[restore_roundtrip-nanbeige]
0.15s call     tests/plugins/test_prefix_actor_binding.py::test_prefix_rejects_role_or_weight_changes_before_replay[restore-huginn]
0.09s call     tests/plugins/test_prefix_actor_binding.py::test_prefix_rejects_role_or_weight_changes_before_replay[other_actor-nanbeige]
0.07s call     tests/plugins/test_prefix_actor_binding.py::test_prefix_rejects_role_or_weight_changes_before_replay[restore-ouro]
0.06s call     tests/plugins/test_prefix_actor_binding.py::test_prefix_rejects_role_or_weight_changes_before_replay[restore_roundtrip-huginn]
0.05s call     tests/plugins/test_prefix_actor_binding.py::test_prefix_rejects_role_or_weight_changes_before_replay[reference_head-nanbeige]
0.05s call     tests/plugins/test_prefix_actor_binding.py::test_prefix_rejects_role_or_weight_changes_before_replay[restore_roundtrip-ouro]
0.04s call     tests/plugins/test_prefix_actor_binding.py::test_prefix_rejects_role_or_weight_changes_before_replay[restore-nanbeige]
0.01s setup    tests/plugins/test_prefix_actor_binding.py::test_prefix_rejects_role_or_weight_changes_before_replay[restore_roundtrip-ouro]
0.01s teardown tests/plugins/test_prefix_actor_binding.py::test_prefix_rejects_role_or_weight_changes_before_replay[restore_roundtrip-huginn]

(22 durations < 0.005s hidden.  Use -vv to show these durations.)
=========================== short test summary info ============================
FAILED tests/plugins/test_prefix_actor_binding.py::test_prefix_rejects_role_or_weight_changes_before_replay[other_actor-ouro]
FAILED tests/plugins/test_prefix_actor_binding.py::test_prefix_rejects_role_or_weight_changes_before_replay[other_actor-nanbeige]
FAILED tests/plugins/test_prefix_actor_binding.py::test_prefix_rejects_role_or_weight_changes_before_replay[other_actor-huginn]
FAILED tests/plugins/test_prefix_actor_binding.py::test_prefix_rejects_role_or_weight_changes_before_replay[restore-ouro]
FAILED tests/plugins/test_prefix_actor_binding.py::test_prefix_rejects_role_or_weight_changes_before_replay[restore-nanbeige]
FAILED tests/plugins/test_prefix_actor_binding.py::test_prefix_rejects_role_or_weight_changes_before_replay[restore-huginn]
FAILED tests/plugins/test_prefix_actor_binding.py::test_prefix_rejects_role_or_weight_changes_before_replay[restore_roundtrip-ouro]
FAILED tests/plugins/test_prefix_actor_binding.py::test_prefix_rejects_role_or_weight_changes_before_replay[restore_roundtrip-nanbeige]
FAILED tests/plugins/test_prefix_actor_binding.py::test_prefix_rejects_role_or_weight_changes_before_replay[restore_roundtrip-huginn]
FAILED tests/plugins/test_prefix_actor_binding.py::test_prefix_rejects_role_or_weight_changes_before_replay[reference_head-ouro]
FAILED tests/plugins/test_prefix_actor_binding.py::test_prefix_rejects_role_or_weight_changes_before_replay[reference_head-nanbeige]
FAILED tests/plugins/test_prefix_actor_binding.py::test_prefix_rejects_role_or_weight_changes_before_replay[reference_head-huginn]
======================= 12 failed, 31 warnings in 40.04s =======================
